time="2026-03-03T11:12:46+01:00" level=warning msg="D:\\Projekte\\Birds\\docker-compose.yml: the attribute `version` is obsolete, it will be ignored, please remove it to avoid potential confusion"
 Image birds-api Building 
#1 [internal] load local bake definitions
#1 reading from stdin 493B 0.2s done
#1 DONE 0.2s

#2 [internal] load build definition from Dockerfile
#2 transferring dockerfile: 822B 0.0s done
#2 DONE 0.1s

#3 [internal] load metadata for docker.io/library/python:3.11-slim
#3 DONE 0.1s

#4 [1/7] FROM docker.io/library/python:3.11-slim@sha256:158caf0e080e2cd74ef2879ed3c4e697792ee65251c8208b7afb56683c32ea6c
#4 resolve docker.io/library/python:3.11-slim@sha256:158caf0e080e2cd74ef2879ed3c4e697792ee65251c8208b7afb56683c32ea6c 0.1s done
#4 CACHED

#5 [internal] load .dockerignore
#5 transferring context: 2B 0.0s done
#5 DONE 0.0s

#6 [2/7] RUN apt-get update && apt-get install -y --no-install-recommends     build-essential     libsndfile1     libsndfile1-dev     ffmpeg     curl     && rm -rf /var/lib/apt/lists/*
#6 2.070 Get:1 http://deb.debian.org/debian trixie InRelease [140 kB]
#6 2.070 Get:2 http://deb.debian.org/debian trixie-updates InRelease [47.3 kB]
#6 2.070 Get:3 http://deb.debian.org/debian-security trixie-security InRelease [43.4 kB]
#6 2.070 Get:4 http://deb.debian.org/debian trixie/main amd64 Packages [9670 kB]
#6 4.398 Get:5 http://deb.debian.org/debian trixie-updates/main amd64 Packages [5412 B]
#6 4.409 Get:6 http://deb.debian.org/debian-security trixie-security/main amd64 Packages [113 kB]
#6 6.613 Fetched 10.0 MB in 5s (2002 kB/s)
#6 6.613 Reading package lists...
#6 10.06 Reading package lists...
#6 13.89 Building dependency tree...
#6 15.34 Reading state information...
#6 18.03 The following additional packages will be installed:
#6 18.03   binutils binutils-common binutils-x86-64-linux-gnu bzip2 cpp cpp-14
#6 18.03   cpp-14-x86-64-linux-gnu cpp-x86-64-linux-gnu dpkg-dev fontconfig
#6 18.03   fontconfig-config fonts-dejavu-core fonts-dejavu-mono g++ g++-14
#6 18.03   g++-14-x86-64-linux-gnu g++-x86-64-linux-gnu gcc gcc-14
#6 18.03   gcc-14-x86-64-linux-gnu gcc-x86-64-linux-gnu libaom3 libasan8
#6 18.03   libasound2-data libasound2t64 libass9 libasyncns0 libatomic1 libavc1394-0
#6 18.03   libavcodec61 libavdevice61 libavfilter10 libavformat61 libavutil59
#6 18.03   libbinutils libblas3 libbluray2 libbrotli1 libbs2b0 libc-bin libc-dev-bin
#6 18.03   libc6 libc6-dev libcaca0 libcairo-gobject2 libcairo2 libcc1-0
#6 18.03   libcdio-cdda2t64 libcdio-paranoia2t64 libcdio19t64 libchromaprint1 libcjson1
#6 18.03   libcodec2-1.2 libcom-err2 libcrypt-dev libctf-nobfd0 libctf0 libcurl4t64
#6 18.03   libdatrie1 libdav1d7 libdbus-1-3 libdc1394-25 libdecor-0-0 libdeflate0
#6 18.03   libdpkg-perl libdrm-amdgpu1 libdrm-common libdrm-intel1 libdrm2 libdvdnav4
#6 18.03   libdvdread8t64 libedit2 libelf1t64 libexpat1 libfftw3-double3 libflac-dev
#6 18.03   libflac14 libflite1 libfontconfig1 libfreetype6 libfribidi0 libgbm1
#6 18.03   libgcc-14-dev libgdbm-compat4t64 libgdk-pixbuf-2.0-0 libgdk-pixbuf2.0-common
#6 18.03   libgfortran5 libgl1 libgl1-mesa-dri libglib2.0-0t64 libglvnd0 libglx-mesa0
#6 18.03   libglx0 libgme0 libgnutls30t64 libgomp1 libgprofng0 libgraphite2-3 libgsm1
#6 18.03   libgssapi-krb5-2 libharfbuzz0b libhwasan0 libhwy1t64 libidn2-0 libiec61883-0
#6 18.03   libisl23 libitm1 libjack-jackd2-0 libjansson4 libjbig0 libjpeg62-turbo
#6 18.03   libjxl0.11 libk5crypto3 libkeyutils1 libkrb5-3 libkrb5support0 liblapack3
#6 18.03   liblcms2-2 libldap2 liblerc4 liblilv-0-0 libllvm19 liblsan0 libmbedcrypto16
#6 18.03   libmp3lame0 libmpc3 libmpfr6 libmpg123-0t64 libmpg123-dev libmysofa1
#6 18.03   libnghttp2-14 libnghttp3-9 libnorm1t64 libnuma1 libogg-dev libogg0
#6 18.03   libopenal-data libopenal1 libopenjp2-7 libopenmpt0t64 libopus-dev libopus0
#6 18.03   libout123-0t64 libp11-kit0 libpango-1.0-0 libpangocairo-1.0-0
#6 18.03   libpangoft2-1.0-0 libpciaccess0 libperl5.40 libpgm-5.3-0t64 libpixman-1-0
#6 18.03   libplacebo349 libpng16-16t64 libpocketsphinx3 libpostproc58 libpsl5t64
#6 18.03   libpulse0 libquadmath0 librabbitmq4 librav1e0.7 libraw1394-11 librist4
#6 18.03   librsvg2-2 librtmp1 librubberband2 libsamplerate0 libsasl2-2
#6 18.03   libsasl2-modules-db libsdl2-2.0-0 libsensors-config libsensors5 libserd-0-0
#6 18.03   libsframe1 libsharpyuv0 libshine3 libslang2 libsnappy1v5 libsodium23
#6 18.03   libsord-0-0 libsoxr0 libspeex1 libsphinxbase3t64 libsratom-0-0
#6 18.03   libsrt1.5-gnutls libssh-4 libssh2-1t64 libstdc++-14-dev libsvtav1enc2
#6 18.03   libswresample5 libswscale8 libsyn123-0t64 libtasn1-6 libthai-data libthai0
#6 18.03   libtheoradec1 libtheoraenc1 libtiff6 libtsan2 libtwolame0 libubsan1
#6 18.03   libudfread0 libunibreak6 libunistring5 libusb-1.0-0 libva-drm2 libva-x11-2
#6 18.03   libva2 libvdpau1 libvidstab1.1 libvorbis-dev libvorbis0a libvorbisenc2
#6 18.03   libvorbisfile3 libvpl2 libvpx9 libvulkan1 libwayland-client0
#6 18.03   libwayland-cursor0 libwayland-egl1 libwayland-server0 libwebp7 libwebpmux3
#6 18.03   libx11-6 libx11-data libx11-xcb1 libx264-164 libx265-215 libxau6
#6 18.03   libxcb-dri3-0 libxcb-glx0 libxcb-present0 libxcb-randr0 libxcb-render0
#6 18.03   libxcb-shape0 libxcb-shm0 libxcb-sync1 libxcb-xfixes0 libxcb1 libxcursor1
#6 18.03   libxdmcp6 libxext6 libxfixes3 libxi6 libxkbcommon0 libxml2 libxrandr2
#6 18.03   libxrender1 libxshmfence1 libxss1 libxv1 libxvidcore4 libxxf86vm1 libz3-4
#6 18.03   libzimg2 libzix-0-0 libzmq5 libzvbi-common libzvbi0t64 linux-libc-dev make
#6 18.04   mesa-libgallium ocl-icd-libopencl1 patch perl perl-modules-5.40 rpcsvc-proto
#6 18.04   shared-mime-info x11-common xkb-data xz-utils
#6 18.05 Suggested packages:
#6 18.05   binutils-doc gprofng-gui binutils-gold bzip2-doc cpp-doc gcc-14-locales
#6 18.05   cpp-14-doc debian-keyring debian-tag2upload-keyring ffmpeg-doc g++-multilib
#6 18.05   g++-14-multilib gcc-14-doc gcc-multilib manpages-dev autoconf automake
#6 18.05   libtool flex bison gdb gcc-doc gcc-14-multilib gdb-x86-64-linux-gnu
#6 18.05   alsa-utils libasound2-plugins libcuda1 libnvcuvid1 libnvidia-encode1
#6 18.05   libbluray-bdj libc-devtools glibc-doc sq | sqop | rsop | gosop
#6 18.05   | pgpainless-cli | gpg-sq | gnupg sensible-utils git bzr libdvdcss2
#6 18.05   libfftw3-bin libfftw3-dev low-memory-monitor gnutls-bin krb5-doc krb5-user
#6 18.05   jackd2 liblcms2-utils libportaudio2 libsndio7.0 opus-tools pciutils
#6 18.05   pulseaudio libraw1394-doc librsvg2-bin xdg-utils lm-sensors serdi sordi
#6 18.05   speex libstdc++-14-doc make-doc opencl-icd ed diffutils-doc perl-doc
#6 18.05   libterm-readline-gnu-perl | libterm-readline-perl-perl
#6 18.05   libtap-harness-archive-perl
#6 18.05 Recommended packages:
#6 18.05   bash-completion fakeroot sq | sqop | rsop | gosop | pgpainless-cli | gpg-sq
#6 18.05   | gnupg libalgorithm-merge-perl alsa-ucm-conf alsa-topology-conf libaacs0
#6 18.05   manpages manpages-dev dbus default-libdecor-0-plugin-1 | libdecor-0-plugin-1
#6 18.05   libfile-fcntllock-perl liblocale-gettext-perl libgdk-pixbuf2.0-bin
#6 18.05   libglib2.0-data xdg-user-dirs krb5-locales libldap-common pocketsphinx-en-us
#6 18.05   publicsuffix librsvg2-common libsasl2-modules pkgconf va-driver-all
#6 18.05   | va-driver vdpau-driver-all | vdpau-driver mesa-vulkan-drivers | vulkan-icd
#6 22.42 The following NEW packages will be installed:
#6 22.42   binutils binutils-common binutils-x86-64-linux-gnu build-essential bzip2 cpp
#6 22.42   cpp-14 cpp-14-x86-64-linux-gnu cpp-x86-64-linux-gnu curl dpkg-dev ffmpeg
#6 22.42   fontconfig fontconfig-config fonts-dejavu-core fonts-dejavu-mono g++ g++-14
#6 22.42   g++-14-x86-64-linux-gnu g++-x86-64-linux-gnu gcc gcc-14
#6 22.42   gcc-14-x86-64-linux-gnu gcc-x86-64-linux-gnu libaom3 libasan8
#6 22.42   libasound2-data libasound2t64 libass9 libasyncns0 libatomic1 libavc1394-0
#6 22.42   libavcodec61 libavdevice61 libavfilter10 libavformat61 libavutil59
#6 22.42   libbinutils libblas3 libbluray2 libbrotli1 libbs2b0 libc-dev-bin libc6-dev
#6 22.42   libcaca0 libcairo-gobject2 libcairo2 libcc1-0 libcdio-cdda2t64
#6 22.42   libcdio-paranoia2t64 libcdio19t64 libchromaprint1 libcjson1 libcodec2-1.2
#6 22.42   libcom-err2 libcrypt-dev libctf-nobfd0 libctf0 libcurl4t64 libdatrie1
#6 22.42   libdav1d7 libdbus-1-3 libdc1394-25 libdecor-0-0 libdeflate0 libdpkg-perl
#6 22.42   libdrm-amdgpu1 libdrm-common libdrm-intel1 libdrm2 libdvdnav4 libdvdread8t64
#6 22.42   libedit2 libelf1t64 libexpat1 libfftw3-double3 libflac-dev libflac14
#6 22.42   libflite1 libfontconfig1 libfreetype6 libfribidi0 libgbm1 libgcc-14-dev
#6 22.42   libgdbm-compat4t64 libgdk-pixbuf-2.0-0 libgdk-pixbuf2.0-common libgfortran5
#6 22.42   libgl1 libgl1-mesa-dri libglib2.0-0t64 libglvnd0 libglx-mesa0 libglx0
#6 22.42   libgme0 libgnutls30t64 libgomp1 libgprofng0 libgraphite2-3 libgsm1
#6 22.42   libgssapi-krb5-2 libharfbuzz0b libhwasan0 libhwy1t64 libidn2-0 libiec61883-0
#6 22.42   libisl23 libitm1 libjack-jackd2-0 libjansson4 libjbig0 libjpeg62-turbo
#6 22.42   libjxl0.11 libk5crypto3 libkeyutils1 libkrb5-3 libkrb5support0 liblapack3
#6 22.42   liblcms2-2 libldap2 liblerc4 liblilv-0-0 libllvm19 liblsan0 libmbedcrypto16
#6 22.42   libmp3lame0 libmpc3 libmpfr6 libmpg123-0t64 libmpg123-dev libmysofa1
#6 22.43   libnghttp2-14 libnghttp3-9 libnorm1t64 libnuma1 libogg-dev libogg0
#6 22.43   libopenal-data libopenal1 libopenjp2-7 libopenmpt0t64 libopus-dev libopus0
#6 22.43   libout123-0t64 libp11-kit0 libpango-1.0-0 libpangocairo-1.0-0
#6 22.43   libpangoft2-1.0-0 libpciaccess0 libperl5.40 libpgm-5.3-0t64 libpixman-1-0
#6 22.43   libplacebo349 libpng16-16t64 libpocketsphinx3 libpostproc58 libpsl5t64
#6 22.43   libpulse0 libquadmath0 librabbitmq4 librav1e0.7 libraw1394-11 librist4
#6 22.43   librsvg2-2 librtmp1 librubberband2 libsamplerate0 libsasl2-2
#6 22.43   libsasl2-modules-db libsdl2-2.0-0 libsensors-config libsensors5 libserd-0-0
#6 22.43   libsframe1 libsharpyuv0 libshine3 libslang2 libsnappy1v5 libsndfile1
#6 22.43   libsndfile1-dev libsodium23 libsord-0-0 libsoxr0 libspeex1 libsphinxbase3t64
#6 22.43   libsratom-0-0 libsrt1.5-gnutls libssh-4 libssh2-1t64 libstdc++-14-dev
#6 22.43   libsvtav1enc2 libswresample5 libswscale8 libsyn123-0t64 libtasn1-6
#6 22.43   libthai-data libthai0 libtheoradec1 libtheoraenc1 libtiff6 libtsan2
#6 22.43   libtwolame0 libubsan1 libudfread0 libunibreak6 libunistring5 libusb-1.0-0
#6 22.43   libva-drm2 libva-x11-2 libva2 libvdpau1 libvidstab1.1 libvorbis-dev
#6 22.43   libvorbis0a libvorbisenc2 libvorbisfile3 libvpl2 libvpx9 libvulkan1
#6 22.43   libwayland-client0 libwayland-cursor0 libwayland-egl1 libwayland-server0
#6 22.43   libwebp7 libwebpmux3 libx11-6 libx11-data libx11-xcb1 libx264-164
#6 22.43   libx265-215 libxau6 libxcb-dri3-0 libxcb-glx0 libxcb-present0 libxcb-randr0
#6 22.43   libxcb-render0 libxcb-shape0 libxcb-shm0 libxcb-sync1 libxcb-xfixes0 libxcb1
#6 22.43   libxcursor1 libxdmcp6 libxext6 libxfixes3 libxi6 libxkbcommon0 libxml2
#6 22.43   libxrandr2 libxrender1 libxshmfence1 libxss1 libxv1 libxvidcore4 libxxf86vm1
#6 22.43   libz3-4 libzimg2 libzix-0-0 libzmq5 libzvbi-common libzvbi0t64
#6 22.43   linux-libc-dev make mesa-libgallium ocl-icd-libopencl1 patch perl
#6 22.43   perl-modules-5.40 rpcsvc-proto shared-mime-info x11-common xkb-data xz-utils
#6 22.44 The following packages will be upgraded:
#6 22.45   libc-bin libc6
#6 22.79 2 upgraded, 273 newly installed, 0 to remove and 7 not upgraded.
#6 22.79 Need to get 224 MB of archives.
#6 22.79 After this operation, 815 MB of additional disk space will be used.
#6 22.79 Get:1 http://deb.debian.org/debian trixie/main amd64 libc6 amd64 2.41-12+deb13u1 [2851 kB]
#6 23.47 Get:2 http://deb.debian.org/debian trixie/main amd64 libc-bin amd64 2.41-12+deb13u1 [637 kB]
#6 23.68 Get:3 http://deb.debian.org/debian trixie/main amd64 libexpat1 amd64 2.7.1-2 [108 kB]
#6 23.70 Get:4 http://deb.debian.org/debian trixie/main amd64 bzip2 amd64 1.0.8-6 [40.5 kB]
#6 23.71 Get:5 http://deb.debian.org/debian trixie/main amd64 perl-modules-5.40 all 5.40.1-6 [3019 kB]
#6 24.47 Get:6 http://deb.debian.org/debian trixie/main amd64 libgdbm-compat4t64 amd64 1.24-2 [50.3 kB]
#6 24.47 Get:7 http://deb.debian.org/debian trixie/main amd64 libperl5.40 amd64 5.40.1-6 [4341 kB]
#6 25.38 Get:8 http://deb.debian.org/debian trixie/main amd64 perl amd64 5.40.1-6 [267 kB]
#6 25.43 Get:9 http://deb.debian.org/debian trixie/main amd64 xz-utils amd64 5.8.1-1 [660 kB]
#6 25.58 Get:10 http://deb.debian.org/debian trixie/main amd64 libsframe1 amd64 2.44-3 [78.4 kB]
#6 25.59 Get:11 http://deb.debian.org/debian trixie/main amd64 binutils-common amd64 2.44-3 [2509 kB]
#6 26.39 Get:12 http://deb.debian.org/debian trixie/main amd64 libbinutils amd64 2.44-3 [534 kB]
#6 26.46 Get:13 http://deb.debian.org/debian trixie/main amd64 libgprofng0 amd64 2.44-3 [808 kB]
#6 26.54 Get:14 http://deb.debian.org/debian trixie/main amd64 libctf-nobfd0 amd64 2.44-3 [156 kB]
#6 26.55 Get:15 http://deb.debian.org/debian trixie/main amd64 libctf0 amd64 2.44-3 [88.6 kB]
#6 26.56 Get:16 http://deb.debian.org/debian trixie/main amd64 libjansson4 amd64 2.14-2+b3 [39.8 kB]
#6 26.56 Get:17 http://deb.debian.org/debian trixie/main amd64 binutils-x86-64-linux-gnu amd64 2.44-3 [1014 kB]
#6 26.64 Get:18 http://deb.debian.org/debian trixie/main amd64 binutils amd64 2.44-3 [265 kB]
#6 26.70 Get:19 http://deb.debian.org/debian trixie/main amd64 libc-dev-bin amd64 2.41-12+deb13u1 [58.5 kB]
#6 26.72 Get:20 http://deb.debian.org/debian-security trixie-security/main amd64 linux-libc-dev all 6.12.73-1 [2745 kB]
#6 27.28 Get:21 http://deb.debian.org/debian trixie/main amd64 libcrypt-dev amd64 1:4.4.38-1 [119 kB]
#6 27.30 Get:22 http://deb.debian.org/debian trixie/main amd64 rpcsvc-proto amd64 1.4.3-1 [63.3 kB]
#6 27.31 Get:23 http://deb.debian.org/debian trixie/main amd64 libc6-dev amd64 2.41-12+deb13u1 [1994 kB]
#6 27.78 Get:24 http://deb.debian.org/debian trixie/main amd64 libisl23 amd64 0.27-1 [659 kB]
#6 27.91 Get:25 http://deb.debian.org/debian trixie/main amd64 libmpfr6 amd64 4.2.2-1 [729 kB]
#6 28.09 Get:26 http://deb.debian.org/debian trixie/main amd64 libmpc3 amd64 1.3.1-1+b3 [52.2 kB]
#6 28.10 Get:27 http://deb.debian.org/debian trixie/main amd64 cpp-14-x86-64-linux-gnu amd64 14.2.0-19 [11.0 MB]
#6 30.51 Get:28 http://deb.debian.org/debian trixie/main amd64 cpp-14 amd64 14.2.0-19 [1280 B]
#6 30.51 Get:29 http://deb.debian.org/debian trixie/main amd64 cpp-x86-64-linux-gnu amd64 4:14.2.0-1 [4840 B]
#6 30.52 Get:30 http://deb.debian.org/debian trixie/main amd64 cpp amd64 4:14.2.0-1 [1568 B]
#6 30.52 Get:31 http://deb.debian.org/debian trixie/main amd64 libcc1-0 amd64 14.2.0-19 [42.8 kB]
#6 30.52 Get:32 http://deb.debian.org/debian trixie/main amd64 libgomp1 amd64 14.2.0-19 [137 kB]
#6 30.53 Get:33 http://deb.debian.org/debian trixie/main amd64 libitm1 amd64 14.2.0-19 [26.0 kB]
#6 30.53 Get:34 http://deb.debian.org/debian trixie/main amd64 libatomic1 amd64 14.2.0-19 [9308 B]
#6 30.53 Get:35 http://deb.debian.org/debian trixie/main amd64 libasan8 amd64 14.2.0-19 [2725 kB]
#6 31.33 Get:36 http://deb.debian.org/debian trixie/main amd64 liblsan0 amd64 14.2.0-19 [1204 kB]
#6 31.63 Get:37 http://deb.debian.org/debian trixie/main amd64 libtsan2 amd64 14.2.0-19 [2460 kB]
#6 32.23 Get:38 http://deb.debian.org/debian trixie/main amd64 libubsan1 amd64 14.2.0-19 [1074 kB]
#6 32.46 Get:39 http://deb.debian.org/debian trixie/main amd64 libhwasan0 amd64 14.2.0-19 [1488 kB]
#6 32.80 Get:40 http://deb.debian.org/debian trixie/main amd64 libquadmath0 amd64 14.2.0-19 [145 kB]
#6 32.83 Get:41 http://deb.debian.org/debian trixie/main amd64 libgcc-14-dev amd64 14.2.0-19 [2672 kB]
#6 33.40 Get:42 http://deb.debian.org/debian trixie/main amd64 gcc-14-x86-64-linux-gnu amd64 14.2.0-19 [21.4 MB]
#6 38.24 Get:43 http://deb.debian.org/debian trixie/main amd64 gcc-14 amd64 14.2.0-19 [540 kB]
#6 38.33 Get:44 http://deb.debian.org/debian trixie/main amd64 gcc-x86-64-linux-gnu amd64 4:14.2.0-1 [1436 B]
#6 38.33 Get:45 http://deb.debian.org/debian trixie/main amd64 gcc amd64 4:14.2.0-1 [5136 B]
#6 38.33 Get:46 http://deb.debian.org/debian trixie/main amd64 libstdc++-14-dev amd64 14.2.0-19 [2376 kB]
#6 39.11 Get:47 http://deb.debian.org/debian trixie/main amd64 g++-14-x86-64-linux-gnu amd64 14.2.0-19 [12.1 MB]
#6 42.28 Get:48 http://deb.debian.org/debian trixie/main amd64 g++-14 amd64 14.2.0-19 [22.5 kB]
#6 42.28 Get:49 http://deb.debian.org/debian trixie/main amd64 g++-x86-64-linux-gnu amd64 4:14.2.0-1 [1200 B]
#6 42.28 Get:50 http://deb.debian.org/debian trixie/main amd64 g++ amd64 4:14.2.0-1 [1344 B]
#6 42.28 Get:51 http://deb.debian.org/debian trixie/main amd64 make amd64 4.4.1-2 [463 kB]
#6 42.35 Get:52 http://deb.debian.org/debian trixie/main amd64 libdpkg-perl all 1.22.21 [650 kB]
#6 42.44 Get:53 http://deb.debian.org/debian trixie/main amd64 patch amd64 2.8-2 [134 kB]
#6 42.47 Get:54 http://deb.debian.org/debian trixie/main amd64 dpkg-dev all 1.22.21 [1338 kB]
#6 42.73 Get:55 http://deb.debian.org/debian trixie/main amd64 build-essential amd64 12.12 [4624 B]
#6 42.73 Get:56 http://deb.debian.org/debian trixie/main amd64 libbrotli1 amd64 1.1.0-2+b7 [307 kB]
#6 42.83 Get:57 http://deb.debian.org/debian trixie/main amd64 libkrb5support0 amd64 1.21.3-5 [33.0 kB]
#6 42.83 Get:58 http://deb.debian.org/debian trixie/main amd64 libcom-err2 amd64 1.47.2-3+b7 [25.0 kB]
#6 42.84 Get:59 http://deb.debian.org/debian trixie/main amd64 libk5crypto3 amd64 1.21.3-5 [81.5 kB]
#6 42.89 Get:60 http://deb.debian.org/debian trixie/main amd64 libkeyutils1 amd64 1.6.3-6 [9456 B]
#6 42.90 Get:61 http://deb.debian.org/debian trixie/main amd64 libkrb5-3 amd64 1.21.3-5 [326 kB]
#6 42.99 Get:62 http://deb.debian.org/debian trixie/main amd64 libgssapi-krb5-2 amd64 1.21.3-5 [138 kB]
#6 43.04 Get:63 http://deb.debian.org/debian trixie/main amd64 libunistring5 amd64 1.3-2 [477 kB]
#6 43.15 Get:64 http://deb.debian.org/debian trixie/main amd64 libidn2-0 amd64 2.3.8-2 [109 kB]
#6 43.18 Get:65 http://deb.debian.org/debian trixie/main amd64 libsasl2-modules-db amd64 2.1.28+dfsg1-9 [19.8 kB]
#6 43.18 Get:66 http://deb.debian.org/debian trixie/main amd64 libsasl2-2 amd64 2.1.28+dfsg1-9 [57.5 kB]
#6 43.20 Get:67 http://deb.debian.org/debian trixie/main amd64 libldap2 amd64 2.6.10+dfsg-1 [194 kB]
#6 43.24 Get:68 http://deb.debian.org/debian trixie/main amd64 libnghttp2-14 amd64 1.64.0-1.1 [76.0 kB]
#6 43.26 Get:69 http://deb.debian.org/debian trixie/main amd64 libnghttp3-9 amd64 1.8.0-1 [67.7 kB]
#6 43.28 Get:70 http://deb.debian.org/debian trixie/main amd64 libpsl5t64 amd64 0.21.2-1.1+b1 [57.2 kB]
#6 43.30 Get:71 http://deb.debian.org/debian trixie/main amd64 libp11-kit0 amd64 0.25.5-3 [425 kB]
#6 43.42 Get:72 http://deb.debian.org/debian trixie/main amd64 libtasn1-6 amd64 4.20.0-2 [49.9 kB]
#6 43.43 Get:73 http://deb.debian.org/debian-security trixie-security/main amd64 libgnutls30t64 amd64 3.8.9-3+deb13u2 [1468 kB]
#6 43.81 Get:74 http://deb.debian.org/debian trixie/main amd64 librtmp1 amd64 2.4+20151223.gitfa8646d.1-2+b5 [58.8 kB]
#6 43.82 Get:75 http://deb.debian.org/debian trixie/main amd64 libssh2-1t64 amd64 1.11.1-1 [245 kB]
#6 43.89 Get:76 http://deb.debian.org/debian trixie/main amd64 libcurl4t64 amd64 8.14.1-2+deb13u2 [391 kB]
#6 44.02 Get:77 http://deb.debian.org/debian trixie/main amd64 curl amd64 8.14.1-2+deb13u2 [270 kB]
#6 44.07 Get:78 http://deb.debian.org/debian trixie/main amd64 libaom3 amd64 3.12.1-1 [1871 kB]
#6 44.59 Get:79 http://deb.debian.org/debian trixie/main amd64 libdrm-common all 2.4.124-2 [8288 B]
#6 44.59 Get:80 http://deb.debian.org/debian trixie/main amd64 libdrm2 amd64 2.4.124-2 [39.0 kB]
#6 44.59 Get:81 http://deb.debian.org/debian trixie/main amd64 libva2 amd64 2.22.0-3 [79.4 kB]
#6 44.62 Get:82 http://deb.debian.org/debian trixie/main amd64 libva-drm2 amd64 2.22.0-3 [18.3 kB]
#6 44.63 Get:83 http://deb.debian.org/debian trixie/main amd64 libxau6 amd64 1:1.0.11-1 [20.4 kB]
#6 44.64 Get:84 http://deb.debian.org/debian trixie/main amd64 libxdmcp6 amd64 1:1.1.5-1 [27.8 kB]
#6 44.65 Get:85 http://deb.debian.org/debian trixie/main amd64 libxcb1 amd64 1.17.0-2+b1 [144 kB]
#6 44.71 Get:86 http://deb.debian.org/debian trixie/main amd64 libx11-data all 2:1.8.12-1 [343 kB]
#6 44.80 Get:87 http://deb.debian.org/debian trixie/main amd64 libx11-6 amd64 2:1.8.12-1 [815 kB]
#6 45.10 Get:88 http://deb.debian.org/debian trixie/main amd64 libx11-xcb1 amd64 2:1.8.12-1 [247 kB]
#6 45.17 Get:89 http://deb.debian.org/debian trixie/main amd64 libxcb-dri3-0 amd64 1.17.0-2+b1 [107 kB]
#6 45.19 Get:90 http://deb.debian.org/debian trixie/main amd64 libxext6 amd64 2:1.3.4-1+b3 [50.4 kB]
#6 45.20 Get:91 http://deb.debian.org/debian trixie/main amd64 libxfixes3 amd64 1:6.0.0-2+b4 [20.2 kB]
#6 45.21 Get:92 http://deb.debian.org/debian trixie/main amd64 libva-x11-2 amd64 2.22.0-3 [23.1 kB]
#6 45.21 Get:93 http://deb.debian.org/debian trixie/main amd64 libvdpau1 amd64 1.5-3+b1 [27.2 kB]
#6 45.22 Get:94 http://deb.debian.org/debian trixie/main amd64 libvpl2 amd64 1:2.14.0-1+b1 [129 kB]
#6 45.26 Get:95 http://deb.debian.org/debian trixie/main amd64 ocl-icd-libopencl1 amd64 2.3.3-1 [42.9 kB]
#6 45.27 Get:96 http://deb.debian.org/debian trixie/main amd64 libavutil59 amd64 7:7.1.3-0+deb13u1 [417 kB]
#6 45.40 Get:97 http://deb.debian.org/debian-security trixie-security/main amd64 libpng16-16t64 amd64 1.6.48-1+deb13u3 [283 kB]
#6 45.45 Get:98 http://deb.debian.org/debian trixie/main amd64 libfreetype6 amd64 2.13.3+dfsg-1 [452 kB]
#6 45.51 Get:99 http://deb.debian.org/debian trixie/main amd64 fonts-dejavu-mono all 2.37-8 [489 kB]
#6 45.66 Get:100 http://deb.debian.org/debian trixie/main amd64 fonts-dejavu-core all 2.37-8 [840 kB]
#6 45.81 Get:101 http://deb.debian.org/debian trixie/main amd64 fontconfig-config amd64 2.15.0-2.3 [318 kB]
#6 45.87 Get:102 http://deb.debian.org/debian trixie/main amd64 libfontconfig1 amd64 2.15.0-2.3 [392 kB]
#6 45.97 Get:103 http://deb.debian.org/debian trixie/main amd64 libpixman-1-0 amd64 0.44.0-3 [248 kB]
#6 46.02 Get:104 http://deb.debian.org/debian trixie/main amd64 libxcb-render0 amd64 1.17.0-2+b1 [115 kB]
#6 46.03 Get:105 http://deb.debian.org/debian trixie/main amd64 libxcb-shm0 amd64 1.17.0-2+b1 [105 kB]
#6 46.07 Get:106 http://deb.debian.org/debian trixie/main amd64 libxrender1 amd64 1:0.9.12-1 [27.9 kB]
#6 46.07 Get:107 http://deb.debian.org/debian trixie/main amd64 libcairo2 amd64 1.18.4-1+b1 [538 kB]
#6 46.32 Get:108 http://deb.debian.org/debian trixie/main amd64 libcodec2-1.2 amd64 1.2.0-3 [8170 kB]
#6 47.97 Get:109 http://deb.debian.org/debian trixie/main amd64 libdav1d7 amd64 1.5.1-1 [559 kB]
#6 48.05 Get:110 http://deb.debian.org/debian trixie/main amd64 libglib2.0-0t64 amd64 2.84.4-3~deb13u2 [1518 kB]
#6 48.32 Get:111 http://deb.debian.org/debian trixie/main amd64 libgsm1 amd64 1.0.22-1+b2 [29.3 kB]
#6 48.33 Get:112 http://deb.debian.org/debian trixie/main amd64 libhwy1t64 amd64 1.2.0-2+b2 [676 kB]
#6 48.65 Get:113 http://deb.debian.org/debian trixie/main amd64 liblcms2-2 amd64 2.16-2 [160 kB]
#6 48.71 Get:114 http://deb.debian.org/debian trixie/main amd64 libjxl0.11 amd64 0.11.1-4 [1132 kB]
#6 48.92 Get:115 http://deb.debian.org/debian trixie/main amd64 libmp3lame0 amd64 3.100-6+b3 [363 kB]
#6 48.97 Get:116 http://deb.debian.org/debian trixie/main amd64 libopenjp2-7 amd64 2.5.3-2.1~deb13u1 [205 kB]
#6 49.02 Get:117 http://deb.debian.org/debian trixie/main amd64 libopus0 amd64 1.5.2-2 [2852 kB]
#6 49.48 Get:118 http://deb.debian.org/debian trixie/main amd64 librav1e0.7 amd64 0.7.1-9+b2 [946 kB]
#6 49.66 Get:119 http://deb.debian.org/debian trixie/main amd64 libcairo-gobject2 amd64 1.18.4-1+b1 [130 kB]
#6 49.71 Get:120 http://deb.debian.org/debian trixie/main amd64 libgdk-pixbuf2.0-common all 2.42.12+dfsg-4 [311 kB]
#6 49.78 Get:121 http://deb.debian.org/debian trixie/main amd64 libxml2 amd64 2.12.7+dfsg+really2.9.14-2.1+deb13u2 [698 kB]
#6 49.89 Get:122 http://deb.debian.org/debian trixie/main amd64 shared-mime-info amd64 2.4-5+b2 [760 kB]
#6 50.04 Get:123 http://deb.debian.org/debian trixie/main amd64 libjpeg62-turbo amd64 1:2.1.5-4 [168 kB]
#6 50.06 Get:124 http://deb.debian.org/debian trixie/main amd64 libdeflate0 amd64 1.23-2 [47.3 kB]
#6 50.06 Get:125 http://deb.debian.org/debian trixie/main amd64 libjbig0 amd64 2.1-6.1+b2 [32.1 kB]
#6 50.08 Get:126 http://deb.debian.org/debian trixie/main amd64 liblerc4 amd64 4.0.0+ds-5 [183 kB]
#6 50.13 Get:127 http://deb.debian.org/debian trixie/main amd64 libsharpyuv0 amd64 1.5.0-0.1 [116 kB]
#6 50.14 Get:128 http://deb.debian.org/debian trixie/main amd64 libwebp7 amd64 1.5.0-0.1 [318 kB]
#6 50.20 Get:129 http://deb.debian.org/debian trixie/main amd64 libtiff6 amd64 4.7.0-3+deb13u1 [346 kB]
#6 50.24 Get:130 http://deb.debian.org/debian trixie/main amd64 libgdk-pixbuf-2.0-0 amd64 2.42.12+dfsg-4 [141 kB]
#6 50.26 Get:131 http://deb.debian.org/debian trixie/main amd64 fontconfig amd64 2.15.0-2.3 [463 kB]
#6 50.31 Get:132 http://deb.debian.org/debian trixie/main amd64 libfribidi0 amd64 1.0.16-1 [26.5 kB]
#6 50.31 Get:133 http://deb.debian.org/debian trixie/main amd64 libgraphite2-3 amd64 1.3.14-2+b1 [75.4 kB]
#6 50.32 Get:134 http://deb.debian.org/debian trixie/main amd64 libharfbuzz0b amd64 10.2.0-1+b1 [479 kB]
#6 50.38 Get:135 http://deb.debian.org/debian trixie/main amd64 libthai-data all 0.1.29-2 [168 kB]
#6 50.40 Get:136 http://deb.debian.org/debian trixie/main amd64 libdatrie1 amd64 0.2.13-3+b1 [38.1 kB]
#6 50.42 Get:137 http://deb.debian.org/debian trixie/main amd64 libthai0 amd64 0.1.29-2+b1 [49.4 kB]
#6 50.42 Get:138 http://deb.debian.org/debian trixie/main amd64 libpango-1.0-0 amd64 1.56.3-1 [226 kB]
#6 50.46 Get:139 http://deb.debian.org/debian trixie/main amd64 libpangoft2-1.0-0 amd64 1.56.3-1 [55.6 kB]
#6 50.47 Get:140 http://deb.debian.org/debian trixie/main amd64 libpangocairo-1.0-0 amd64 1.56.3-1 [35.7 kB]
#6 50.48 Get:141 http://deb.debian.org/debian trixie/main amd64 librsvg2-2 amd64 2.60.0+dfsg-1 [1789 kB]
#6 50.96 Get:142 http://deb.debian.org/debian trixie/main amd64 libshine3 amd64 3.1.1-2+b2 [23.1 kB]
#6 50.97 Get:143 http://deb.debian.org/debian trixie/main amd64 libsnappy1v5 amd64 1.2.2-1 [29.3 kB]
#6 50.98 Get:144 http://deb.debian.org/debian trixie/main amd64 libspeex1 amd64 1.2.1-3 [56.8 kB]
#6 51.00 Get:145 http://deb.debian.org/debian trixie/main amd64 libsvtav1enc2 amd64 2.3.0+dfsg-1 [2489 kB]
#6 51.45 Get:146 http://deb.debian.org/debian trixie/main amd64 libsoxr0 amd64 0.1.3-4+b2 [81.0 kB]
#6 51.46 Get:147 http://deb.debian.org/debian trixie/main amd64 libswresample5 amd64 7:7.1.3-0+deb13u1 [101 kB]
#6 51.47 Get:148 http://deb.debian.org/debian trixie/main amd64 libtheoradec1 amd64 1.2.0~alpha1+dfsg-6 [58.4 kB]
#6 51.49 Get:149 http://deb.debian.org/debian trixie/main amd64 libogg0 amd64 1.3.5-3+b2 [23.8 kB]
#6 51.49 Get:150 http://deb.debian.org/debian trixie/main amd64 libtheoraenc1 amd64 1.2.0~alpha1+dfsg-6 [108 kB]
#6 51.53 Get:151 http://deb.debian.org/debian trixie/main amd64 libtwolame0 amd64 0.4.0-2+b2 [51.3 kB]
#6 51.53 Get:152 http://deb.debian.org/debian trixie/main amd64 libvorbis0a amd64 1.3.7-3 [90.0 kB]
#6 51.55 Get:153 http://deb.debian.org/debian trixie/main amd64 libvorbisenc2 amd64 1.3.7-3 [75.4 kB]
#6 51.56 Get:154 http://deb.debian.org/debian-security trixie-security/main amd64 libvpx9 amd64 1.15.0-2.1+deb13u1 [1115 kB]
#6 51.81 Get:155 http://deb.debian.org/debian trixie/main amd64 libwebpmux3 amd64 1.5.0-0.1 [126 kB]
#6 51.87 Get:156 http://deb.debian.org/debian trixie/main amd64 libx264-164 amd64 2:0.164.3108+git31e19f9-2+b1 [558 kB]
#6 52.03 Get:157 http://deb.debian.org/debian trixie/main amd64 libnuma1 amd64 2.0.19-1 [22.2 kB]
#6 52.03 Get:158 http://deb.debian.org/debian trixie/main amd64 libx265-215 amd64 4.1-2 [1237 kB]
#6 52.31 Get:159 http://deb.debian.org/debian trixie/main amd64 libxvidcore4 amd64 2:1.3.7-1+b2 [252 kB]
#6 52.40 Get:160 http://deb.debian.org/debian trixie/main amd64 libzvbi-common all 0.2.44-1 [71.4 kB]
#6 52.42 Get:161 http://deb.debian.org/debian trixie/main amd64 libzvbi0t64 amd64 0.2.44-1 [278 kB]
#6 52.48 Get:162 http://deb.debian.org/debian trixie/main amd64 libavcodec61 amd64 7:7.1.3-0+deb13u1 [5808 kB]
#6 53.71 Get:163 http://deb.debian.org/debian trixie/main amd64 libasound2-data all 1.2.14-1 [21.1 kB]
#6 53.71 Get:164 http://deb.debian.org/debian trixie/main amd64 libasound2t64 amd64 1.2.14-1 [381 kB]
#6 53.81 Get:165 http://deb.debian.org/debian trixie/main amd64 libraw1394-11 amd64 2.1.2-2+b2 [38.8 kB]
#6 53.82 Get:166 http://deb.debian.org/debian trixie/main amd64 libavc1394-0 amd64 0.5.4-5+b2 [18.2 kB]
#6 53.82 Get:167 http://deb.debian.org/debian trixie/main amd64 libunibreak6 amd64 6.1-3 [21.9 kB]
#6 53.83 Get:168 http://deb.debian.org/debian trixie/main amd64 libass9 amd64 1:0.17.3-1+b1 [114 kB]
#6 53.89 Get:169 http://deb.debian.org/debian trixie/main amd64 libudfread0 amd64 1.1.2-1+b2 [17.7 kB]
#6 53.90 Get:170 http://deb.debian.org/debian trixie/main amd64 libbluray2 amd64 1:1.3.4-1+b2 [138 kB]
#6 53.96 Get:171 http://deb.debian.org/debian trixie/main amd64 libchromaprint1 amd64 1.5.1-7 [42.9 kB]
#6 53.96 Get:172 http://deb.debian.org/debian trixie/main amd64 libdvdread8t64 amd64 6.1.3-2 [86.2 kB]
#6 54.00 Get:173 http://deb.debian.org/debian trixie/main amd64 libdvdnav4 amd64 6.1.1-3+b1 [44.5 kB]
#6 54.02 Get:174 http://deb.debian.org/debian trixie/main amd64 libgme0 amd64 0.6.3-7+b2 [131 kB]
#6 54.10 Get:175 http://deb.debian.org/debian trixie/main amd64 libmpg123-0t64 amd64 1.32.10-1 [149 kB]
#6 54.22 Get:176 http://deb.debian.org/debian trixie/main amd64 libvorbisfile3 amd64 1.3.7-3 [20.9 kB]
#6 54.22 Get:177 http://deb.debian.org/debian trixie/main amd64 libopenmpt0t64 amd64 0.7.13-1+b1 [855 kB]
#6 54.47 Get:178 http://deb.debian.org/debian trixie/main amd64 librabbitmq4 amd64 0.15.0-1 [41.8 kB]
#6 54.47 Get:179 http://deb.debian.org/debian trixie/main amd64 libcjson1 amd64 1.7.18-3.1+deb13u1 [29.8 kB]
#6 54.49 Get:180 http://deb.debian.org/debian trixie/main amd64 libmbedcrypto16 amd64 3.6.5-0.1~deb13u1 [361 kB]
#6 54.57 Get:181 http://deb.debian.org/debian trixie/main amd64 librist4 amd64 0.2.11+dfsg-1 [72.1 kB]
#6 54.60 Get:182 http://deb.debian.org/debian trixie/main amd64 libsrt1.5-gnutls amd64 1.5.4-1 [345 kB]
#6 54.67 Get:183 http://deb.debian.org/debian trixie/main amd64 libssh-4 amd64 0.11.2-1+deb13u1 [209 kB]
#6 54.70 Get:184 http://deb.debian.org/debian trixie/main amd64 libnorm1t64 amd64 1.5.9+dfsg-3.1+b2 [221 kB]
#6 54.77 Get:185 http://deb.debian.org/debian trixie/main amd64 libpgm-5.3-0t64 amd64 5.3.128~dfsg-2.1+b1 [162 kB]
#6 54.81 Get:186 http://deb.debian.org/debian-security trixie-security/main amd64 libsodium23 amd64 1.0.18-1+deb13u1 [165 kB]
#6 54.84 Get:187 http://deb.debian.org/debian trixie/main amd64 libzmq5 amd64 4.3.5-1+b3 [283 kB]
#6 54.95 Get:188 http://deb.debian.org/debian trixie/main amd64 libavformat61 amd64 7:7.1.3-0+deb13u1 [1193 kB]
#6 55.33 Get:189 http://deb.debian.org/debian trixie/main amd64 libbs2b0 amd64 3.1.0+dfsg-8+b1 [12.5 kB]
#6 55.34 Get:190 http://deb.debian.org/debian trixie/main amd64 libflite1 amd64 2.2-7 [12.8 MB]
#6 59.19 Get:191 http://deb.debian.org/debian trixie/main amd64 libserd-0-0 amd64 0.32.4-1 [47.0 kB]
#6 59.25 Get:192 http://deb.debian.org/debian trixie/main amd64 libzix-0-0 amd64 0.6.2-1 [23.1 kB]
#6 59.26 Get:193 http://deb.debian.org/debian trixie/main amd64 libsord-0-0 amd64 0.16.18-1 [18.0 kB]
#6 59.26 Get:194 http://deb.debian.org/debian trixie/main amd64 libsratom-0-0 amd64 0.6.18-1 [17.7 kB]
#6 59.28 Get:195 http://deb.debian.org/debian trixie/main amd64 liblilv-0-0 amd64 0.24.26-1 [43.5 kB]
#6 59.29 Get:196 http://deb.debian.org/debian trixie/main amd64 libmysofa1 amd64 1.3.3+dfsg-1 [1158 kB]
#6 59.67 Get:197 http://deb.debian.org/debian trixie/main amd64 libvulkan1 amd64 1.4.309.0-1 [130 kB]
#6 59.70 Get:198 http://deb.debian.org/debian trixie/main amd64 libplacebo349 amd64 7.349.0-3 [2542 kB]
#6 60.24 Get:199 http://deb.debian.org/debian trixie/main amd64 libblas3 amd64 3.12.1-6 [160 kB]
#6 60.27 Get:200 http://deb.debian.org/debian trixie/main amd64 libgfortran5 amd64 14.2.0-19 [836 kB]
#6 60.57 Get:201 http://deb.debian.org/debian trixie/main amd64 liblapack3 amd64 3.12.1-6 [2447 kB]
#6 61.48 Get:202 http://deb.debian.org/debian trixie/main amd64 libasyncns0 amd64 0.8-6+b5 [12.0 kB]
#6 61.48 Get:203 http://deb.debian.org/debian trixie/main amd64 libdbus-1-3 amd64 1.16.2-2 [178 kB]
#6 61.51 Get:204 http://deb.debian.org/debian trixie/main amd64 libflac14 amd64 1.5.0+ds-2 [210 kB]
#6 61.54 Get:205 http://deb.debian.org/debian trixie/main amd64 libsndfile1 amd64 1.2.2-2+b1 [199 kB]
#6 61.56 Get:206 http://deb.debian.org/debian trixie/main amd64 libpulse0 amd64 17.0+dfsg1-2+b1 [276 kB]
#6 61.61 Get:207 http://deb.debian.org/debian trixie/main amd64 libsphinxbase3t64 amd64 0.8+5prealpha+1-21+b1 [121 kB]
#6 61.66 Get:208 http://deb.debian.org/debian trixie/main amd64 libpocketsphinx3 amd64 0.8+5prealpha+1-15+b4 [126 kB]
#6 61.68 Get:209 http://deb.debian.org/debian trixie/main amd64 libpostproc58 amd64 7:7.1.3-0+deb13u1 [88.3 kB]
#6 61.69 Get:210 http://deb.debian.org/debian trixie/main amd64 libfftw3-double3 amd64 3.3.10-2+b1 [781 kB]
#6 61.78 Get:211 http://deb.debian.org/debian trixie/main amd64 libsamplerate0 amd64 0.2.2-4+b2 [950 kB]
#6 61.99 Get:212 http://deb.debian.org/debian trixie/main amd64 librubberband2 amd64 3.3.0+dfsg-2+b3 [142 kB]
#6 62.03 Get:213 http://deb.debian.org/debian trixie/main amd64 libswscale8 amd64 7:7.1.3-0+deb13u1 [233 kB]
#6 62.11 Get:214 http://deb.debian.org/debian trixie/main amd64 libvidstab1.1 amd64 1.1.0-2+b2 [38.9 kB]
#6 62.13 Get:215 http://deb.debian.org/debian trixie/main amd64 libzimg2 amd64 3.0.5+ds1-1+b2 [244 kB]
#6 62.18 Get:216 http://deb.debian.org/debian trixie/main amd64 libavfilter10 amd64 7:7.1.3-0+deb13u1 [4109 kB]
#6 63.56 Get:217 http://deb.debian.org/debian trixie/main amd64 libslang2 amd64 2.3.3-5+b2 [549 kB]
#6 63.69 Get:218 http://deb.debian.org/debian trixie/main amd64 libcaca0 amd64 0.99.beta20-5 [202 kB]
#6 63.76 Get:219 http://deb.debian.org/debian trixie/main amd64 libcdio19t64 amd64 2.2.0-4 [61.3 kB]
#6 63.78 Get:220 http://deb.debian.org/debian trixie/main amd64 libcdio-cdda2t64 amd64 10.2+2.0.2-1+b1 [17.7 kB]
#6 63.79 Get:221 http://deb.debian.org/debian trixie/main amd64 libcdio-paranoia2t64 amd64 10.2+2.0.2-1+b1 [17.4 kB]
#6 63.79 Get:222 http://deb.debian.org/debian trixie/main amd64 libusb-1.0-0 amd64 2:1.0.28-1 [59.6 kB]
#6 63.82 Get:223 http://deb.debian.org/debian trixie/main amd64 libdc1394-25 amd64 2.2.6-5 [111 kB]
#6 63.88 Get:224 http://deb.debian.org/debian trixie/main amd64 libglvnd0 amd64 1.7.0-1+b2 [52.0 kB]
#6 63.89 Get:225 http://deb.debian.org/debian trixie/main amd64 libxcb-glx0 amd64 1.17.0-2+b1 [122 kB]
#6 63.96 Get:226 http://deb.debian.org/debian trixie/main amd64 libxcb-present0 amd64 1.17.0-2+b1 [106 kB]
#6 63.99 Get:227 http://deb.debian.org/debian trixie/main amd64 libxcb-xfixes0 amd64 1.17.0-2+b1 [109 kB]
#6 64.03 Get:228 http://deb.debian.org/debian trixie/main amd64 libxxf86vm1 amd64 1:1.1.4-1+b4 [19.3 kB]
#6 64.03 Get:229 http://deb.debian.org/debian trixie/main amd64 libdrm-amdgpu1 amd64 2.4.124-2 [22.6 kB]
#6 64.04 Get:230 http://deb.debian.org/debian trixie/main amd64 libpciaccess0 amd64 0.17-3+b3 [51.9 kB]
#6 64.08 Get:231 http://deb.debian.org/debian trixie/main amd64 libdrm-intel1 amd64 2.4.124-2 [64.1 kB]
#6 64.09 Get:232 http://deb.debian.org/debian trixie/main amd64 libelf1t64 amd64 0.192-4 [189 kB]
#6 64.15 Get:233 http://deb.debian.org/debian trixie/main amd64 libedit2 amd64 3.1-20250104-1 [93.8 kB]
#6 64.20 Get:234 http://deb.debian.org/debian trixie/main amd64 libz3-4 amd64 4.13.3-1 [8560 kB]
#6 66.97 Get:235 http://deb.debian.org/debian trixie/main amd64 libllvm19 amd64 1:19.1.7-3+b1 [26.0 MB]
#6 74.38 Get:236 http://deb.debian.org/debian trixie/main amd64 libsensors-config all 1:3.6.2-2 [16.2 kB]
#6 74.38 Get:237 http://deb.debian.org/debian trixie/main amd64 libsensors5 amd64 1:3.6.2-2 [37.5 kB]
#6 74.38 Get:238 http://deb.debian.org/debian trixie/main amd64 libxcb-randr0 amd64 1.17.0-2+b1 [117 kB]
#6 74.47 Get:239 http://deb.debian.org/debian trixie/main amd64 libxcb-sync1 amd64 1.17.0-2+b1 [109 kB]
#6 74.60 Get:240 http://deb.debian.org/debian trixie/main amd64 libxshmfence1 amd64 1.3.3-1 [10.9 kB]
#6 74.60 Get:241 http://deb.debian.org/debian trixie/main amd64 mesa-libgallium amd64 25.0.7-2 [9629 kB]
#6 77.65 Get:242 http://deb.debian.org/debian trixie/main amd64 libwayland-server0 amd64 1.23.1-3 [34.4 kB]
#6 77.65 Get:243 http://deb.debian.org/debian trixie/main amd64 libgbm1 amd64 25.0.7-2 [44.4 kB]
#6 77.66 Get:244 http://deb.debian.org/debian trixie/main amd64 libgl1-mesa-dri amd64 25.0.7-2 [46.1 kB]
#6 77.68 Get:245 http://deb.debian.org/debian trixie/main amd64 libglx-mesa0 amd64 25.0.7-2 [143 kB]
#6 77.72 Get:246 http://deb.debian.org/debian trixie/main amd64 libglx0 amd64 1.7.0-1+b2 [34.9 kB]
#6 77.74 Get:247 http://deb.debian.org/debian trixie/main amd64 libgl1 amd64 1.7.0-1+b2 [89.5 kB]
#6 77.77 Get:248 http://deb.debian.org/debian trixie/main amd64 libiec61883-0 amd64 1.2.0-7 [30.6 kB]
#6 77.78 Get:249 http://deb.debian.org/debian trixie/main amd64 libjack-jackd2-0 amd64 1.9.22~dfsg-4 [287 kB]
#6 77.90 Get:250 http://deb.debian.org/debian trixie/main amd64 libopenal-data all 1:1.24.2-1 [168 kB]
#6 77.93 Get:251 http://deb.debian.org/debian trixie/main amd64 libopenal1 amd64 1:1.24.2-1 [637 kB]
#6 78.14 Get:252 http://deb.debian.org/debian trixie/main amd64 libwayland-client0 amd64 1.23.1-3 [26.8 kB]
#6 78.15 Get:253 http://deb.debian.org/debian trixie/main amd64 libdecor-0-0 amd64 0.2.2-2 [15.5 kB]
#6 78.16 Get:254 http://deb.debian.org/debian trixie/main amd64 libwayland-cursor0 amd64 1.23.1-3 [11.9 kB]
#6 78.17 Get:255 http://deb.debian.org/debian trixie/main amd64 libwayland-egl1 amd64 1.23.1-3 [5860 B]
#6 78.17 Get:256 http://deb.debian.org/debian trixie/main amd64 libxcursor1 amd64 1:1.2.3-1 [39.7 kB]
#6 78.17 Get:257 http://deb.debian.org/debian trixie/main amd64 libxi6 amd64 2:1.8.2-1 [78.9 kB]
#6 78.18 Get:258 http://deb.debian.org/debian trixie/main amd64 xkb-data all 2.42-1 [790 kB]
#6 78.52 Get:259 http://deb.debian.org/debian trixie/main amd64 libxkbcommon0 amd64 1.7.0-2 [113 kB]
#6 78.67 Get:260 http://deb.debian.org/debian trixie/main amd64 libxrandr2 amd64 2:1.5.4-1+b3 [36.3 kB]
#6 78.71 Get:261 http://deb.debian.org/debian trixie/main amd64 x11-common all 1:7.7+24+deb13u1 [217 kB]
#6 78.85 Get:262 http://deb.debian.org/debian trixie/main amd64 libxss1 amd64 1:1.2.3-1+b3 [17.0 kB]
#6 78.85 Get:263 http://deb.debian.org/debian trixie/main amd64 libsdl2-2.0-0 amd64 2.32.4+dfsg-1 [669 kB]
#6 79.13 Get:264 http://deb.debian.org/debian trixie/main amd64 libxcb-shape0 amd64 1.17.0-2+b1 [106 kB]
#6 79.16 Get:265 http://deb.debian.org/debian trixie/main amd64 libxv1 amd64 2:1.0.11-1.1+b3 [23.4 kB]
#6 79.18 Get:266 http://deb.debian.org/debian trixie/main amd64 libavdevice61 amd64 7:7.1.3-0+deb13u1 [119 kB]
#6 79.26 Get:267 http://deb.debian.org/debian trixie/main amd64 ffmpeg amd64 7:7.1.3-0+deb13u1 [1995 kB]
#6 79.89 Get:268 http://deb.debian.org/debian trixie/main amd64 libogg-dev amd64 1.3.5-3+b2 [200 kB]
#6 79.95 Get:269 http://deb.debian.org/debian trixie/main amd64 libflac-dev amd64 1.5.0+ds-2 [265 kB]
#6 80.04 Get:270 http://deb.debian.org/debian trixie/main amd64 libout123-0t64 amd64 1.32.10-1 [30.3 kB]
#6 80.05 Get:271 http://deb.debian.org/debian trixie/main amd64 libsyn123-0t64 amd64 1.32.10-1 [89.5 kB]
#6 80.06 Get:272 http://deb.debian.org/debian trixie/main amd64 libmpg123-dev amd64 1.32.10-1 [61.8 kB]
#6 80.07 Get:273 http://deb.debian.org/debian trixie/main amd64 libopus-dev amd64 1.5.2-2 [2915 kB]
#6 80.88 Get:274 http://deb.debian.org/debian trixie/main amd64 libvorbis-dev amd64 1.3.7-3 [325 kB]
#6 80.99 Get:275 http://deb.debian.org/debian trixie/main amd64 libsndfile1-dev amd64 1.2.2-2+b1 [339 kB]
#6 82.43 debconf: unable to initialize frontend: Dialog
#6 82.43 debconf: (TERM is not set, so the dialog frontend is not usable.)
#6 82.43 debconf: falling back to frontend: Readline
#6 82.44 debconf: unable to initialize frontend: Readline
#6 82.44 debconf: (Can't locate Term/ReadLine.pm in @INC (you may need to install the Term::ReadLine module) (@INC entries checked: /etc/perl /usr/local/lib/x86_64-linux-gnu/perl/5.40.1 /usr/local/share/perl/5.40.1 /usr/lib/x86_64-linux-gnu/perl5/5.40 /usr/share/perl5 /usr/lib/x86_64-linux-gnu/perl-base /usr/lib/x86_64-linux-gnu/perl/5.40 /usr/share/perl/5.40 /usr/local/lib/site_perl) at /usr/share/perl5/Debconf/FrontEnd/Readline.pm line 8, <STDIN> line 275.)
#6 82.44 debconf: falling back to frontend: Teletype
#6 82.47 debconf: unable to initialize frontend: Teletype
#6 82.47 debconf: (This frontend requires a controlling tty.)
#6 82.47 debconf: falling back to frontend: Noninteractive
#6 109.9 Preconfiguring packages ...
#6 110.4 Fetched 224 MB in 58s (3840 kB/s)
#6 110.6 (Reading database ... 
(Reading database ... 5%
(Reading database ... 10%
(Reading database ... 15%
(Reading database ... 20%
(Reading database ... 25%
(Reading database ... 30%
(Reading database ... 35%
(Reading database ... 40%
(Reading database ... 45%
(Reading database ... 50%
(Reading database ... 55%
(Reading database ... 60%
(Reading database ... 65%
(Reading database ... 70%
(Reading database ... 75%
(Reading database ... 80%
(Reading database ... 85%
(Reading database ... 90%
(Reading database ... 95%
(Reading database ... 100%
(Reading database ... 5644 files and directories currently installed.)
#6 110.7 Preparing to unpack .../libc6_2.41-12+deb13u1_amd64.deb ...
#6 111.0 debconf: unable to initialize frontend: Dialog
#6 111.0 debconf: (TERM is not set, so the dialog frontend is not usable.)
#6 111.0 debconf: falling back to frontend: Readline
#6 111.0 debconf: unable to initialize frontend: Readline
#6 111.0 debconf: (Can't locate Term/ReadLine.pm in @INC (you may need to install the Term::ReadLine module) (@INC entries checked: /etc/perl /usr/local/lib/x86_64-linux-gnu/perl/5.40.1 /usr/local/share/perl/5.40.1 /usr/lib/x86_64-linux-gnu/perl5/5.40 /usr/share/perl5 /usr/lib/x86_64-linux-gnu/perl-base /usr/lib/x86_64-linux-gnu/perl/5.40 /usr/share/perl/5.40 /usr/local/lib/site_perl) at /usr/share/perl5/Debconf/FrontEnd/Readline.pm line 8.)
#6 111.0 debconf: falling back to frontend: Teletype
#6 111.1 debconf: unable to initialize frontend: Teletype
#6 111.1 debconf: (This frontend requires a controlling tty.)
#6 111.1 debconf: falling back to frontend: Noninteractive
#6 111.3 Unpacking libc6:amd64 (2.41-12+deb13u1) over (2.41-12) ...
#6 115.2 Setting up libc6:amd64 (2.41-12+deb13u1) ...
#6 115.5 debconf: unable to initialize frontend: Dialog
#6 115.5 debconf: (TERM is not set, so the dialog frontend is not usable.)
#6 115.5 debconf: falling back to frontend: Readline
#6 115.5 debconf: unable to initialize frontend: Readline
#6 115.5 debconf: (Can't locate Term/ReadLine.pm in @INC (you may need to install the Term::ReadLine module) (@INC entries checked: /etc/perl /usr/local/lib/x86_64-linux-gnu/perl/5.40.1 /usr/local/share/perl/5.40.1 /usr/lib/x86_64-linux-gnu/perl5/5.40 /usr/share/perl5 /usr/lib/x86_64-linux-gnu/perl-base /usr/lib/x86_64-linux-gnu/perl/5.40 /usr/share/perl/5.40 /usr/local/lib/site_perl) at /usr/share/perl5/Debconf/FrontEnd/Readline.pm line 8.)
#6 115.5 debconf: falling back to frontend: Teletype
#6 115.6 debconf: unable to initialize frontend: Teletype
#6 115.6 debconf: (This frontend requires a controlling tty.)
#6 115.6 debconf: falling back to frontend: Noninteractive
#6 116.1 (Reading database ... 
(Reading database ... 5%
(Reading database ... 10%
(Reading database ... 15%
(Reading database ... 20%
(Reading database ... 25%
(Reading database ... 30%
(Reading database ... 35%
(Reading database ... 40%
(Reading database ... 45%
(Reading database ... 50%
(Reading database ... 55%
(Reading database ... 60%
(Reading database ... 65%
(Reading database ... 70%
(Reading database ... 75%
(Reading database ... 80%
(Reading database ... 85%
(Reading database ... 90%
(Reading database ... 95%
(Reading database ... 100%
(Reading database ... 5644 files and directories currently installed.)
#6 116.2 Preparing to unpack .../libc-bin_2.41-12+deb13u1_amd64.deb ...
#6 116.3 Unpacking libc-bin (2.41-12+deb13u1) over (2.41-12) ...
#6 116.9 Setting up libc-bin (2.41-12+deb13u1) ...
#6 117.4 Selecting previously unselected package libexpat1:amd64.
#6 117.4 (Reading database ... 
(Reading database ... 5%
(Reading database ... 10%
(Reading database ... 15%
(Reading database ... 20%
(Reading database ... 25%
(Reading database ... 30%
(Reading database ... 35%
(Reading database ... 40%
(Reading database ... 45%
(Reading database ... 50%
(Reading database ... 55%
(Reading database ... 60%
(Reading database ... 65%
(Reading database ... 70%
(Reading database ... 75%
(Reading database ... 80%
(Reading database ... 85%
(Reading database ... 90%
(Reading database ... 95%
(Reading database ... 100%
(Reading database ... 5644 files and directories currently installed.)
#6 117.5 Preparing to unpack .../000-libexpat1_2.7.1-2_amd64.deb ...
#6 117.5 Unpacking libexpat1:amd64 (2.7.1-2) ...
#6 117.6 Selecting previously unselected package bzip2.
#6 117.6 Preparing to unpack .../001-bzip2_1.0.8-6_amd64.deb ...
#6 117.7 Unpacking bzip2 (1.0.8-6) ...
#6 117.8 Selecting previously unselected package perl-modules-5.40.
#6 117.8 Preparing to unpack .../002-perl-modules-5.40_5.40.1-6_all.deb ...
#6 117.8 Unpacking perl-modules-5.40 (5.40.1-6) ...
#6 119.6 Selecting previously unselected package libgdbm-compat4t64:amd64.
#6 119.6 Preparing to unpack .../003-libgdbm-compat4t64_1.24-2_amd64.deb ...
#6 119.7 Unpacking libgdbm-compat4t64:amd64 (1.24-2) ...
#6 119.8 Selecting previously unselected package libperl5.40:amd64.
#6 119.8 Preparing to unpack .../004-libperl5.40_5.40.1-6_amd64.deb ...
#6 119.8 Unpacking libperl5.40:amd64 (5.40.1-6) ...
#6 120.9 Selecting previously unselected package perl.
#6 120.9 Preparing to unpack .../005-perl_5.40.1-6_amd64.deb ...
#6 120.9 Unpacking perl (5.40.1-6) ...
#6 121.1 Selecting previously unselected package xz-utils.
#6 121.1 Preparing to unpack .../006-xz-utils_5.8.1-1_amd64.deb ...
#6 121.1 Unpacking xz-utils (5.8.1-1) ...
#6 121.3 Selecting previously unselected package libsframe1:amd64.
#6 121.3 Preparing to unpack .../007-libsframe1_2.44-3_amd64.deb ...
#6 121.3 Unpacking libsframe1:amd64 (2.44-3) ...
#6 121.4 Selecting previously unselected package binutils-common:amd64.
#6 121.4 Preparing to unpack .../008-binutils-common_2.44-3_amd64.deb ...
#6 121.5 Unpacking binutils-common:amd64 (2.44-3) ...
#6 121.9 Selecting previously unselected package libbinutils:amd64.
#6 121.9 Preparing to unpack .../009-libbinutils_2.44-3_amd64.deb ...
#6 121.9 Unpacking libbinutils:amd64 (2.44-3) ...
#6 122.2 Selecting previously unselected package libgprofng0:amd64.
#6 122.2 Preparing to unpack .../010-libgprofng0_2.44-3_amd64.deb ...
#6 122.3 Unpacking libgprofng0:amd64 (2.44-3) ...
#6 122.5 Selecting previously unselected package libctf-nobfd0:amd64.
#6 122.6 Preparing to unpack .../011-libctf-nobfd0_2.44-3_amd64.deb ...
#6 122.6 Unpacking libctf-nobfd0:amd64 (2.44-3) ...
#6 122.8 Selecting previously unselected package libctf0:amd64.
#6 122.8 Preparing to unpack .../012-libctf0_2.44-3_amd64.deb ...
#6 122.8 Unpacking libctf0:amd64 (2.44-3) ...
#6 123.0 Selecting previously unselected package libjansson4:amd64.
#6 123.0 Preparing to unpack .../013-libjansson4_2.14-2+b3_amd64.deb ...
#6 123.0 Unpacking libjansson4:amd64 (2.14-2+b3) ...
#6 123.2 Selecting previously unselected package binutils-x86-64-linux-gnu.
#6 123.2 Preparing to unpack .../014-binutils-x86-64-linux-gnu_2.44-3_amd64.deb ...
#6 123.2 Unpacking binutils-x86-64-linux-gnu (2.44-3) ...
#6 123.6 Selecting previously unselected package binutils.
#6 123.6 Preparing to unpack .../015-binutils_2.44-3_amd64.deb ...
#6 123.6 Unpacking binutils (2.44-3) ...
#6 123.8 Selecting previously unselected package libc-dev-bin.
#6 123.8 Preparing to unpack .../016-libc-dev-bin_2.41-12+deb13u1_amd64.deb ...
#6 123.9 Unpacking libc-dev-bin (2.41-12+deb13u1) ...
#6 124.0 Selecting previously unselected package linux-libc-dev.
#6 124.0 Preparing to unpack .../017-linux-libc-dev_6.12.73-1_all.deb ...
#6 124.0 Unpacking linux-libc-dev (6.12.73-1) ...
#6 126.2 Selecting previously unselected package libcrypt-dev:amd64.
#6 126.2 Preparing to unpack .../018-libcrypt-dev_1%3a4.4.38-1_amd64.deb ...
#6 126.2 Unpacking libcrypt-dev:amd64 (1:4.4.38-1) ...
#6 126.4 Selecting previously unselected package rpcsvc-proto.
#6 126.4 Preparing to unpack .../019-rpcsvc-proto_1.4.3-1_amd64.deb ...
#6 126.5 Unpacking rpcsvc-proto (1.4.3-1) ...
#6 126.9 Selecting previously unselected package libc6-dev:amd64.
#6 126.9 Preparing to unpack .../020-libc6-dev_2.41-12+deb13u1_amd64.deb ...
#6 126.9 Unpacking libc6-dev:amd64 (2.41-12+deb13u1) ...
#6 127.9 Selecting previously unselected package libisl23:amd64.
#6 127.9 Preparing to unpack .../021-libisl23_0.27-1_amd64.deb ...
#6 127.9 Unpacking libisl23:amd64 (0.27-1) ...
#6 128.1 Selecting previously unselected package libmpfr6:amd64.
#6 128.1 Preparing to unpack .../022-libmpfr6_4.2.2-1_amd64.deb ...
#6 128.1 Unpacking libmpfr6:amd64 (4.2.2-1) ...
#6 128.3 Selecting previously unselected package libmpc3:amd64.
#6 128.3 Preparing to unpack .../023-libmpc3_1.3.1-1+b3_amd64.deb ...
#6 128.3 Unpacking libmpc3:amd64 (1.3.1-1+b3) ...
#6 128.5 Selecting previously unselected package cpp-14-x86-64-linux-gnu.
#6 128.5 Preparing to unpack .../024-cpp-14-x86-64-linux-gnu_14.2.0-19_amd64.deb ...
#6 128.5 Unpacking cpp-14-x86-64-linux-gnu (14.2.0-19) ...
#6 129.9 Selecting previously unselected package cpp-14.
#6 129.9 Preparing to unpack .../025-cpp-14_14.2.0-19_amd64.deb ...
#6 129.9 Unpacking cpp-14 (14.2.0-19) ...
#6 130.1 Selecting previously unselected package cpp-x86-64-linux-gnu.
#6 130.1 Preparing to unpack .../026-cpp-x86-64-linux-gnu_4%3a14.2.0-1_amd64.deb ...
#6 130.1 Unpacking cpp-x86-64-linux-gnu (4:14.2.0-1) ...
#6 130.2 Selecting previously unselected package cpp.
#6 130.2 Preparing to unpack .../027-cpp_4%3a14.2.0-1_amd64.deb ...
#6 130.3 Unpacking cpp (4:14.2.0-1) ...
#6 130.4 Selecting previously unselected package libcc1-0:amd64.
#6 130.4 Preparing to unpack .../028-libcc1-0_14.2.0-19_amd64.deb ...
#6 130.5 Unpacking libcc1-0:amd64 (14.2.0-19) ...
#6 130.7 Selecting previously unselected package libgomp1:amd64.
#6 130.7 Preparing to unpack .../029-libgomp1_14.2.0-19_amd64.deb ...
#6 130.7 Unpacking libgomp1:amd64 (14.2.0-19) ...
#6 130.8 Selecting previously unselected package libitm1:amd64.
#6 130.9 Preparing to unpack .../030-libitm1_14.2.0-19_amd64.deb ...
#6 130.9 Unpacking libitm1:amd64 (14.2.0-19) ...
#6 131.0 Selecting previously unselected package libatomic1:amd64.
#6 131.0 Preparing to unpack .../031-libatomic1_14.2.0-19_amd64.deb ...
#6 131.0 Unpacking libatomic1:amd64 (14.2.0-19) ...
#6 131.2 Selecting previously unselected package libasan8:amd64.
#6 131.2 Preparing to unpack .../032-libasan8_14.2.0-19_amd64.deb ...
#6 131.2 Unpacking libasan8:amd64 (14.2.0-19) ...
#6 131.8 Selecting previously unselected package liblsan0:amd64.
#6 131.8 Preparing to unpack .../033-liblsan0_14.2.0-19_amd64.deb ...
#6 131.9 Unpacking liblsan0:amd64 (14.2.0-19) ...
#6 132.2 Selecting previously unselected package libtsan2:amd64.
#6 132.2 Preparing to unpack .../034-libtsan2_14.2.0-19_amd64.deb ...
#6 132.2 Unpacking libtsan2:amd64 (14.2.0-19) ...
#6 132.6 Selecting previously unselected package libubsan1:amd64.
#6 132.6 Preparing to unpack .../035-libubsan1_14.2.0-19_amd64.deb ...
#6 132.6 Unpacking libubsan1:amd64 (14.2.0-19) ...
#6 132.9 Selecting previously unselected package libhwasan0:amd64.
#6 132.9 Preparing to unpack .../036-libhwasan0_14.2.0-19_amd64.deb ...
#6 132.9 Unpacking libhwasan0:amd64 (14.2.0-19) ...
#6 133.2 Selecting previously unselected package libquadmath0:amd64.
#6 133.2 Preparing to unpack .../037-libquadmath0_14.2.0-19_amd64.deb ...
#6 133.3 Unpacking libquadmath0:amd64 (14.2.0-19) ...
#6 133.4 Selecting previously unselected package libgcc-14-dev:amd64.
#6 133.4 Preparing to unpack .../038-libgcc-14-dev_14.2.0-19_amd64.deb ...
#6 133.4 Unpacking libgcc-14-dev:amd64 (14.2.0-19) ...
#6 134.0 Selecting previously unselected package gcc-14-x86-64-linux-gnu.
#6 134.0 Preparing to unpack .../039-gcc-14-x86-64-linux-gnu_14.2.0-19_amd64.deb ...
#6 134.0 Unpacking gcc-14-x86-64-linux-gnu (14.2.0-19) ...
#6 135.5 Selecting previously unselected package gcc-14.
#6 135.5 Preparing to unpack .../040-gcc-14_14.2.0-19_amd64.deb ...
#6 135.5 Unpacking gcc-14 (14.2.0-19) ...
#6 135.7 Selecting previously unselected package gcc-x86-64-linux-gnu.
#6 135.7 Preparing to unpack .../041-gcc-x86-64-linux-gnu_4%3a14.2.0-1_amd64.deb ...
#6 135.7 Unpacking gcc-x86-64-linux-gnu (4:14.2.0-1) ...
#6 135.8 Selecting previously unselected package gcc.
#6 135.8 Preparing to unpack .../042-gcc_4%3a14.2.0-1_amd64.deb ...
#6 135.8 Unpacking gcc (4:14.2.0-1) ...
#6 135.9 Selecting previously unselected package libstdc++-14-dev:amd64.
#6 135.9 Preparing to unpack .../043-libstdc++-14-dev_14.2.0-19_amd64.deb ...
#6 136.0 Unpacking libstdc++-14-dev:amd64 (14.2.0-19) ...
#6 137.2 Selecting previously unselected package g++-14-x86-64-linux-gnu.
#6 137.2 Preparing to unpack .../044-g++-14-x86-64-linux-gnu_14.2.0-19_amd64.deb ...
#6 137.2 Unpacking g++-14-x86-64-linux-gnu (14.2.0-19) ...
#6 139.2 Selecting previously unselected package g++-14.
#6 139.2 Preparing to unpack .../045-g++-14_14.2.0-19_amd64.deb ...
#6 139.3 Unpacking g++-14 (14.2.0-19) ...
#6 139.5 Selecting previously unselected package g++-x86-64-linux-gnu.
#6 139.5 Preparing to unpack .../046-g++-x86-64-linux-gnu_4%3a14.2.0-1_amd64.deb ...
#6 139.5 Unpacking g++-x86-64-linux-gnu (4:14.2.0-1) ...
#6 139.8 Selecting previously unselected package g++.
#6 139.8 Preparing to unpack .../047-g++_4%3a14.2.0-1_amd64.deb ...
#6 139.9 Unpacking g++ (4:14.2.0-1) ...
#6 140.1 Selecting previously unselected package make.
#6 140.1 Preparing to unpack .../048-make_4.4.1-2_amd64.deb ...
#6 140.1 Unpacking make (4.4.1-2) ...
#6 140.3 Selecting previously unselected package libdpkg-perl.
#6 140.3 Preparing to unpack .../049-libdpkg-perl_1.22.21_all.deb ...
#6 140.4 Unpacking libdpkg-perl (1.22.21) ...
#6 141.0 Selecting previously unselected package patch.
#6 141.0 Preparing to unpack .../050-patch_2.8-2_amd64.deb ...
#6 141.1 Unpacking patch (2.8-2) ...
#6 141.3 Selecting previously unselected package dpkg-dev.
#6 141.3 Preparing to unpack .../051-dpkg-dev_1.22.21_all.deb ...
#6 141.3 Unpacking dpkg-dev (1.22.21) ...
#6 141.6 Selecting previously unselected package build-essential.
#6 141.6 Preparing to unpack .../052-build-essential_12.12_amd64.deb ...
#6 141.7 Unpacking build-essential (12.12) ...
#6 141.9 Selecting previously unselected package libbrotli1:amd64.
#6 141.9 Preparing to unpack .../053-libbrotli1_1.1.0-2+b7_amd64.deb ...
#6 141.9 Unpacking libbrotli1:amd64 (1.1.0-2+b7) ...
#6 142.2 Selecting previously unselected package libkrb5support0:amd64.
#6 142.2 Preparing to unpack .../054-libkrb5support0_1.21.3-5_amd64.deb ...
#6 142.2 Unpacking libkrb5support0:amd64 (1.21.3-5) ...
#6 142.7 Selecting previously unselected package libcom-err2:amd64.
#6 142.7 Preparing to unpack .../055-libcom-err2_1.47.2-3+b7_amd64.deb ...
#6 142.7 Unpacking libcom-err2:amd64 (1.47.2-3+b7) ...
#6 143.3 Selecting previously unselected package libk5crypto3:amd64.
#6 143.3 Preparing to unpack .../056-libk5crypto3_1.21.3-5_amd64.deb ...
#6 143.3 Unpacking libk5crypto3:amd64 (1.21.3-5) ...
#6 143.6 Selecting previously unselected package libkeyutils1:amd64.
#6 143.6 Preparing to unpack .../057-libkeyutils1_1.6.3-6_amd64.deb ...
#6 143.6 Unpacking libkeyutils1:amd64 (1.6.3-6) ...
#6 143.8 Selecting previously unselected package libkrb5-3:amd64.
#6 143.8 Preparing to unpack .../058-libkrb5-3_1.21.3-5_amd64.deb ...
#6 143.8 Unpacking libkrb5-3:amd64 (1.21.3-5) ...
#6 144.1 Selecting previously unselected package libgssapi-krb5-2:amd64.
#6 144.1 Preparing to unpack .../059-libgssapi-krb5-2_1.21.3-5_amd64.deb ...
#6 144.1 Unpacking libgssapi-krb5-2:amd64 (1.21.3-5) ...
#6 144.4 Selecting previously unselected package libunistring5:amd64.
#6 144.4 Preparing to unpack .../060-libunistring5_1.3-2_amd64.deb ...
#6 144.4 Unpacking libunistring5:amd64 (1.3-2) ...
#6 144.7 Selecting previously unselected package libidn2-0:amd64.
#6 144.7 Preparing to unpack .../061-libidn2-0_2.3.8-2_amd64.deb ...
#6 144.8 Unpacking libidn2-0:amd64 (2.3.8-2) ...
#6 145.1 Selecting previously unselected package libsasl2-modules-db:amd64.
#6 145.1 Preparing to unpack .../062-libsasl2-modules-db_2.1.28+dfsg1-9_amd64.deb ...
#6 145.1 Unpacking libsasl2-modules-db:amd64 (2.1.28+dfsg1-9) ...
#6 145.3 Selecting previously unselected package libsasl2-2:amd64.
#6 145.3 Preparing to unpack .../063-libsasl2-2_2.1.28+dfsg1-9_amd64.deb ...
#6 145.3 Unpacking libsasl2-2:amd64 (2.1.28+dfsg1-9) ...
#6 145.6 Selecting previously unselected package libldap2:amd64.
#6 145.6 Preparing to unpack .../064-libldap2_2.6.10+dfsg-1_amd64.deb ...
#6 145.6 Unpacking libldap2:amd64 (2.6.10+dfsg-1) ...
#6 145.8 Selecting previously unselected package libnghttp2-14:amd64.
#6 145.8 Preparing to unpack .../065-libnghttp2-14_1.64.0-1.1_amd64.deb ...
#6 145.9 Unpacking libnghttp2-14:amd64 (1.64.0-1.1) ...
#6 146.1 Selecting previously unselected package libnghttp3-9:amd64.
#6 146.1 Preparing to unpack .../066-libnghttp3-9_1.8.0-1_amd64.deb ...
#6 146.1 Unpacking libnghttp3-9:amd64 (1.8.0-1) ...
#6 146.4 Selecting previously unselected package libpsl5t64:amd64.
#6 146.4 Preparing to unpack .../067-libpsl5t64_0.21.2-1.1+b1_amd64.deb ...
#6 146.4 Unpacking libpsl5t64:amd64 (0.21.2-1.1+b1) ...
#6 146.6 Selecting previously unselected package libp11-kit0:amd64.
#6 146.6 Preparing to unpack .../068-libp11-kit0_0.25.5-3_amd64.deb ...
#6 146.6 Unpacking libp11-kit0:amd64 (0.25.5-3) ...
#6 146.9 Selecting previously unselected package libtasn1-6:amd64.
#6 146.9 Preparing to unpack .../069-libtasn1-6_4.20.0-2_amd64.deb ...
#6 147.0 Unpacking libtasn1-6:amd64 (4.20.0-2) ...
#6 147.2 Selecting previously unselected package libgnutls30t64:amd64.
#6 147.2 Preparing to unpack .../070-libgnutls30t64_3.8.9-3+deb13u2_amd64.deb ...
#6 147.2 Unpacking libgnutls30t64:amd64 (3.8.9-3+deb13u2) ...
#6 147.7 Selecting previously unselected package librtmp1:amd64.
#6 147.7 Preparing to unpack .../071-librtmp1_2.4+20151223.gitfa8646d.1-2+b5_amd64.deb ...
#6 147.7 Unpacking librtmp1:amd64 (2.4+20151223.gitfa8646d.1-2+b5) ...
#6 147.9 Selecting previously unselected package libssh2-1t64:amd64.
#6 147.9 Preparing to unpack .../072-libssh2-1t64_1.11.1-1_amd64.deb ...
#6 147.9 Unpacking libssh2-1t64:amd64 (1.11.1-1) ...
#6 148.1 Selecting previously unselected package libcurl4t64:amd64.
#6 148.1 Preparing to unpack .../073-libcurl4t64_8.14.1-2+deb13u2_amd64.deb ...
#6 148.1 Unpacking libcurl4t64:amd64 (8.14.1-2+deb13u2) ...
#6 148.3 Selecting previously unselected package curl.
#6 148.4 Preparing to unpack .../074-curl_8.14.1-2+deb13u2_amd64.deb ...
#6 148.4 Unpacking curl (8.14.1-2+deb13u2) ...
#6 148.6 Selecting previously unselected package libaom3:amd64.
#6 148.6 Preparing to unpack .../075-libaom3_3.12.1-1_amd64.deb ...
#6 148.6 Unpacking libaom3:amd64 (3.12.1-1) ...
#6 148.9 Selecting previously unselected package libdrm-common.
#6 148.9 Preparing to unpack .../076-libdrm-common_2.4.124-2_all.deb ...
#6 149.0 Unpacking libdrm-common (2.4.124-2) ...
#6 149.1 Selecting previously unselected package libdrm2:amd64.
#6 149.1 Preparing to unpack .../077-libdrm2_2.4.124-2_amd64.deb ...
#6 149.1 Unpacking libdrm2:amd64 (2.4.124-2) ...
#6 149.3 Selecting previously unselected package libva2:amd64.
#6 149.3 Preparing to unpack .../078-libva2_2.22.0-3_amd64.deb ...
#6 149.4 Unpacking libva2:amd64 (2.22.0-3) ...
#6 149.6 Selecting previously unselected package libva-drm2:amd64.
#6 149.6 Preparing to unpack .../079-libva-drm2_2.22.0-3_amd64.deb ...
#6 149.7 Unpacking libva-drm2:amd64 (2.22.0-3) ...
#6 149.8 Selecting previously unselected package libxau6:amd64.
#6 149.9 Preparing to unpack .../080-libxau6_1%3a1.0.11-1_amd64.deb ...
#6 149.9 Unpacking libxau6:amd64 (1:1.0.11-1) ...
#6 150.0 Selecting previously unselected package libxdmcp6:amd64.
#6 150.1 Preparing to unpack .../081-libxdmcp6_1%3a1.1.5-1_amd64.deb ...
#6 150.1 Unpacking libxdmcp6:amd64 (1:1.1.5-1) ...
#6 150.2 Selecting previously unselected package libxcb1:amd64.
#6 150.2 Preparing to unpack .../082-libxcb1_1.17.0-2+b1_amd64.deb ...
#6 150.2 Unpacking libxcb1:amd64 (1.17.0-2+b1) ...
#6 150.4 Selecting previously unselected package libx11-data.
#6 150.4 Preparing to unpack .../083-libx11-data_2%3a1.8.12-1_all.deb ...
#6 150.4 Unpacking libx11-data (2:1.8.12-1) ...
#6 150.9 Selecting previously unselected package libx11-6:amd64.
#6 150.9 Preparing to unpack .../084-libx11-6_2%3a1.8.12-1_amd64.deb ...
#6 150.9 Unpacking libx11-6:amd64 (2:1.8.12-1) ...
#6 151.1 Selecting previously unselected package libx11-xcb1:amd64.
#6 151.1 Preparing to unpack .../085-libx11-xcb1_2%3a1.8.12-1_amd64.deb ...
#6 151.1 Unpacking libx11-xcb1:amd64 (2:1.8.12-1) ...
#6 151.3 Selecting previously unselected package libxcb-dri3-0:amd64.
#6 151.3 Preparing to unpack .../086-libxcb-dri3-0_1.17.0-2+b1_amd64.deb ...
#6 151.3 Unpacking libxcb-dri3-0:amd64 (1.17.0-2+b1) ...
#6 151.5 Selecting previously unselected package libxext6:amd64.
#6 151.5 Preparing to unpack .../087-libxext6_2%3a1.3.4-1+b3_amd64.deb ...
#6 151.5 Unpacking libxext6:amd64 (2:1.3.4-1+b3) ...
#6 151.6 Selecting previously unselected package libxfixes3:amd64.
#6 151.6 Preparing to unpack .../088-libxfixes3_1%3a6.0.0-2+b4_amd64.deb ...
#6 151.6 Unpacking libxfixes3:amd64 (1:6.0.0-2+b4) ...
#6 151.8 Selecting previously unselected package libva-x11-2:amd64.
#6 151.8 Preparing to unpack .../089-libva-x11-2_2.22.0-3_amd64.deb ...
#6 151.8 Unpacking libva-x11-2:amd64 (2.22.0-3) ...
#6 152.1 Selecting previously unselected package libvdpau1:amd64.
#6 152.1 Preparing to unpack .../090-libvdpau1_1.5-3+b1_amd64.deb ...
#6 152.1 Unpacking libvdpau1:amd64 (1.5-3+b1) ...
#6 152.3 Selecting previously unselected package libvpl2.
#6 152.3 Preparing to unpack .../091-libvpl2_1%3a2.14.0-1+b1_amd64.deb ...
#6 152.4 Unpacking libvpl2 (1:2.14.0-1+b1) ...
#6 152.6 Selecting previously unselected package ocl-icd-libopencl1:amd64.
#6 152.6 Preparing to unpack .../092-ocl-icd-libopencl1_2.3.3-1_amd64.deb ...
#6 152.6 Unpacking ocl-icd-libopencl1:amd64 (2.3.3-1) ...
#6 152.8 Selecting previously unselected package libavutil59:amd64.
#6 152.8 Preparing to unpack .../093-libavutil59_7%3a7.1.3-0+deb13u1_amd64.deb ...
#6 152.8 Unpacking libavutil59:amd64 (7:7.1.3-0+deb13u1) ...
#6 153.0 Selecting previously unselected package libpng16-16t64:amd64.
#6 153.0 Preparing to unpack .../094-libpng16-16t64_1.6.48-1+deb13u3_amd64.deb ...
#6 153.0 Unpacking libpng16-16t64:amd64 (1.6.48-1+deb13u3) ...
#6 153.2 Selecting previously unselected package libfreetype6:amd64.
#6 153.2 Preparing to unpack .../095-libfreetype6_2.13.3+dfsg-1_amd64.deb ...
#6 153.2 Unpacking libfreetype6:amd64 (2.13.3+dfsg-1) ...
#6 153.4 Selecting previously unselected package fonts-dejavu-mono.
#6 153.5 Preparing to unpack .../096-fonts-dejavu-mono_2.37-8_all.deb ...
#6 153.5 Unpacking fonts-dejavu-mono (2.37-8) ...
#6 153.7 Selecting previously unselected package fonts-dejavu-core.
#6 153.7 Preparing to unpack .../097-fonts-dejavu-core_2.37-8_all.deb ...
#6 153.8 Unpacking fonts-dejavu-core (2.37-8) ...
#6 154.1 Selecting previously unselected package fontconfig-config.
#6 154.1 Preparing to unpack .../098-fontconfig-config_2.15.0-2.3_amd64.deb ...
#6 154.2 Unpacking fontconfig-config (2.15.0-2.3) ...
#6 154.5 Selecting previously unselected package libfontconfig1:amd64.
#6 154.5 Preparing to unpack .../099-libfontconfig1_2.15.0-2.3_amd64.deb ...
#6 154.5 Unpacking libfontconfig1:amd64 (2.15.0-2.3) ...
#6 154.7 Selecting previously unselected package libpixman-1-0:amd64.
#6 154.7 Preparing to unpack .../100-libpixman-1-0_0.44.0-3_amd64.deb ...
#6 154.7 Unpacking libpixman-1-0:amd64 (0.44.0-3) ...
#6 154.9 Selecting previously unselected package libxcb-render0:amd64.
#6 154.9 Preparing to unpack .../101-libxcb-render0_1.17.0-2+b1_amd64.deb ...
#6 154.9 Unpacking libxcb-render0:amd64 (1.17.0-2+b1) ...
#6 155.1 Selecting previously unselected package libxcb-shm0:amd64.
#6 155.1 Preparing to unpack .../102-libxcb-shm0_1.17.0-2+b1_amd64.deb ...
#6 155.2 Unpacking libxcb-shm0:amd64 (1.17.0-2+b1) ...
#6 155.3 Selecting previously unselected package libxrender1:amd64.
#6 155.4 Preparing to unpack .../103-libxrender1_1%3a0.9.12-1_amd64.deb ...
#6 155.4 Unpacking libxrender1:amd64 (1:0.9.12-1) ...
#6 155.6 Selecting previously unselected package libcairo2:amd64.
#6 155.6 Preparing to unpack .../104-libcairo2_1.18.4-1+b1_amd64.deb ...
#6 155.7 Unpacking libcairo2:amd64 (1.18.4-1+b1) ...
#6 155.9 Selecting previously unselected package libcodec2-1.2:amd64.
#6 155.9 Preparing to unpack .../105-libcodec2-1.2_1.2.0-3_amd64.deb ...
#6 155.9 Unpacking libcodec2-1.2:amd64 (1.2.0-3) ...
#6 157.1 Selecting previously unselected package libdav1d7:amd64.
#6 157.1 Preparing to unpack .../106-libdav1d7_1.5.1-1_amd64.deb ...
#6 157.2 Unpacking libdav1d7:amd64 (1.5.1-1) ...
#6 157.5 Selecting previously unselected package libglib2.0-0t64:amd64.
#6 157.5 Preparing to unpack .../107-libglib2.0-0t64_2.84.4-3~deb13u2_amd64.deb ...
#6 157.6 Unpacking libglib2.0-0t64:amd64 (2.84.4-3~deb13u2) ...
#6 158.2 Selecting previously unselected package libgsm1:amd64.
#6 158.2 Preparing to unpack .../108-libgsm1_1.0.22-1+b2_amd64.deb ...
#6 158.2 Unpacking libgsm1:amd64 (1.0.22-1+b2) ...
#6 158.4 Selecting previously unselected package libhwy1t64:amd64.
#6 158.4 Preparing to unpack .../109-libhwy1t64_1.2.0-2+b2_amd64.deb ...
#6 158.4 Unpacking libhwy1t64:amd64 (1.2.0-2+b2) ...
#6 158.8 Selecting previously unselected package liblcms2-2:amd64.
#6 158.8 Preparing to unpack .../110-liblcms2-2_2.16-2_amd64.deb ...
#6 158.8 Unpacking liblcms2-2:amd64 (2.16-2) ...
#6 159.0 Selecting previously unselected package libjxl0.11:amd64.
#6 159.0 Preparing to unpack .../111-libjxl0.11_0.11.1-4_amd64.deb ...
#6 159.0 Unpacking libjxl0.11:amd64 (0.11.1-4) ...
#6 159.3 Selecting previously unselected package libmp3lame0:amd64.
#6 159.3 Preparing to unpack .../112-libmp3lame0_3.100-6+b3_amd64.deb ...
#6 159.3 Unpacking libmp3lame0:amd64 (3.100-6+b3) ...
#6 159.5 Selecting previously unselected package libopenjp2-7:amd64.
#6 159.5 Preparing to unpack .../113-libopenjp2-7_2.5.3-2.1~deb13u1_amd64.deb ...
#6 159.5 Unpacking libopenjp2-7:amd64 (2.5.3-2.1~deb13u1) ...
#6 159.7 Selecting previously unselected package libopus0:amd64.
#6 159.7 Preparing to unpack .../114-libopus0_1.5.2-2_amd64.deb ...
#6 159.7 Unpacking libopus0:amd64 (1.5.2-2) ...
#6 160.1 Selecting previously unselected package librav1e0.7:amd64.
#6 160.1 Preparing to unpack .../115-librav1e0.7_0.7.1-9+b2_amd64.deb ...
#6 160.1 Unpacking librav1e0.7:amd64 (0.7.1-9+b2) ...
#6 160.4 Selecting previously unselected package libcairo-gobject2:amd64.
#6 160.4 Preparing to unpack .../116-libcairo-gobject2_1.18.4-1+b1_amd64.deb ...
#6 160.4 Unpacking libcairo-gobject2:amd64 (1.18.4-1+b1) ...
#6 160.6 Selecting previously unselected package libgdk-pixbuf2.0-common.
#6 160.6 Preparing to unpack .../117-libgdk-pixbuf2.0-common_2.42.12+dfsg-4_all.deb ...
#6 160.6 Unpacking libgdk-pixbuf2.0-common (2.42.12+dfsg-4) ...
#6 160.8 Selecting previously unselected package libxml2:amd64.
#6 160.8 Preparing to unpack .../118-libxml2_2.12.7+dfsg+really2.9.14-2.1+deb13u2_amd64.deb ...
#6 160.8 Unpacking libxml2:amd64 (2.12.7+dfsg+really2.9.14-2.1+deb13u2) ...
#6 161.1 Selecting previously unselected package shared-mime-info.
#6 161.1 Preparing to unpack .../119-shared-mime-info_2.4-5+b2_amd64.deb ...
#6 161.1 Unpacking shared-mime-info (2.4-5+b2) ...
#6 161.4 Selecting previously unselected package libjpeg62-turbo:amd64.
#6 161.4 Preparing to unpack .../120-libjpeg62-turbo_1%3a2.1.5-4_amd64.deb ...
#6 161.4 Unpacking libjpeg62-turbo:amd64 (1:2.1.5-4) ...
#6 161.6 Selecting previously unselected package libdeflate0:amd64.
#6 161.6 Preparing to unpack .../121-libdeflate0_1.23-2_amd64.deb ...
#6 161.6 Unpacking libdeflate0:amd64 (1.23-2) ...
#6 161.8 Selecting previously unselected package libjbig0:amd64.
#6 161.8 Preparing to unpack .../122-libjbig0_2.1-6.1+b2_amd64.deb ...
#6 161.8 Unpacking libjbig0:amd64 (2.1-6.1+b2) ...
#6 162.0 Selecting previously unselected package liblerc4:amd64.
#6 162.1 Preparing to unpack .../123-liblerc4_4.0.0+ds-5_amd64.deb ...
#6 162.1 Unpacking liblerc4:amd64 (4.0.0+ds-5) ...
#6 162.3 Selecting previously unselected package libsharpyuv0:amd64.
#6 162.3 Preparing to unpack .../124-libsharpyuv0_1.5.0-0.1_amd64.deb ...
#6 162.3 Unpacking libsharpyuv0:amd64 (1.5.0-0.1) ...
#6 162.5 Selecting previously unselected package libwebp7:amd64.
#6 162.5 Preparing to unpack .../125-libwebp7_1.5.0-0.1_amd64.deb ...
#6 162.5 Unpacking libwebp7:amd64 (1.5.0-0.1) ...
#6 162.7 Selecting previously unselected package libtiff6:amd64.
#6 162.7 Preparing to unpack .../126-libtiff6_4.7.0-3+deb13u1_amd64.deb ...
#6 162.7 Unpacking libtiff6:amd64 (4.7.0-3+deb13u1) ...
#6 163.0 Selecting previously unselected package libgdk-pixbuf-2.0-0:amd64.
#6 163.0 Preparing to unpack .../127-libgdk-pixbuf-2.0-0_2.42.12+dfsg-4_amd64.deb ...
#6 163.1 Unpacking libgdk-pixbuf-2.0-0:amd64 (2.42.12+dfsg-4) ...
#6 163.4 Selecting previously unselected package fontconfig.
#6 163.4 Preparing to unpack .../128-fontconfig_2.15.0-2.3_amd64.deb ...
#6 163.4 Unpacking fontconfig (2.15.0-2.3) ...
#6 163.6 Selecting previously unselected package libfribidi0:amd64.
#6 163.6 Preparing to unpack .../129-libfribidi0_1.0.16-1_amd64.deb ...
#6 163.7 Unpacking libfribidi0:amd64 (1.0.16-1) ...
#6 163.9 Selecting previously unselected package libgraphite2-3:amd64.
#6 163.9 Preparing to unpack .../130-libgraphite2-3_1.3.14-2+b1_amd64.deb ...
#6 163.9 Unpacking libgraphite2-3:amd64 (1.3.14-2+b1) ...
#6 164.1 Selecting previously unselected package libharfbuzz0b:amd64.
#6 164.1 Preparing to unpack .../131-libharfbuzz0b_10.2.0-1+b1_amd64.deb ...
#6 164.1 Unpacking libharfbuzz0b:amd64 (10.2.0-1+b1) ...
#6 164.4 Selecting previously unselected package libthai-data.
#6 164.4 Preparing to unpack .../132-libthai-data_0.1.29-2_all.deb ...
#6 164.4 Unpacking libthai-data (0.1.29-2) ...
#6 164.6 Selecting previously unselected package libdatrie1:amd64.
#6 164.6 Preparing to unpack .../133-libdatrie1_0.2.13-3+b1_amd64.deb ...
#6 164.7 Unpacking libdatrie1:amd64 (0.2.13-3+b1) ...
#6 164.8 Selecting previously unselected package libthai0:amd64.
#6 164.8 Preparing to unpack .../134-libthai0_0.1.29-2+b1_amd64.deb ...
#6 164.9 Unpacking libthai0:amd64 (0.1.29-2+b1) ...
#6 165.1 Selecting previously unselected package libpango-1.0-0:amd64.
#6 165.1 Preparing to unpack .../135-libpango-1.0-0_1.56.3-1_amd64.deb ...
#6 165.2 Unpacking libpango-1.0-0:amd64 (1.56.3-1) ...
#6 165.4 Selecting previously unselected package libpangoft2-1.0-0:amd64.
#6 165.5 Preparing to unpack .../136-libpangoft2-1.0-0_1.56.3-1_amd64.deb ...
#6 165.5 Unpacking libpangoft2-1.0-0:amd64 (1.56.3-1) ...
#6 165.7 Selecting previously unselected package libpangocairo-1.0-0:amd64.
#6 165.7 Preparing to unpack .../137-libpangocairo-1.0-0_1.56.3-1_amd64.deb ...
#6 165.7 Unpacking libpangocairo-1.0-0:amd64 (1.56.3-1) ...
#6 165.9 Selecting previously unselected package librsvg2-2:amd64.
#6 166.0 Preparing to unpack .../138-librsvg2-2_2.60.0+dfsg-1_amd64.deb ...
#6 166.0 Unpacking librsvg2-2:amd64 (2.60.0+dfsg-1) ...
#6 166.4 Selecting previously unselected package libshine3:amd64.
#6 166.4 Preparing to unpack .../139-libshine3_3.1.1-2+b2_amd64.deb ...
#6 166.4 Unpacking libshine3:amd64 (3.1.1-2+b2) ...
#6 166.5 Selecting previously unselected package libsnappy1v5:amd64.
#6 166.6 Preparing to unpack .../140-libsnappy1v5_1.2.2-1_amd64.deb ...
#6 166.6 Unpacking libsnappy1v5:amd64 (1.2.2-1) ...
#6 166.7 Selecting previously unselected package libspeex1:amd64.
#6 166.7 Preparing to unpack .../141-libspeex1_1.2.1-3_amd64.deb ...
#6 166.7 Unpacking libspeex1:amd64 (1.2.1-3) ...
#6 166.9 Selecting previously unselected package libsvtav1enc2:amd64.
#6 166.9 Preparing to unpack .../142-libsvtav1enc2_2.3.0+dfsg-1_amd64.deb ...
#6 166.9 Unpacking libsvtav1enc2:amd64 (2.3.0+dfsg-1) ...
#6 167.4 Selecting previously unselected package libsoxr0:amd64.
#6 167.4 Preparing to unpack .../143-libsoxr0_0.1.3-4+b2_amd64.deb ...
#6 167.4 Unpacking libsoxr0:amd64 (0.1.3-4+b2) ...
#6 167.6 Selecting previously unselected package libswresample5:amd64.
#6 167.6 Preparing to unpack .../144-libswresample5_7%3a7.1.3-0+deb13u1_amd64.deb ...
#6 167.6 Unpacking libswresample5:amd64 (7:7.1.3-0+deb13u1) ...
#6 167.8 Selecting previously unselected package libtheoradec1:amd64.
#6 167.8 Preparing to unpack .../145-libtheoradec1_1.2.0~alpha1+dfsg-6_amd64.deb ...
#6 167.8 Unpacking libtheoradec1:amd64 (1.2.0~alpha1+dfsg-6) ...
#6 168.0 Selecting previously unselected package libogg0:amd64.
#6 168.0 Preparing to unpack .../146-libogg0_1.3.5-3+b2_amd64.deb ...
#6 168.0 Unpacking libogg0:amd64 (1.3.5-3+b2) ...
#6 168.2 Selecting previously unselected package libtheoraenc1:amd64.
#6 168.2 Preparing to unpack .../147-libtheoraenc1_1.2.0~alpha1+dfsg-6_amd64.deb ...
#6 168.2 Unpacking libtheoraenc1:amd64 (1.2.0~alpha1+dfsg-6) ...
#6 168.5 Selecting previously unselected package libtwolame0:amd64.
#6 168.5 Preparing to unpack .../148-libtwolame0_0.4.0-2+b2_amd64.deb ...
#6 168.5 Unpacking libtwolame0:amd64 (0.4.0-2+b2) ...
#6 168.7 Selecting previously unselected package libvorbis0a:amd64.
#6 168.7 Preparing to unpack .../149-libvorbis0a_1.3.7-3_amd64.deb ...
#6 168.7 Unpacking libvorbis0a:amd64 (1.3.7-3) ...
#6 168.9 Selecting previously unselected package libvorbisenc2:amd64.
#6 168.9 Preparing to unpack .../150-libvorbisenc2_1.3.7-3_amd64.deb ...
#6 168.9 Unpacking libvorbisenc2:amd64 (1.3.7-3) ...
#6 169.0 Selecting previously unselected package libvpx9:amd64.
#6 169.1 Preparing to unpack .../151-libvpx9_1.15.0-2.1+deb13u1_amd64.deb ...
#6 169.1 Unpacking libvpx9:amd64 (1.15.0-2.1+deb13u1) ...
#6 169.3 Selecting previously unselected package libwebpmux3:amd64.
#6 169.3 Preparing to unpack .../152-libwebpmux3_1.5.0-0.1_amd64.deb ...
#6 169.4 Unpacking libwebpmux3:amd64 (1.5.0-0.1) ...
#6 169.7 Selecting previously unselected package libx264-164:amd64.
#6 169.7 Preparing to unpack .../153-libx264-164_2%3a0.164.3108+git31e19f9-2+b1_amd64.deb ...
#6 169.7 Unpacking libx264-164:amd64 (2:0.164.3108+git31e19f9-2+b1) ...
#6 170.0 Selecting previously unselected package libnuma1:amd64.
#6 170.0 Preparing to unpack .../154-libnuma1_2.0.19-1_amd64.deb ...
#6 170.0 Unpacking libnuma1:amd64 (2.0.19-1) ...
#6 170.2 Selecting previously unselected package libx265-215:amd64.
#6 170.2 Preparing to unpack .../155-libx265-215_4.1-2_amd64.deb ...
#6 170.2 Unpacking libx265-215:amd64 (4.1-2) ...
#6 170.7 Selecting previously unselected package libxvidcore4:amd64.
#6 170.7 Preparing to unpack .../156-libxvidcore4_2%3a1.3.7-1+b2_amd64.deb ...
#6 170.7 Unpacking libxvidcore4:amd64 (2:1.3.7-1+b2) ...
#6 171.0 Selecting previously unselected package libzvbi-common.
#6 171.0 Preparing to unpack .../157-libzvbi-common_0.2.44-1_all.deb ...
#6 171.0 Unpacking libzvbi-common (0.2.44-1) ...
#6 171.4 Selecting previously unselected package libzvbi0t64:amd64.
#6 171.4 Preparing to unpack .../158-libzvbi0t64_0.2.44-1_amd64.deb ...
#6 171.4 Unpacking libzvbi0t64:amd64 (0.2.44-1) ...
#6 171.8 Selecting previously unselected package libavcodec61:amd64.
#6 171.8 Preparing to unpack .../159-libavcodec61_7%3a7.1.3-0+deb13u1_amd64.deb ...
#6 171.8 Unpacking libavcodec61:amd64 (7:7.1.3-0+deb13u1) ...
#6 172.7 Selecting previously unselected package libasound2-data.
#6 172.8 Preparing to unpack .../160-libasound2-data_1.2.14-1_all.deb ...
#6 172.8 Unpacking libasound2-data (1.2.14-1) ...
#6 173.0 Selecting previously unselected package libasound2t64:amd64.
#6 173.0 Preparing to unpack .../161-libasound2t64_1.2.14-1_amd64.deb ...
#6 173.0 Unpacking libasound2t64:amd64 (1.2.14-1) ...
#6 173.3 Selecting previously unselected package libraw1394-11:amd64.
#6 173.3 Preparing to unpack .../162-libraw1394-11_2.1.2-2+b2_amd64.deb ...
#6 173.3 Unpacking libraw1394-11:amd64 (2.1.2-2+b2) ...
#6 173.6 Selecting previously unselected package libavc1394-0:amd64.
#6 173.6 Preparing to unpack .../163-libavc1394-0_0.5.4-5+b2_amd64.deb ...
#6 173.6 Unpacking libavc1394-0:amd64 (0.5.4-5+b2) ...
#6 173.9 Selecting previously unselected package libunibreak6:amd64.
#6 173.9 Preparing to unpack .../164-libunibreak6_6.1-3_amd64.deb ...
#6 173.9 Unpacking libunibreak6:amd64 (6.1-3) ...
#6 174.2 Selecting previously unselected package libass9:amd64.
#6 174.2 Preparing to unpack .../165-libass9_1%3a0.17.3-1+b1_amd64.deb ...
#6 174.2 Unpacking libass9:amd64 (1:0.17.3-1+b1) ...
#6 174.6 Selecting previously unselected package libudfread0:amd64.
#6 174.6 Preparing to unpack .../166-libudfread0_1.1.2-1+b2_amd64.deb ...
#6 174.6 Unpacking libudfread0:amd64 (1.1.2-1+b2) ...
#6 174.9 Selecting previously unselected package libbluray2:amd64.
#6 174.9 Preparing to unpack .../167-libbluray2_1%3a1.3.4-1+b2_amd64.deb ...
#6 174.9 Unpacking libbluray2:amd64 (1:1.3.4-1+b2) ...
#6 175.1 Selecting previously unselected package libchromaprint1:amd64.
#6 175.1 Preparing to unpack .../168-libchromaprint1_1.5.1-7_amd64.deb ...
#6 175.1 Unpacking libchromaprint1:amd64 (1.5.1-7) ...
#6 175.3 Selecting previously unselected package libdvdread8t64:amd64.
#6 175.3 Preparing to unpack .../169-libdvdread8t64_6.1.3-2_amd64.deb ...
#6 175.4 Unpacking libdvdread8t64:amd64 (6.1.3-2) ...
#6 175.6 Selecting previously unselected package libdvdnav4:amd64.
#6 175.6 Preparing to unpack .../170-libdvdnav4_6.1.1-3+b1_amd64.deb ...
#6 175.6 Unpacking libdvdnav4:amd64 (6.1.1-3+b1) ...
#6 175.8 Selecting previously unselected package libgme0:amd64.
#6 175.8 Preparing to unpack .../171-libgme0_0.6.3-7+b2_amd64.deb ...
#6 175.9 Unpacking libgme0:amd64 (0.6.3-7+b2) ...
#6 176.1 Selecting previously unselected package libmpg123-0t64:amd64.
#6 176.1 Preparing to unpack .../172-libmpg123-0t64_1.32.10-1_amd64.deb ...
#6 176.1 Unpacking libmpg123-0t64:amd64 (1.32.10-1) ...
#6 176.3 Selecting previously unselected package libvorbisfile3:amd64.
#6 176.3 Preparing to unpack .../173-libvorbisfile3_1.3.7-3_amd64.deb ...
#6 176.3 Unpacking libvorbisfile3:amd64 (1.3.7-3) ...
#6 176.8 Selecting previously unselected package libopenmpt0t64:amd64.
#6 176.8 Preparing to unpack .../174-libopenmpt0t64_0.7.13-1+b1_amd64.deb ...
#6 176.9 Unpacking libopenmpt0t64:amd64 (0.7.13-1+b1) ...
#6 177.2 Selecting previously unselected package librabbitmq4:amd64.
#6 177.2 Preparing to unpack .../175-librabbitmq4_0.15.0-1_amd64.deb ...
#6 177.2 Unpacking librabbitmq4:amd64 (0.15.0-1) ...
#6 177.4 Selecting previously unselected package libcjson1:amd64.
#6 177.4 Preparing to unpack .../176-libcjson1_1.7.18-3.1+deb13u1_amd64.deb ...
#6 177.4 Unpacking libcjson1:amd64 (1.7.18-3.1+deb13u1) ...
#6 177.6 Selecting previously unselected package libmbedcrypto16:amd64.
#6 177.6 Preparing to unpack .../177-libmbedcrypto16_3.6.5-0.1~deb13u1_amd64.deb ...
#6 177.7 Unpacking libmbedcrypto16:amd64 (3.6.5-0.1~deb13u1) ...
#6 177.9 Selecting previously unselected package librist4:amd64.
#6 178.0 Preparing to unpack .../178-librist4_0.2.11+dfsg-1_amd64.deb ...
#6 178.0 Unpacking librist4:amd64 (0.2.11+dfsg-1) ...
#6 178.2 Selecting previously unselected package libsrt1.5-gnutls:amd64.
#6 178.2 Preparing to unpack .../179-libsrt1.5-gnutls_1.5.4-1_amd64.deb ...
#6 178.2 Unpacking libsrt1.5-gnutls:amd64 (1.5.4-1) ...
#6 178.5 Selecting previously unselected package libssh-4:amd64.
#6 178.5 Preparing to unpack .../180-libssh-4_0.11.2-1+deb13u1_amd64.deb ...
#6 178.5 Unpacking libssh-4:amd64 (0.11.2-1+deb13u1) ...
#6 178.7 Selecting previously unselected package libnorm1t64:amd64.
#6 178.7 Preparing to unpack .../181-libnorm1t64_1.5.9+dfsg-3.1+b2_amd64.deb ...
#6 178.8 Unpacking libnorm1t64:amd64 (1.5.9+dfsg-3.1+b2) ...
#6 179.0 Selecting previously unselected package libpgm-5.3-0t64:amd64.
#6 179.0 Preparing to unpack .../182-libpgm-5.3-0t64_5.3.128~dfsg-2.1+b1_amd64.deb ...
#6 179.0 Unpacking libpgm-5.3-0t64:amd64 (5.3.128~dfsg-2.1+b1) ...
#6 179.2 Selecting previously unselected package libsodium23:amd64.
#6 179.2 Preparing to unpack .../183-libsodium23_1.0.18-1+deb13u1_amd64.deb ...
#6 179.2 Unpacking libsodium23:amd64 (1.0.18-1+deb13u1) ...
#6 179.4 Selecting previously unselected package libzmq5:amd64.
#6 179.4 Preparing to unpack .../184-libzmq5_4.3.5-1+b3_amd64.deb ...
#6 179.4 Unpacking libzmq5:amd64 (4.3.5-1+b3) ...
#6 179.6 Selecting previously unselected package libavformat61:amd64.
#6 179.6 Preparing to unpack .../185-libavformat61_7%3a7.1.3-0+deb13u1_amd64.deb ...
#6 179.7 Unpacking libavformat61:amd64 (7:7.1.3-0+deb13u1) ...
#6 180.0 Selecting previously unselected package libbs2b0:amd64.
#6 180.0 Preparing to unpack .../186-libbs2b0_3.1.0+dfsg-8+b1_amd64.deb ...
#6 180.0 Unpacking libbs2b0:amd64 (3.1.0+dfsg-8+b1) ...
#6 180.2 Selecting previously unselected package libflite1:amd64.
#6 180.2 Preparing to unpack .../187-libflite1_2.2-7_amd64.deb ...
#6 180.3 Unpacking libflite1:amd64 (2.2-7) ...
#6 182.3 Selecting previously unselected package libserd-0-0:amd64.
#6 182.3 Preparing to unpack .../188-libserd-0-0_0.32.4-1_amd64.deb ...
#6 182.4 Unpacking libserd-0-0:amd64 (0.32.4-1) ...
#6 182.6 Selecting previously unselected package libzix-0-0:amd64.
#6 182.6 Preparing to unpack .../189-libzix-0-0_0.6.2-1_amd64.deb ...
#6 182.6 Unpacking libzix-0-0:amd64 (0.6.2-1) ...
#6 182.8 Selecting previously unselected package libsord-0-0:amd64.
#6 182.8 Preparing to unpack .../190-libsord-0-0_0.16.18-1_amd64.deb ...
#6 182.8 Unpacking libsord-0-0:amd64 (0.16.18-1) ...
#6 183.0 Selecting previously unselected package libsratom-0-0:amd64.
#6 183.0 Preparing to unpack .../191-libsratom-0-0_0.6.18-1_amd64.deb ...
#6 183.0 Unpacking libsratom-0-0:amd64 (0.6.18-1) ...
#6 183.2 Selecting previously unselected package liblilv-0-0:amd64.
#6 183.2 Preparing to unpack .../192-liblilv-0-0_0.24.26-1_amd64.deb ...
#6 183.2 Unpacking liblilv-0-0:amd64 (0.24.26-1) ...
#6 183.5 Selecting previously unselected package libmysofa1:amd64.
#6 183.5 Preparing to unpack .../193-libmysofa1_1.3.3+dfsg-1_amd64.deb ...
#6 183.5 Unpacking libmysofa1:amd64 (1.3.3+dfsg-1) ...
#6 183.7 Selecting previously unselected package libvulkan1:amd64.
#6 183.7 Preparing to unpack .../194-libvulkan1_1.4.309.0-1_amd64.deb ...
#6 183.7 Unpacking libvulkan1:amd64 (1.4.309.0-1) ...
#6 183.9 Selecting previously unselected package libplacebo349:amd64.
#6 183.9 Preparing to unpack .../195-libplacebo349_7.349.0-3_amd64.deb ...
#6 183.9 Unpacking libplacebo349:amd64 (7.349.0-3) ...
#6 184.5 Selecting previously unselected package libblas3:amd64.
#6 184.5 Preparing to unpack .../196-libblas3_3.12.1-6_amd64.deb ...
#6 184.6 Unpacking libblas3:amd64 (3.12.1-6) ...
#6 184.8 Selecting previously unselected package libgfortran5:amd64.
#6 184.8 Preparing to unpack .../197-libgfortran5_14.2.0-19_amd64.deb ...
#6 184.8 Unpacking libgfortran5:amd64 (14.2.0-19) ...
#6 185.1 Selecting previously unselected package liblapack3:amd64.
#6 185.1 Preparing to unpack .../198-liblapack3_3.12.1-6_amd64.deb ...
#6 185.2 Unpacking liblapack3:amd64 (3.12.1-6) ...
#6 185.7 Selecting previously unselected package libasyncns0:amd64.
#6 185.7 Preparing to unpack .../199-libasyncns0_0.8-6+b5_amd64.deb ...
#6 185.7 Unpacking libasyncns0:amd64 (0.8-6+b5) ...
#6 185.8 Selecting previously unselected package libdbus-1-3:amd64.
#6 185.8 Preparing to unpack .../200-libdbus-1-3_1.16.2-2_amd64.deb ...
#6 185.9 Unpacking libdbus-1-3:amd64 (1.16.2-2) ...
#6 186.1 Selecting previously unselected package libflac14:amd64.
#6 186.1 Preparing to unpack .../201-libflac14_1.5.0+ds-2_amd64.deb ...
#6 186.1 Unpacking libflac14:amd64 (1.5.0+ds-2) ...
#6 186.3 Selecting previously unselected package libsndfile1:amd64.
#6 186.3 Preparing to unpack .../202-libsndfile1_1.2.2-2+b1_amd64.deb ...
#6 186.3 Unpacking libsndfile1:amd64 (1.2.2-2+b1) ...
#6 186.5 Selecting previously unselected package libpulse0:amd64.
#6 186.5 Preparing to unpack .../203-libpulse0_17.0+dfsg1-2+b1_amd64.deb ...
#6 186.5 Unpacking libpulse0:amd64 (17.0+dfsg1-2+b1) ...
#6 186.7 Selecting previously unselected package libsphinxbase3t64:amd64.
#6 186.7 Preparing to unpack .../204-libsphinxbase3t64_0.8+5prealpha+1-21+b1_amd64.deb ...
#6 186.7 Unpacking libsphinxbase3t64:amd64 (0.8+5prealpha+1-21+b1) ...
#6 186.8 Selecting previously unselected package libpocketsphinx3:amd64.
#6 186.8 Preparing to unpack .../205-libpocketsphinx3_0.8+5prealpha+1-15+b4_amd64.deb ...
#6 186.8 Unpacking libpocketsphinx3:amd64 (0.8+5prealpha+1-15+b4) ...
#6 187.0 Selecting previously unselected package libpostproc58:amd64.
#6 187.0 Preparing to unpack .../206-libpostproc58_7%3a7.1.3-0+deb13u1_amd64.deb ...
#6 187.0 Unpacking libpostproc58:amd64 (7:7.1.3-0+deb13u1) ...
#6 187.1 Selecting previously unselected package libfftw3-double3:amd64.
#6 187.1 Preparing to unpack .../207-libfftw3-double3_3.3.10-2+b1_amd64.deb ...
#6 187.2 Unpacking libfftw3-double3:amd64 (3.3.10-2+b1) ...
#6 187.4 Selecting previously unselected package libsamplerate0:amd64.
#6 187.4 Preparing to unpack .../208-libsamplerate0_0.2.2-4+b2_amd64.deb ...
#6 187.5 Unpacking libsamplerate0:amd64 (0.2.2-4+b2) ...
#6 187.7 Selecting previously unselected package librubberband2:amd64.
#6 187.7 Preparing to unpack .../209-librubberband2_3.3.0+dfsg-2+b3_amd64.deb ...
#6 187.7 Unpacking librubberband2:amd64 (3.3.0+dfsg-2+b3) ...
#6 187.9 Selecting previously unselected package libswscale8:amd64.
#6 187.9 Preparing to unpack .../210-libswscale8_7%3a7.1.3-0+deb13u1_amd64.deb ...
#6 187.9 Unpacking libswscale8:amd64 (7:7.1.3-0+deb13u1) ...
#6 188.1 Selecting previously unselected package libvidstab1.1:amd64.
#6 188.2 Preparing to unpack .../211-libvidstab1.1_1.1.0-2+b2_amd64.deb ...
#6 188.2 Unpacking libvidstab1.1:amd64 (1.1.0-2+b2) ...
#6 188.3 Selecting previously unselected package libzimg2:amd64.
#6 188.3 Preparing to unpack .../212-libzimg2_3.0.5+ds1-1+b2_amd64.deb ...
#6 188.4 Unpacking libzimg2:amd64 (3.0.5+ds1-1+b2) ...
#6 188.5 Selecting previously unselected package libavfilter10:amd64.
#6 188.5 Preparing to unpack .../213-libavfilter10_7%3a7.1.3-0+deb13u1_amd64.deb ...
#6 188.6 Unpacking libavfilter10:amd64 (7:7.1.3-0+deb13u1) ...
#6 189.4 Selecting previously unselected package libslang2:amd64.
#6 189.4 Preparing to unpack .../214-libslang2_2.3.3-5+b2_amd64.deb ...
#6 189.5 Unpacking libslang2:amd64 (2.3.3-5+b2) ...
#6 189.7 Selecting previously unselected package libcaca0:amd64.
#6 189.8 Preparing to unpack .../215-libcaca0_0.99.beta20-5_amd64.deb ...
#6 189.8 Unpacking libcaca0:amd64 (0.99.beta20-5) ...
#6 190.1 Selecting previously unselected package libcdio19t64:amd64.
#6 190.1 Preparing to unpack .../216-libcdio19t64_2.2.0-4_amd64.deb ...
#6 190.2 Unpacking libcdio19t64:amd64 (2.2.0-4) ...
#6 190.3 Selecting previously unselected package libcdio-cdda2t64:amd64.
#6 190.3 Preparing to unpack .../217-libcdio-cdda2t64_10.2+2.0.2-1+b1_amd64.deb ...
#6 190.4 Unpacking libcdio-cdda2t64:amd64 (10.2+2.0.2-1+b1) ...
#6 190.6 Selecting previously unselected package libcdio-paranoia2t64:amd64.
#6 190.6 Preparing to unpack .../218-libcdio-paranoia2t64_10.2+2.0.2-1+b1_amd64.deb ...
#6 190.6 Unpacking libcdio-paranoia2t64:amd64 (10.2+2.0.2-1+b1) ...
#6 190.8 Selecting previously unselected package libusb-1.0-0:amd64.
#6 190.8 Preparing to unpack .../219-libusb-1.0-0_2%3a1.0.28-1_amd64.deb ...
#6 190.8 Unpacking libusb-1.0-0:amd64 (2:1.0.28-1) ...
#6 191.0 Selecting previously unselected package libdc1394-25:amd64.
#6 191.0 Preparing to unpack .../220-libdc1394-25_2.2.6-5_amd64.deb ...
#6 191.0 Unpacking libdc1394-25:amd64 (2.2.6-5) ...
#6 191.2 Selecting previously unselected package libglvnd0:amd64.
#6 191.2 Preparing to unpack .../221-libglvnd0_1.7.0-1+b2_amd64.deb ...
#6 191.3 Unpacking libglvnd0:amd64 (1.7.0-1+b2) ...
#6 191.4 Selecting previously unselected package libxcb-glx0:amd64.
#6 191.4 Preparing to unpack .../222-libxcb-glx0_1.17.0-2+b1_amd64.deb ...
#6 191.5 Unpacking libxcb-glx0:amd64 (1.17.0-2+b1) ...
#6 191.6 Selecting previously unselected package libxcb-present0:amd64.
#6 191.6 Preparing to unpack .../223-libxcb-present0_1.17.0-2+b1_amd64.deb ...
#6 191.7 Unpacking libxcb-present0:amd64 (1.17.0-2+b1) ...
#6 191.9 Selecting previously unselected package libxcb-xfixes0:amd64.
#6 191.9 Preparing to unpack .../224-libxcb-xfixes0_1.17.0-2+b1_amd64.deb ...
#6 191.9 Unpacking libxcb-xfixes0:amd64 (1.17.0-2+b1) ...
#6 192.4 Selecting previously unselected package libxxf86vm1:amd64.
#6 192.4 Preparing to unpack .../225-libxxf86vm1_1%3a1.1.4-1+b4_amd64.deb ...
#6 192.4 Unpacking libxxf86vm1:amd64 (1:1.1.4-1+b4) ...
#6 192.7 Selecting previously unselected package libdrm-amdgpu1:amd64.
#6 192.7 Preparing to unpack .../226-libdrm-amdgpu1_2.4.124-2_amd64.deb ...
#6 192.7 Unpacking libdrm-amdgpu1:amd64 (2.4.124-2) ...
#6 192.9 Selecting previously unselected package libpciaccess0:amd64.
#6 192.9 Preparing to unpack .../227-libpciaccess0_0.17-3+b3_amd64.deb ...
#6 192.9 Unpacking libpciaccess0:amd64 (0.17-3+b3) ...
#6 193.0 Selecting previously unselected package libdrm-intel1:amd64.
#6 193.1 Preparing to unpack .../228-libdrm-intel1_2.4.124-2_amd64.deb ...
#6 193.1 Unpacking libdrm-intel1:amd64 (2.4.124-2) ...
#6 193.2 Selecting previously unselected package libelf1t64:amd64.
#6 193.2 Preparing to unpack .../229-libelf1t64_0.192-4_amd64.deb ...
#6 193.2 Unpacking libelf1t64:amd64 (0.192-4) ...
#6 193.4 Selecting previously unselected package libedit2:amd64.
#6 193.4 Preparing to unpack .../230-libedit2_3.1-20250104-1_amd64.deb ...
#6 193.4 Unpacking libedit2:amd64 (3.1-20250104-1) ...
#6 193.6 Selecting previously unselected package libz3-4:amd64.
#6 193.6 Preparing to unpack .../231-libz3-4_4.13.3-1_amd64.deb ...
#6 193.6 Unpacking libz3-4:amd64 (4.13.3-1) ...
#6 194.8 Selecting previously unselected package libllvm19:amd64.
#6 194.8 Preparing to unpack .../232-libllvm19_1%3a19.1.7-3+b1_amd64.deb ...
#6 194.8 Unpacking libllvm19:amd64 (1:19.1.7-3+b1) ...
#6 198.6 Selecting previously unselected package libsensors-config.
#6 198.6 Preparing to unpack .../233-libsensors-config_1%3a3.6.2-2_all.deb ...
#6 198.6 Unpacking libsensors-config (1:3.6.2-2) ...
#6 199.0 Selecting previously unselected package libsensors5:amd64.
#6 199.0 Preparing to unpack .../234-libsensors5_1%3a3.6.2-2_amd64.deb ...
#6 199.1 Unpacking libsensors5:amd64 (1:3.6.2-2) ...
#6 199.2 Selecting previously unselected package libxcb-randr0:amd64.
#6 199.3 Preparing to unpack .../235-libxcb-randr0_1.17.0-2+b1_amd64.deb ...
#6 199.3 Unpacking libxcb-randr0:amd64 (1.17.0-2+b1) ...
#6 199.4 Selecting previously unselected package libxcb-sync1:amd64.
#6 199.4 Preparing to unpack .../236-libxcb-sync1_1.17.0-2+b1_amd64.deb ...
#6 199.5 Unpacking libxcb-sync1:amd64 (1.17.0-2+b1) ...
#6 199.7 Selecting previously unselected package libxshmfence1:amd64.
#6 199.7 Preparing to unpack .../237-libxshmfence1_1.3.3-1_amd64.deb ...
#6 199.8 Unpacking libxshmfence1:amd64 (1.3.3-1) ...
#6 199.9 Selecting previously unselected package mesa-libgallium:amd64.
#6 200.0 Preparing to unpack .../238-mesa-libgallium_25.0.7-2_amd64.deb ...
#6 200.0 Unpacking mesa-libgallium:amd64 (25.0.7-2) ...
#6 201.2 Selecting previously unselected package libwayland-server0:amd64.
#6 201.2 Preparing to unpack .../239-libwayland-server0_1.23.1-3_amd64.deb ...
#6 201.2 Unpacking libwayland-server0:amd64 (1.23.1-3) ...
#6 201.4 Selecting previously unselected package libgbm1:amd64.
#6 201.4 Preparing to unpack .../240-libgbm1_25.0.7-2_amd64.deb ...
#6 201.4 Unpacking libgbm1:amd64 (25.0.7-2) ...
#6 201.6 Selecting previously unselected package libgl1-mesa-dri:amd64.
#6 201.6 Preparing to unpack .../241-libgl1-mesa-dri_25.0.7-2_amd64.deb ...
#6 201.7 Unpacking libgl1-mesa-dri:amd64 (25.0.7-2) ...
#6 201.9 Selecting previously unselected package libglx-mesa0:amd64.
#6 201.9 Preparing to unpack .../242-libglx-mesa0_25.0.7-2_amd64.deb ...
#6 201.9 Unpacking libglx-mesa0:amd64 (25.0.7-2) ...
#6 202.1 Selecting previously unselected package libglx0:amd64.
#6 202.1 Preparing to unpack .../243-libglx0_1.7.0-1+b2_amd64.deb ...
#6 202.1 Unpacking libglx0:amd64 (1.7.0-1+b2) ...
#6 202.3 Selecting previously unselected package libgl1:amd64.
#6 202.3 Preparing to unpack .../244-libgl1_1.7.0-1+b2_amd64.deb ...
#6 202.3 Unpacking libgl1:amd64 (1.7.0-1+b2) ...
#6 202.5 Selecting previously unselected package libiec61883-0:amd64.
#6 202.5 Preparing to unpack .../245-libiec61883-0_1.2.0-7_amd64.deb ...
#6 202.5 Unpacking libiec61883-0:amd64 (1.2.0-7) ...
#6 202.7 Selecting previously unselected package libjack-jackd2-0:amd64.
#6 202.7 Preparing to unpack .../246-libjack-jackd2-0_1.9.22~dfsg-4_amd64.deb ...
#6 202.7 Unpacking libjack-jackd2-0:amd64 (1.9.22~dfsg-4) ...
#6 202.9 Selecting previously unselected package libopenal-data.
#6 202.9 Preparing to unpack .../247-libopenal-data_1%3a1.24.2-1_all.deb ...
#6 203.0 Unpacking libopenal-data (1:1.24.2-1) ...
#6 203.2 Selecting previously unselected package libopenal1:amd64.
#6 203.2 Preparing to unpack .../248-libopenal1_1%3a1.24.2-1_amd64.deb ...
#6 203.2 Unpacking libopenal1:amd64 (1:1.24.2-1) ...
#6 203.5 Selecting previously unselected package libwayland-client0:amd64.
#6 203.5 Preparing to unpack .../249-libwayland-client0_1.23.1-3_amd64.deb ...
#6 203.5 Unpacking libwayland-client0:amd64 (1.23.1-3) ...
#6 203.7 Selecting previously unselected package libdecor-0-0:amd64.
#6 203.7 Preparing to unpack .../250-libdecor-0-0_0.2.2-2_amd64.deb ...
#6 203.7 Unpacking libdecor-0-0:amd64 (0.2.2-2) ...
#6 203.9 Selecting previously unselected package libwayland-cursor0:amd64.
#6 204.0 Preparing to unpack .../251-libwayland-cursor0_1.23.1-3_amd64.deb ...
#6 204.0 Unpacking libwayland-cursor0:amd64 (1.23.1-3) ...
#6 204.2 Selecting previously unselected package libwayland-egl1:amd64.
#6 204.2 Preparing to unpack .../252-libwayland-egl1_1.23.1-3_amd64.deb ...
#6 204.2 Unpacking libwayland-egl1:amd64 (1.23.1-3) ...
#6 204.4 Selecting previously unselected package libxcursor1:amd64.
#6 204.4 Preparing to unpack .../253-libxcursor1_1%3a1.2.3-1_amd64.deb ...
#6 204.4 Unpacking libxcursor1:amd64 (1:1.2.3-1) ...
#6 204.6 Selecting previously unselected package libxi6:amd64.
#6 204.6 Preparing to unpack .../254-libxi6_2%3a1.8.2-1_amd64.deb ...
#6 204.6 Unpacking libxi6:amd64 (2:1.8.2-1) ...
#6 204.7 Selecting previously unselected package xkb-data.
#6 204.7 Preparing to unpack .../255-xkb-data_2.42-1_all.deb ...
#6 204.8 Unpacking xkb-data (2.42-1) ...
#6 205.4 Selecting previously unselected package libxkbcommon0:amd64.
#6 205.4 Preparing to unpack .../256-libxkbcommon0_1.7.0-2_amd64.deb ...
#6 205.4 Unpacking libxkbcommon0:amd64 (1.7.0-2) ...
#6 205.6 Selecting previously unselected package libxrandr2:amd64.
#6 205.7 Preparing to unpack .../257-libxrandr2_2%3a1.5.4-1+b3_amd64.deb ...
#6 205.7 Unpacking libxrandr2:amd64 (2:1.5.4-1+b3) ...
#6 206.0 Selecting previously unselected package x11-common.
#6 206.0 Preparing to unpack .../258-x11-common_1%3a7.7+24+deb13u1_all.deb ...
#6 206.1 Unpacking x11-common (1:7.7+24+deb13u1) ...
#6 206.3 Selecting previously unselected package libxss1:amd64.
#6 206.3 Preparing to unpack .../259-libxss1_1%3a1.2.3-1+b3_amd64.deb ...
#6 206.3 Unpacking libxss1:amd64 (1:1.2.3-1+b3) ...
#6 206.5 Selecting previously unselected package libsdl2-2.0-0:amd64.
#6 206.6 Preparing to unpack .../260-libsdl2-2.0-0_2.32.4+dfsg-1_amd64.deb ...
#6 206.6 Unpacking libsdl2-2.0-0:amd64 (2.32.4+dfsg-1) ...
#6 206.9 Selecting previously unselected package libxcb-shape0:amd64.
#6 206.9 Preparing to unpack .../261-libxcb-shape0_1.17.0-2+b1_amd64.deb ...
#6 206.9 Unpacking libxcb-shape0:amd64 (1.17.0-2+b1) ...
#6 207.0 Selecting previously unselected package libxv1:amd64.
#6 207.1 Preparing to unpack .../262-libxv1_2%3a1.0.11-1.1+b3_amd64.deb ...
#6 207.1 Unpacking libxv1:amd64 (2:1.0.11-1.1+b3) ...
#6 207.2 Selecting previously unselected package libavdevice61:amd64.
#6 207.2 Preparing to unpack .../263-libavdevice61_7%3a7.1.3-0+deb13u1_amd64.deb ...
#6 207.2 Unpacking libavdevice61:amd64 (7:7.1.3-0+deb13u1) ...
#6 207.3 Selecting previously unselected package ffmpeg.
#6 207.3 Preparing to unpack .../264-ffmpeg_7%3a7.1.3-0+deb13u1_amd64.deb ...
#6 207.4 Unpacking ffmpeg (7:7.1.3-0+deb13u1) ...
#6 207.6 Selecting previously unselected package libogg-dev:amd64.
#6 207.6 Preparing to unpack .../265-libogg-dev_1.3.5-3+b2_amd64.deb ...
#6 207.6 Unpacking libogg-dev:amd64 (1.3.5-3+b2) ...
#6 207.7 Selecting previously unselected package libflac-dev:amd64.
#6 207.7 Preparing to unpack .../266-libflac-dev_1.5.0+ds-2_amd64.deb ...
#6 207.7 Unpacking libflac-dev:amd64 (1.5.0+ds-2) ...
#6 207.9 Selecting previously unselected package libout123-0t64:amd64.
#6 207.9 Preparing to unpack .../267-libout123-0t64_1.32.10-1_amd64.deb ...
#6 208.0 Unpacking libout123-0t64:amd64 (1.32.10-1) ...
#6 208.2 Selecting previously unselected package libsyn123-0t64:amd64.
#6 208.2 Preparing to unpack .../268-libsyn123-0t64_1.32.10-1_amd64.deb ...
#6 208.2 Unpacking libsyn123-0t64:amd64 (1.32.10-1) ...
#6 208.4 Selecting previously unselected package libmpg123-dev:amd64.
#6 208.4 Preparing to unpack .../269-libmpg123-dev_1.32.10-1_amd64.deb ...
#6 208.4 Unpacking libmpg123-dev:amd64 (1.32.10-1) ...
#6 208.6 Selecting previously unselected package libopus-dev:amd64.
#6 208.6 Preparing to unpack .../270-libopus-dev_1.5.2-2_amd64.deb ...
#6 208.6 Unpacking libopus-dev:amd64 (1.5.2-2) ...
#6 209.0 Selecting previously unselected package libvorbis-dev:amd64.
#6 209.0 Preparing to unpack .../271-libvorbis-dev_1.3.7-3_amd64.deb ...
#6 209.0 Unpacking libvorbis-dev:amd64 (1.3.7-3) ...
#6 209.3 Selecting previously unselected package libsndfile1-dev:amd64.
#6 209.3 Preparing to unpack .../272-libsndfile1-dev_1.2.2-2+b1_amd64.deb ...
#6 209.3 Unpacking libsndfile1-dev:amd64 (1.2.2-2+b1) ...
#6 209.7 Setting up libgme0:amd64 (0.6.3-7+b2) ...
#6 209.8 Setting up libchromaprint1:amd64 (1.5.1-7) ...
#6 209.8 Setting up libhwy1t64:amd64 (1.2.0-2+b2) ...
#6 209.9 Setting up libexpat1:amd64 (2.7.1-2) ...
#6 210.0 Setting up libgraphite2-3:amd64 (1.3.14-2+b1) ...
#6 210.1 Setting up liblcms2-2:amd64 (2.16-2) ...
#6 210.1 Setting up libpixman-1-0:amd64 (0.44.0-3) ...
#6 210.2 Setting up libdvdread8t64:amd64 (6.1.3-2) ...
#6 210.2 Setting up libudfread0:amd64 (1.1.2-1+b2) ...
#6 210.3 Setting up libnorm1t64:amd64 (1.5.9+dfsg-3.1+b2) ...
#6 210.3 Setting up libsharpyuv0:amd64 (1.5.0-0.1) ...
#6 210.4 Setting up libwayland-server0:amd64 (1.23.1-3) ...
#6 210.4 Setting up libaom3:amd64 (3.12.1-1) ...
#6 210.4 Setting up libpciaccess0:amd64 (0.17-3+b3) ...
#6 210.5 Setting up librabbitmq4:amd64 (0.15.0-1) ...
#6 210.5 Setting up libxau6:amd64 (1:1.0.11-1) ...
#6 210.6 Setting up libxdmcp6:amd64 (1:1.1.5-1) ...
#6 210.6 Setting up libraw1394-11:amd64 (2.1.2-2+b2) ...
#6 210.6 Setting up libkeyutils1:amd64 (1.6.3-6) ...
#6 210.7 Setting up libxcb1:amd64 (1.17.0-2+b1) ...
#6 210.7 Setting up libsodium23:amd64 (1.0.18-1+deb13u1) ...
#6 210.7 Setting up libxcb-xfixes0:amd64 (1.17.0-2+b1) ...
#6 210.8 Setting up libogg0:amd64 (1.3.5-3+b2) ...
#6 210.8 Setting up liblerc4:amd64 (4.0.0+ds-5) ...
#6 210.9 Setting up libspeex1:amd64 (1.2.1-3) ...
#6 210.9 Setting up libshine3:amd64 (3.1.1-2+b2) ...
#6 211.0 Setting up libvpl2 (1:2.14.0-1+b1) ...
#6 211.0 Setting up libx264-164:amd64 (2:0.164.3108+git31e19f9-2+b1) ...
#6 211.0 Setting up libtwolame0:amd64 (0.4.0-2+b2) ...
#6 211.1 Setting up libdatrie1:amd64 (0.2.13-3+b1) ...
#6 211.1 Setting up libgdbm-compat4t64:amd64 (1.24-2) ...
#6 211.2 Setting up libgsm1:amd64 (1.0.22-1+b2) ...
#6 211.2 Setting up libxcb-render0:amd64 (1.17.0-2+b1) ...
#6 211.3 Setting up libzix-0-0:amd64 (0.6.2-1) ...
#6 211.3 Setting up libglvnd0:amd64 (1.7.0-1+b2) ...
#6 211.4 Setting up libcodec2-1.2:amd64 (1.2.0-3) ...
#6 211.4 Setting up libxcb-glx0:amd64 (1.17.0-2+b1) ...
#6 211.5 Setting up libbrotli1:amd64 (1.1.0-2+b7) ...
#6 211.5 Setting up libedit2:amd64 (3.1-20250104-1) ...
#6 211.6 Setting up libgdk-pixbuf2.0-common (2.42.12+dfsg-4) ...
#6 211.6 Setting up libmysofa1:amd64 (1.3.3+dfsg-1) ...
#6 211.7 Setting up libxcb-shape0:amd64 (1.17.0-2+b1) ...
#6 211.7 Setting up binutils-common:amd64 (2.44-3) ...
#6 211.7 Setting up x11-common (1:7.7+24+deb13u1) ...
#6 212.3 debconf: unable to initialize frontend: Dialog
#6 212.3 debconf: (TERM is not set, so the dialog frontend is not usable.)
#6 212.3 debconf: falling back to frontend: Readline
#6 212.4 debconf: unable to initialize frontend: Readline
#6 212.4 debconf: (This frontend requires a controlling tty.)
#6 212.4 debconf: falling back to frontend: Teletype
#6 212.4 debconf: unable to initialize frontend: Teletype
#6 212.4 debconf: (This frontend requires a controlling tty.)
#6 212.4 debconf: falling back to frontend: Noninteractive
#6 212.5 invoke-rc.d: could not determine current runlevel
#6 212.6 invoke-rc.d: policy-rc.d denied execution of start.
#6 212.6 Setting up libsensors-config (1:3.6.2-2) ...
#6 212.7 Setting up libnghttp2-14:amd64 (1.64.0-1.1) ...
#6 212.8 Setting up libcdio19t64:amd64 (2.2.0-4) ...
#6 212.8 Setting up libdeflate0:amd64 (1.23-2) ...
#6 212.9 Setting up linux-libc-dev (6.12.73-1) ...
#6 212.9 Setting up libctf-nobfd0:amd64 (2.44-3) ...
#6 213.0 Setting up xkb-data (2.42-1) ...
#6 213.0 Setting up libxcb-shm0:amd64 (1.17.0-2+b1) ...
#6 213.1 Setting up libcom-err2:amd64 (1.47.2-3+b7) ...
#6 213.1 Setting up libogg-dev:amd64 (1.3.5-3+b2) ...
#6 213.1 Setting up libmpg123-0t64:amd64 (1.32.10-1) ...
#6 213.2 Setting up libgomp1:amd64 (14.2.0-19) ...
#6 213.2 Setting up libcjson1:amd64 (1.7.18-3.1+deb13u1) ...
#6 213.2 Setting up libxvidcore4:amd64 (2:1.3.7-1+b2) ...
#6 213.3 Setting up bzip2 (1.0.8-6) ...
#6 213.3 Setting up libjbig0:amd64 (2.1-6.1+b2) ...
#6 213.4 Setting up libsframe1:amd64 (2.44-3) ...
#6 213.4 Setting up libelf1t64:amd64 (0.192-4) ...
#6 213.4 Setting up libjansson4:amd64 (2.14-2+b3) ...
#6 213.5 Setting up libsnappy1v5:amd64 (1.2.2-1) ...
#6 213.5 Setting up libcdio-cdda2t64:amd64 (10.2+2.0.2-1+b1) ...
#6 213.6 Setting up libkrb5support0:amd64 (1.21.3-5) ...
#6 213.6 Setting up libsasl2-modules-db:amd64 (2.1.28+dfsg1-9) ...
#6 213.7 Setting up libxcb-present0:amd64 (1.17.0-2+b1) ...
#6 213.7 Setting up libasound2-data (1.2.14-1) ...
#6 213.8 Setting up libpgm-5.3-0t64:amd64 (5.3.128~dfsg-2.1+b1) ...
#6 213.8 Setting up libtheoraenc1:amd64 (1.2.0~alpha1+dfsg-6) ...
#6 213.9 Setting up libz3-4:amd64 (4.13.3-1) ...
#6 213.9 Setting up libblas3:amd64 (3.12.1-6) ...
#6 213.9 update-alternatives: using /usr/lib/x86_64-linux-gnu/blas/libblas.so.3 to provide /usr/lib/x86_64-linux-gnu/libblas.so.3 (libblas.so.3-x86_64-linux-gnu) in auto mode
#6 214.0 Setting up rpcsvc-proto (1.4.3-1) ...
#6 214.0 Setting up libasound2t64:amd64 (1.2.14-1) ...
#6 214.0 Setting up libjpeg62-turbo:amd64 (1:2.1.5-4) ...
#6 214.1 Setting up libslang2:amd64 (2.3.3-5+b2) ...
#6 214.1 Setting up libva2:amd64 (2.22.0-3) ...
#6 214.2 Setting up libx11-data (2:1.8.12-1) ...
#6 214.3 Setting up make (4.4.1-2) ...
#6 214.4 Setting up libsvtav1enc2:amd64 (2.3.0+dfsg-1) ...
#6 214.4 Setting up libmpfr6:amd64 (4.2.2-1) ...
#6 214.5 Setting up libsyn123-0t64:amd64 (1.32.10-1) ...
#6 214.5 Setting up libxcb-sync1:amd64 (1.17.0-2+b1) ...
#6 214.6 Setting up libdbus-1-3:amd64 (1.16.2-2) ...
#6 214.7 Setting up xz-utils (5.8.1-1) ...
#6 214.7 update-alternatives: using /usr/bin/xz to provide /usr/bin/lzma (lzma) in auto mode
#6 214.7 update-alternatives: warning: skip creation of /usr/share/man/man1/lzma.1.gz because associated file /usr/share/man/man1/xz.1.gz (of link group lzma) doesn't exist
#6 214.7 update-alternatives: warning: skip creation of /usr/share/man/man1/unlzma.1.gz because associated file /usr/share/man/man1/unxz.1.gz (of link group lzma) doesn't exist
#6 214.7 update-alternatives: warning: skip creation of /usr/share/man/man1/lzcat.1.gz because associated file /usr/share/man/man1/xzcat.1.gz (of link group lzma) doesn't exist
#6 214.7 update-alternatives: warning: skip creation of /usr/share/man/man1/lzmore.1.gz because associated file /usr/share/man/man1/xzmore.1.gz (of link group lzma) doesn't exist
#6 214.7 update-alternatives: warning: skip creation of /usr/share/man/man1/lzless.1.gz because associated file /usr/share/man/man1/xzless.1.gz (of link group lzma) doesn't exist
#6 214.7 update-alternatives: warning: skip creation of /usr/share/man/man1/lzdiff.1.gz because associated file /usr/share/man/man1/xzdiff.1.gz (of link group lzma) doesn't exist
#6 214.7 update-alternatives: warning: skip creation of /usr/share/man/man1/lzcmp.1.gz because associated file /usr/share/man/man1/xzcmp.1.gz (of link group lzma) doesn't exist
#6 214.7 update-alternatives: warning: skip creation of /usr/share/man/man1/lzgrep.1.gz because associated file /usr/share/man/man1/xzgrep.1.gz (of link group lzma) doesn't exist
#6 214.7 update-alternatives: warning: skip creation of /usr/share/man/man1/lzegrep.1.gz because associated file /usr/share/man/man1/xzegrep.1.gz (of link group lzma) doesn't exist
#6 214.7 update-alternatives: warning: skip creation of /usr/share/man/man1/lzfgrep.1.gz because associated file /usr/share/man/man1/xzfgrep.1.gz (of link group lzma) doesn't exist
#6 214.8 Setting up libfribidi0:amd64 (1.0.16-1) ...
#6 214.8 Setting up libopus0:amd64 (1.5.2-2) ...
#6 214.9 Setting up libquadmath0:amd64 (14.2.0-19) ...
#6 214.9 Setting up libp11-kit0:amd64 (0.25.5-3) ...
#6 215.0 Setting up libcdio-paranoia2t64:amd64 (10.2+2.0.2-1+b1) ...
#6 215.0 Setting up libunistring5:amd64 (1.3-2) ...
#6 215.1 Setting up fonts-dejavu-mono (2.37-8) ...
#6 215.2 Setting up libpng16-16t64:amd64 (1.6.48-1+deb13u3) ...
#6 215.2 Setting up libmpc3:amd64 (1.3.1-1+b3) ...
#6 215.3 Setting up libatomic1:amd64 (14.2.0-19) ...
#6 215.4 Setting up libvorbis0a:amd64 (1.3.7-3) ...
#6 215.4 Setting up patch (2.8-2) ...
#6 215.5 Setting up fonts-dejavu-core (2.37-8) ...
#6 215.7 Setting up libflac14:amd64 (1.5.0+ds-2) ...
#6 215.8 Setting up libsensors5:amd64 (1:3.6.2-2) ...
#6 215.9 Setting up libk5crypto3:amd64 (1.21.3-5) ...
#6 216.0 Setting up libfftw3-double3:amd64 (3.3.10-2+b1) ...
#6 216.1 Setting up libsasl2-2:amd64 (2.1.28+dfsg1-9) ...
#6 216.1 Setting up libgfortran5:amd64 (14.2.0-19) ...
#6 216.2 Setting up libvulkan1:amd64 (1.4.309.0-1) ...
#6 216.2 Setting up libnghttp3-9:amd64 (1.8.0-1) ...
#6 216.3 Setting up libwebp7:amd64 (1.5.0-0.1) ...
#6 216.3 Setting up libubsan1:amd64 (14.2.0-19) ...
#6 216.4 Setting up libout123-0t64:amd64 (1.32.10-1) ...
#6 216.6 Setting up libnuma1:amd64 (2.0.19-1) ...
#6 216.6 Setting up libvidstab1.1:amd64 (1.1.0-2+b2) ...
#6 216.7 Setting up libvpx9:amd64 (1.15.0-2.1+deb13u1) ...
#6 216.7 Setting up libflite1:amd64 (2.2-7) ...
#6 216.8 Setting up libdav1d7:amd64 (1.5.1-1) ...
#6 216.8 Setting up perl-modules-5.40 (5.40.1-6) ...
#6 216.9 Setting up ocl-icd-libopencl1:amd64 (2.3.3-1) ...
#6 216.9 Setting up libasyncns0:amd64 (0.8-6+b5) ...
#6 216.9 Setting up libxshmfence1:amd64 (1.3.3-1) ...
#6 217.0 Setting up libhwasan0:amd64 (14.2.0-19) ...
#6 217.0 Setting up libcrypt-dev:amd64 (1:4.4.38-1) ...
#6 217.1 Setting up libtiff6:amd64 (4.7.0-3+deb13u1) ...
#6 217.1 Setting up libbs2b0:amd64 (3.1.0+dfsg-8+b1) ...
#6 217.1 Setting up libxcb-randr0:amd64 (1.17.0-2+b1) ...
#6 217.2 Setting up librav1e0.7:amd64 (0.7.1-9+b2) ...
#6 217.2 Setting up libasan8:amd64 (14.2.0-19) ...
#6 217.3 Setting up libtasn1-6:amd64 (4.20.0-2) ...
#6 217.3 Setting up libzimg2:amd64 (3.0.5+ds1-1+b2) ...
#6 217.3 Setting up libopenjp2-7:amd64 (2.5.3-2.1~deb13u1) ...
#6 217.4 Setting up libx11-6:amd64 (2:1.8.12-1) ...
#6 217.4 Setting up libopenal-data (1:1.24.2-1) ...
#6 217.4 Setting up libthai-data (0.1.29-2) ...
#6 217.5 Setting up libkrb5-3:amd64 (1.21.3-5) ...
#6 217.5 Setting up libunibreak6:amd64 (6.1-3) ...
#6 217.6 Setting up libwayland-egl1:amd64 (1.23.1-3) ...
#6 217.6 Setting up libusb-1.0-0:amd64 (2:1.0.28-1) ...
#6 217.7 Setting up libmbedcrypto16:amd64 (3.6.5-0.1~deb13u1) ...
#6 217.7 Setting up libssh2-1t64:amd64 (1.11.1-1) ...
#6 217.7 Setting up libtsan2:amd64 (14.2.0-19) ...
#6 217.8 Setting up libbinutils:amd64 (2.44-3) ...
#6 217.8 Setting up libisl23:amd64 (0.27-1) ...
#6 217.8 Setting up libc-dev-bin (2.41-12+deb13u1) ...
#6 217.8 Setting up libx265-215:amd64 (4.1-2) ...
#6 217.9 Setting up libsamplerate0:amd64 (0.2.2-4+b2) ...
#6 217.9 Setting up libwebpmux3:amd64 (1.5.0-0.1) ...
#6 217.9 Setting up libdrm-common (2.4.124-2) ...
#6 218.0 Setting up libjxl0.11:amd64 (0.11.1-4) ...
#6 218.0 Setting up libxml2:amd64 (2.12.7+dfsg+really2.9.14-2.1+deb13u2) ...
#6 218.1 Setting up libcc1-0:amd64 (14.2.0-19) ...
#6 218.2 Setting up libldap2:amd64 (2.6.10+dfsg-1) ...
#6 218.3 Setting up libzvbi-common (0.2.44-1) ...
#6 218.3 Setting up liblsan0:amd64 (14.2.0-19) ...
#6 218.4 Setting up libmp3lame0:amd64 (3.100-6+b3) ...
#6 218.4 Setting up libitm1:amd64 (14.2.0-19) ...
#6 218.5 Setting up libvorbisenc2:amd64 (1.3.7-3) ...
#6 218.5 Setting up libdvdnav4:amd64 (6.1.1-3+b1) ...
#6 218.6 Setting up libiec61883-0:amd64 (1.2.0-7) ...
#6 218.6 Setting up libserd-0-0:amd64 (0.32.4-1) ...
#6 218.7 Setting up libxkbcommon0:amd64 (1.7.0-2) ...
#6 218.8 Setting up libwayland-client0:amd64 (1.23.1-3) ...
#6 218.8 Setting up libctf0:amd64 (2.44-3) ...
#6 218.9 Setting up libavc1394-0:amd64 (0.5.4-5+b2) ...
#6 218.9 Setting up libxcb-dri3-0:amd64 (1.17.0-2+b1) ...
#6 219.0 Setting up libllvm19:amd64 (1:19.1.7-3+b1) ...
#6 219.0 Setting up libx11-xcb1:amd64 (2:1.8.12-1) ...
#6 219.1 Setting up libflac-dev:amd64 (1.5.0+ds-2) ...
#6 219.1 Setting up liblapack3:amd64 (3.12.1-6) ...
#6 219.2 update-alternatives: using /usr/lib/x86_64-linux-gnu/lapack/liblapack.so.3 to provide /usr/lib/x86_64-linux-gnu/liblapack.so.3 (liblapack.so.3-x86_64-linux-gnu) in auto mode
#6 219.2 Setting up libcaca0:amd64 (0.99.beta20-5) ...
#6 219.2 Setting up libzvbi0t64:amd64 (0.2.44-1) ...
#6 219.3 Setting up libxrender1:amd64 (1:0.9.12-1) ...
#6 219.4 Setting up libsoxr0:amd64 (0.1.3-4+b2) ...
#6 219.4 Setting up fontconfig-config (2.15.0-2.3) ...
#6 219.7 debconf: unable to initialize frontend: Dialog
#6 219.7 debconf: (TERM is not set, so the dialog frontend is not usable.)
#6 219.7 debconf: falling back to frontend: Readline
#6 219.8 debconf: unable to initialize frontend: Readline
#6 219.8 debconf: (This frontend requires a controlling tty.)
#6 219.8 debconf: falling back to frontend: Teletype
#6 219.8 debconf: unable to initialize frontend: Teletype
#6 219.8 debconf: (This frontend requires a controlling tty.)
#6 219.8 debconf: falling back to frontend: Noninteractive
#6 220.0 Setting up libxext6:amd64 (2:1.3.4-1+b3) ...
#6 220.0 Setting up libidn2-0:amd64 (2.3.8-2) ...
#6 220.0 Setting up libopenal1:amd64 (1:1.24.2-1) ...
#6 220.0 Setting up libopus-dev:amd64 (1.5.2-2) ...
#6 220.1 Setting up libmpg123-dev:amd64 (1.32.10-1) ...
#6 220.1 Setting up libxxf86vm1:amd64 (1:1.1.4-1+b4) ...
#6 220.1 Setting up librist4:amd64 (0.2.11+dfsg-1) ...
#6 220.2 Setting up libperl5.40:amd64 (5.40.1-6) ...
#6 220.2 Setting up libthai0:amd64 (0.1.29-2+b1) ...
#6 220.2 Setting up libvorbisfile3:amd64 (1.3.7-3) ...
#6 220.3 Setting up perl (5.40.1-6) ...
#6 220.3 Setting up libglib2.0-0t64:amd64 (2.84.4-3~deb13u2) ...
#6 220.4 No schema files found: doing nothing.
#6 220.4 Setting up libgprofng0:amd64 (2.44-3) ...
#6 220.4 Setting up libfreetype6:amd64 (2.13.3+dfsg-1) ...
#6 220.5 Setting up libxfixes3:amd64 (1:6.0.0-2+b4) ...
#6 220.5 Setting up shared-mime-info (2.4-5+b2) ...
#6 230.2 Setting up libplacebo349:amd64 (7.349.0-3) ...
#6 230.3 Setting up libdc1394-25:amd64 (2.2.6-5) ...
#6 230.3 Setting up libxv1:amd64 (2:1.0.11-1.1+b3) ...
#6 230.3 Setting up libgssapi-krb5-2:amd64 (1.21.3-5) ...
#6 230.4 Setting up libxrandr2:amd64 (2:1.5.4-1+b3) ...
#6 230.4 Setting up cpp-14-x86-64-linux-gnu (14.2.0-19) ...
#6 230.4 Setting up libdpkg-perl (1.22.21) ...
#6 230.5 Setting up libssh-4:amd64 (0.11.2-1+deb13u1) ...
#6 230.5 Setting up cpp-14 (14.2.0-19) ...
#6 230.5 Setting up librubberband2:amd64 (3.3.0+dfsg-2+b3) ...
#6 230.6 Setting up libjack-jackd2-0:amd64 (1.9.22~dfsg-4) ...
#6 230.6 Setting up libdrm2:amd64 (2.4.124-2) ...
#6 230.7 Setting up libva-drm2:amd64 (2.22.0-3) ...
#6 230.7 Setting up libvdpau1:amd64 (1.5-3+b1) ...
#6 230.8 Setting up libsord-0-0:amd64 (0.16.18-1) ...
#6 230.8 Setting up libwayland-cursor0:amd64 (1.23.1-3) ...
#6 230.8 Setting up libsratom-0-0:amd64 (0.6.18-1) ...
#6 230.9 Setting up libdecor-0-0:amd64 (0.2.2-2) ...
#6 230.9 Setting up libc6-dev:amd64 (2.41-12+deb13u1) ...
#6 231.0 Setting up libharfbuzz0b:amd64 (10.2.0-1+b1) ...
#6 231.0 Setting up libgdk-pixbuf-2.0-0:amd64 (2.42.12+dfsg-4) ...
#6 231.1 Setting up libxss1:amd64 (1:1.2.3-1+b3) ...
#6 231.2 Setting up libfontconfig1:amd64 (2.15.0-2.3) ...
#6 231.2 Setting up libsndfile1:amd64 (1.2.2-2+b1) ...
#6 231.3 Setting up libgcc-14-dev:amd64 (14.2.0-19) ...
#6 231.3 Setting up libbluray2:amd64 (1:1.3.4-1+b2) ...
#6 231.3 Setting up libva-x11-2:amd64 (2.22.0-3) ...
#6 231.4 Setting up libstdc++-14-dev:amd64 (14.2.0-19) ...
#6 231.4 Setting up liblilv-0-0:amd64 (0.24.26-1) ...
#6 231.4 Setting up libopenmpt0t64:amd64 (0.7.13-1+b1) ...
#6 231.5 Setting up binutils-x86-64-linux-gnu (2.44-3) ...
#6 231.5 Setting up libdrm-amdgpu1:amd64 (2.4.124-2) ...
#6 231.6 Setting up cpp-x86-64-linux-gnu (4:14.2.0-1) ...
#6 231.6 Setting up libgnutls30t64:amd64 (3.8.9-3+deb13u2) ...
#6 231.7 Setting up libvorbis-dev:amd64 (1.3.7-3) ...
#6 231.7 Setting up fontconfig (2.15.0-2.3) ...
#6 231.8 Regenerating fonts cache... done.
#6 233.9 Setting up libzmq5:amd64 (4.3.5-1+b3) ...
#6 233.9 Setting up libxi6:amd64 (2:1.8.2-1) ...
#6 234.0 Setting up libpulse0:amd64 (17.0+dfsg1-2+b1) ...
#6 234.0 Setting up libxcursor1:amd64 (1:1.2.3-1) ...
#6 234.1 Setting up libpango-1.0-0:amd64 (1.56.3-1) ...
#6 234.1 Setting up libdrm-intel1:amd64 (2.4.124-2) ...
#6 234.2 Setting up libpsl5t64:amd64 (0.21.2-1.1+b1) ...
#6 234.2 Setting up binutils (2.44-3) ...
#6 234.3 Setting up libavutil59:amd64 (7:7.1.3-0+deb13u1) ...
#6 234.3 Setting up libcairo2:amd64 (1.18.4-1+b1) ...
#6 234.4 Setting up dpkg-dev (1.22.21) ...
#6 234.4 Setting up libpostproc58:amd64 (7:7.1.3-0+deb13u1) ...
#6 234.5 Setting up libsphinxbase3t64:amd64 (0.8+5prealpha+1-21+b1) ...
#6 234.5 Setting up libswresample5:amd64 (7:7.1.3-0+deb13u1) ...
#6 234.5 Setting up libswscale8:amd64 (7:7.1.3-0+deb13u1) ...
#6 234.6 Setting up libass9:amd64 (1:0.17.3-1+b1) ...
#6 234.7 Setting up libtheoradec1:amd64 (1.2.0~alpha1+dfsg-6) ...
#6 234.7 Setting up librtmp1:amd64 (2.4+20151223.gitfa8646d.1-2+b5) ...
#6 234.7 Setting up libsndfile1-dev:amd64 (1.2.2-2+b1) ...
#6 234.8 Setting up libsrt1.5-gnutls:amd64 (1.5.4-1) ...
#6 234.8 Setting up cpp (4:14.2.0-1) ...
#6 234.9 Setting up libcairo-gobject2:amd64 (1.18.4-1+b1) ...
#6 235.0 Setting up gcc-14-x86-64-linux-gnu (14.2.0-19) ...
#6 235.0 Setting up libpangoft2-1.0-0:amd64 (1.56.3-1) ...
#6 235.1 Setting up libpangocairo-1.0-0:amd64 (1.56.3-1) ...
#6 235.1 Setting up mesa-libgallium:amd64 (25.0.7-2) ...
#6 235.2 Setting up gcc-x86-64-linux-gnu (4:14.2.0-1) ...
#6 235.2 Setting up libcurl4t64:amd64 (8.14.1-2+deb13u2) ...
#6 235.3 Setting up libgbm1:amd64 (25.0.7-2) ...
#6 235.3 Setting up libgl1-mesa-dri:amd64 (25.0.7-2) ...
#6 235.4 Setting up gcc-14 (14.2.0-19) ...
#6 235.4 Setting up librsvg2-2:amd64 (2.60.0+dfsg-1) ...
#6 235.5 Setting up libpocketsphinx3:amd64 (0.8+5prealpha+1-15+b4) ...
#6 235.5 Setting up libavcodec61:amd64 (7:7.1.3-0+deb13u1) ...
#6 235.5 Setting up g++-14-x86-64-linux-gnu (14.2.0-19) ...
#6 235.6 Setting up g++-x86-64-linux-gnu (4:14.2.0-1) ...
#6 235.6 Setting up curl (8.14.1-2+deb13u2) ...
#6 235.7 Setting up g++-14 (14.2.0-19) ...
#6 235.7 Setting up libsdl2-2.0-0:amd64 (2.32.4+dfsg-1) ...
#6 235.8 Setting up libglx-mesa0:amd64 (25.0.7-2) ...
#6 235.8 Setting up libglx0:amd64 (1.7.0-1+b2) ...
#6 235.9 Setting up libavformat61:amd64 (7:7.1.3-0+deb13u1) ...
#6 235.9 Setting up gcc (4:14.2.0-1) ...
#6 236.0 Setting up libgl1:amd64 (1.7.0-1+b2) ...
#6 236.1 Setting up libavfilter10:amd64 (7:7.1.3-0+deb13u1) ...
#6 236.1 Setting up g++ (4:14.2.0-1) ...
#6 236.2 update-alternatives: using /usr/bin/g++ to provide /usr/bin/c++ (c++) in auto mode
#6 236.3 Setting up build-essential (12.12) ...
#6 236.4 Setting up libavdevice61:amd64 (7:7.1.3-0+deb13u1) ...
#6 236.5 Setting up ffmpeg (7:7.1.3-0+deb13u1) ...
#6 236.5 Processing triggers for libc-bin (2.41-12+deb13u1) ...
#6 DONE 237.3s

#4 [1/7] FROM docker.io/library/python:3.11-slim@sha256:158caf0e080e2cd74ef2879ed3c4e697792ee65251c8208b7afb56683c32ea6c
#4 CACHED

#7 [3/7] WORKDIR /app
#7 DONE 0.3s

#8 [internal] load build context
#8 transferring context: 15.96MB 4.8s
#8 transferring context: 38.41MB 9.9s
#8 transferring context: 73.27MB 15.0s
#8 transferring context: 99.17MB 20.0s
#8 transferring context: 123.09MB 25.1s
#8 transferring context: 144.87MB 30.1s
#8 transferring context: 163.08MB 35.1s
#8 transferring context: 189.49MB 40.3s
#8 transferring context: 223.22MB 45.3s
#8 transferring context: 245.33MB 50.3s
#8 transferring context: 272.48MB 55.3s
#8 transferring context: 294.94MB 60.4s
#8 transferring context: 316.12MB 65.5s
#8 transferring context: 338.00MB 70.5s
#8 transferring context: 365.90MB 75.7s
#8 transferring context: 386.86MB 80.8s
#8 transferring context: 406.64MB 85.8s
#8 transferring context: 425.75MB 90.9s
#8 transferring context: 448.23MB 96.0s
#8 transferring context: 471.01MB 101.0s
#8 transferring context: 500.85MB 106.2s
#8 transferring context: 525.83MB 111.2s
#8 transferring context: 548.97MB 116.3s
#8 transferring context: 580.62MB 121.4s
#8 transferring context: 602.63MB 126.5s
#8 transferring context: 618.35MB 131.6s
#8 transferring context: 639.31MB 136.6s
#8 transferring context: 661.94MB 141.6s
#8 transferring context: 691.52MB 146.7s
#8 transferring context: 721.61MB 151.7s
#8 transferring context: 738.27MB 156.8s
#8 transferring context: 747.70MB 161.9s
#8 transferring context: 754.64MB 167.1s
#8 transferring context: 761.48MB 172.3s
#8 transferring context: 771.22MB 177.3s
#8 transferring context: 774.96MB 182.4s
#8 transferring context: 782.58MB 187.4s
#8 transferring context: 790.26MB 192.5s
#8 transferring context: 801.70MB 197.5s
#8 transferring context: 815.03MB 202.6s
#8 transferring context: 828.67MB 207.7s
#8 transferring context: 832.58MB 212.7s
#8 transferring context: 834.32MB 217.9s
#8 transferring context: 838.81MB 222.9s
#8 transferring context: 846.52MB 227.9s
#8 transferring context: 854.07MB 233.1s
#8 transferring context: 860.98MB 238.2s
#8 transferring context: 871.74MB 243.3s
#8 transferring context: 883.00MB 248.4s
#8 transferring context: 892.25MB 253.4s
#8 transferring context: 894.97MB 258.6s
#8 transferring context: 904.16MB 263.6s
#8 transferring context: 915.20MB 268.9s
#8 transferring context: 927.88MB 273.9s
#8 transferring context: 932.56MB 279.1s
#8 transferring context: 937.33MB 284.1s
#8 transferring context: 941.45MB 289.2s
#8 transferring context: 945.97MB 294.3s
#8 transferring context: 953.01MB 299.3s
#8 transferring context: 962.17MB 304.4s
#8 transferring context: 971.68MB 309.6s
#8 transferring context: 983.25MB 314.7s
#8 transferring context: 992.22MB 319.8s
#8 transferring context: 1.00GB 325.0s
#8 transferring context: 1.01GB 330.0s
#8 transferring context: 1.02GB 335.1s
#8 transferring context: 1.03GB 340.1s
#8 transferring context: 1.04GB 345.4s
#8 transferring context: 1.05GB 350.4s
#8 transferring context: 1.07GB 355.5s
#8 transferring context: 1.08GB 360.5s
#8 transferring context: 1.08GB 365.6s
#8 transferring context: 1.09GB 370.8s
#8 transferring context: 1.09GB 375.8s
#8 transferring context: 1.10GB 380.9s
#8 transferring context: 1.11GB 385.9s
#8 transferring context: 1.12GB 391.0s
#8 transferring context: 1.12GB 396.1s
#8 transferring context: 1.13GB 401.3s
#8 transferring context: 1.14GB 406.3s
#8 transferring context: 1.15GB 411.4s
#8 transferring context: 1.16GB 416.4s
#8 transferring context: 1.16GB 421.4s
#8 transferring context: 1.16GB 426.6s
#8 transferring context: 1.17GB 431.7s
#8 transferring context: 1.18GB 436.7s
#8 transferring context: 1.18GB 441.8s
#8 transferring context: 1.19GB 446.8s
#8 transferring context: 1.19GB 451.8s
#8 transferring context: 1.20GB 456.8s
#8 transferring context: 1.21GB 462.8s
#8 transferring context: 1.22GB 467.9s
#8 transferring context: 1.23GB 473.0s
#8 transferring context: 1.24GB 478.0s
#8 transferring context: 1.25GB 483.2s
#8 transferring context: 1.26GB 488.2s
#8 transferring context: 1.27GB 493.3s
#8 transferring context: 1.28GB 498.4s
#8 transferring context: 1.29GB 503.6s
#8 transferring context: 1.30GB 508.7s
#8 transferring context: 1.31GB 513.7s
#8 transferring context: 1.33GB 518.8s
#8 transferring context: 1.33GB 523.8s
#8 transferring context: 1.35GB 528.9s
#8 transferring context: 1.36GB 534.0s
#8 transferring context: 1.38GB 539.0s
#8 transferring context: 1.38GB 544.2s
#8 transferring context: 1.39GB 549.3s
#8 transferring context: 1.40GB 554.3s
#8 transferring context: 1.41GB 559.4s
#8 transferring context: 1.43GB 564.5s
#8 transferring context: 1.45GB 569.6s
#8 transferring context: 1.46GB 574.8s
#8 transferring context: 1.48GB 579.8s
#8 transferring context: 1.49GB 584.9s
#8 transferring context: 1.50GB 589.9s
#8 transferring context: 1.52GB 594.9s
#8 transferring context: 1.53GB 600.0s
#8 transferring context: 1.54GB 605.2s
#8 transferring context: 1.55GB 610.2s
#8 transferring context: 1.56GB 615.2s
#8 transferring context: 1.57GB 620.3s
#8 transferring context: 1.59GB 625.4s
#8 transferring context: 1.60GB 630.4s
#8 transferring context: 1.61GB 635.5s
#8 transferring context: 1.61GB 640.5s
#8 transferring context: 1.62GB 645.8s
#8 transferring context: 1.63GB 650.8s
#8 transferring context: 1.64GB 655.9s
#8 transferring context: 1.65GB 660.9s
#8 transferring context: 1.65GB 665.9s
#8 transferring context: 1.66GB 671.4s
#8 transferring context: 1.66GB 676.4s
#8 transferring context: 1.68GB 681.5s
#8 transferring context: 1.69GB 686.5s
#8 transferring context: 1.70GB 691.6s
#8 transferring context: 1.71GB 696.7s
#8 transferring context: 1.73GB 701.7s
#8 transferring context: 1.74GB 706.8s
#8 transferring context: 1.75GB 711.9s
#8 transferring context: 1.76GB 716.9s
#8 transferring context: 1.77GB 722.0s
#8 transferring context: 1.79GB 727.0s
#8 transferring context: 1.81GB 732.2s
#8 transferring context: 1.83GB 737.2s
#8 transferring context: 1.86GB 742.4s
#8 transferring context: 1.89GB 747.4s
#8 transferring context: 1.91GB 752.4s
#8 transferring context: 1.93GB 757.5s
#8 transferring context: 1.95GB 762.5s
#8 transferring context: 1.97GB 767.6s
#8 transferring context: 1.99GB 772.7s
#8 transferring context: 2.01GB 777.7s
#8 transferring context: 2.03GB 782.8s
#8 transferring context: 2.06GB 788.0s
#8 transferring context: 2.08GB 793.1s
#8 transferring context: 2.10GB 798.1s
#8 transferring context: 2.12GB 803.1s
#8 transferring context: 2.13GB 808.2s
#8 transferring context: 2.13GB 813.2s
#8 transferring context: 2.15GB 818.3s
#8 transferring context: 2.16GB 823.5s
#8 transferring context: 2.18GB 828.6s
#8 transferring context: 2.21GB 833.6s
#8 transferring context: 2.23GB 838.7s
#8 transferring context: 2.25GB 843.7s
#8 transferring context: 2.27GB 848.8s
#8 transferring context: 2.28GB 854.0s
#8 transferring context: 2.28GB 859.1s
#8 transferring context: 2.29GB 864.1s
#8 transferring context: 2.31GB 869.3s
#8 transferring context: 2.33GB 874.3s
#8 transferring context: 2.35GB 879.4s
#8 transferring context: 2.37GB 884.5s
#8 transferring context: 2.40GB 889.7s
#8 transferring context: 2.44GB 894.9s
#8 transferring context: 2.46GB 899.9s
#8 transferring context: 2.47GB 904.9s
#8 transferring context: 2.51GB 910.0s
#8 transferring context: 2.53GB 915.0s
#8 transferring context: 2.55GB 920.1s
#8 transferring context: 2.58GB 925.2s
#8 transferring context: 2.60GB 930.3s
#8 transferring context: 2.63GB 935.4s
#8 transferring context: 2.65GB 940.4s
#8 transferring context: 2.68GB 945.5s
#8 transferring context: 2.70GB 950.5s
#8 transferring context: 2.73GB 955.6s
#8 transferring context: 2.75GB 960.6s
#8 transferring context: 2.78GB 965.6s
#8 transferring context: 2.79GB 970.7s
#8 transferring context: 2.81GB 975.7s
#8 transferring context: 2.83GB 980.7s
#8 transferring context: 2.85GB 985.8s
#8 transferring context: 2.87GB 990.8s
#8 transferring context: 2.89GB 995.9s
#8 transferring context: 2.90GB 1012.4s
#8 transferring context: 2.90GB 1012.4s done
#8 DONE 1014.4s

#9 [4/7] COPY requirements.txt .
#9 DONE 0.1s

#10 [5/7] RUN pip install --no-cache-dir -r requirements.txt
#10 7.508 Collecting fastapi>=0.104.0 (from -r requirements.txt (line 2))
#10 7.743   Downloading fastapi-0.135.1-py3-none-any.whl.metadata (30 kB)
#10 7.968 Collecting uvicorn>=0.24.0 (from uvicorn[standard]>=0.24.0->-r requirements.txt (line 3))
#10 8.007   Downloading uvicorn-0.41.0-py3-none-any.whl.metadata (6.7 kB)
#10 8.105 Collecting python-multipart>=0.0.6 (from -r requirements.txt (line 4))
#10 8.143   Downloading python_multipart-0.0.22-py3-none-any.whl.metadata (1.8 kB)
#10 8.939 Collecting pydantic>=2.5.0 (from -r requirements.txt (line 7))
#10 8.990   Downloading pydantic-2.12.5-py3-none-any.whl.metadata (90 kB)
#10 9.022      ÔöüÔöüÔöüÔöüÔöüÔöüÔöüÔöüÔöüÔöüÔöüÔöüÔöüÔöüÔöüÔöüÔöüÔöüÔöüÔöüÔöüÔöüÔöüÔöüÔöüÔöüÔöüÔöüÔöüÔöüÔöüÔöüÔöüÔöüÔöüÔöüÔöüÔöüÔöüÔöü 90.6/90.6 kB 4.0 MB/s eta 0:00:00
#10 9.130 Collecting pydantic-settings>=2.1.0 (from -r requirements.txt (line 8))
#10 9.171   Downloading pydantic_settings-2.13.1-py3-none-any.whl.metadata (3.4 kB)
#10 10.52 Collecting sqlalchemy>=2.0.23 (from -r requirements.txt (line 11))
#10 10.56   Downloading sqlalchemy-2.0.48-cp311-cp311-manylinux2014_x86_64.manylinux_2_17_x86_64.manylinux_2_28_x86_64.whl.metadata (9.5 kB)
#10 10.83 Collecting asyncpg>=0.29.0 (from -r requirements.txt (line 12))
#10 10.88   Downloading asyncpg-0.31.0-cp311-cp311-manylinux2014_x86_64.manylinux_2_17_x86_64.manylinux_2_28_x86_64.whl.metadata (4.4 kB)
#10 10.98 Collecting aiosqlite>=0.19.0 (from -r requirements.txt (line 13))
#10 11.02   Downloading aiosqlite-0.22.1-py3-none-any.whl.metadata (4.3 kB)
#10 11.24 Collecting alembic>=1.12.0 (from -r requirements.txt (line 14))
#10 11.28   Downloading alembic-1.18.4-py3-none-any.whl.metadata (7.2 kB)
#10 12.38 Collecting numpy>=1.24.0 (from -r requirements.txt (line 17))
#10 12.42   Downloading numpy-2.4.2-cp311-cp311-manylinux_2_27_x86_64.manylinux_2_28_x86_64.whl.metadata (6.6 kB)
#10 13.34 Collecting scipy>=1.11.0 (from -r requirements.txt (line 18))
#10 13.38   Downloading scipy-1.17.1-cp311-cp311-manylinux_2_27_x86_64.manylinux_2_28_x86_64.whl.metadata (62 kB)
#10 13.40      ÔöüÔöüÔöüÔöüÔöüÔöüÔöüÔöüÔöüÔöüÔöüÔöüÔöüÔöüÔöüÔöüÔöüÔöüÔöüÔöüÔöüÔöüÔöüÔöüÔöüÔöüÔöüÔöüÔöüÔöüÔöüÔöüÔöüÔöüÔöüÔöüÔöüÔöüÔöüÔöü 62.1/62.1 kB 4.6 MB/s eta 0:00:00
#10 13.54 Collecting librosa>=0.10.0 (from -r requirements.txt (line 19))
#10 13.59   Downloading librosa-0.11.0-py3-none-any.whl.metadata (8.7 kB)
#10 13.74 Collecting soundfile>=0.12.0 (from -r requirements.txt (line 20))
#10 13.78   Downloading soundfile-0.13.1-py2.py3-none-manylinux_2_28_x86_64.whl.metadata (16 kB)
#10 13.91 Collecting pydub>=0.25.0 (from -r requirements.txt (line 21))
#10 13.96   Downloading pydub-0.25.1-py2.py3-none-any.whl.metadata (1.4 kB)
#10 14.04 Collecting noisereduce>=3.0.0 (from -r requirements.txt (line 22))
#10 14.09   Downloading noisereduce-3.0.3-py3-none-any.whl.metadata (14 kB)
#10 14.50 Collecting onnxruntime>=1.16.0 (from -r requirements.txt (line 25))
#10 14.54   Downloading onnxruntime-1.24.2-cp311-cp311-manylinux_2_27_x86_64.manylinux_2_28_x86_64.whl.metadata (5.0 kB)
#10 14.77 Collecting birdnet>=0.2.0 (from -r requirements.txt (line 29))
#10 14.82   Downloading birdnet-0.2.12-py3-none-any.whl.metadata (16 kB)
#10 15.42 Collecting tensorflow>=2.13.0 (from -r requirements.txt (line 32))
#10 15.47   Downloading tensorflow-2.20.0-cp311-cp311-manylinux_2_17_x86_64.manylinux2014_x86_64.whl.metadata (4.5 kB)
#10 15.57 Collecting tensorflow-hub>=0.14.0 (from -r requirements.txt (line 33))
#10 15.61   Downloading tensorflow_hub-0.16.1-py2.py3-none-any.whl.metadata (1.3 kB)
#10 15.94 Collecting transformers>=4.35.0 (from -r requirements.txt (line 36))
#10 15.99   Downloading transformers-5.2.0-py3-none-any.whl.metadata (32 kB)
#10 16.27 Collecting torch>=2.0.0 (from -r requirements.txt (line 37))
#10 16.31   Downloading torch-2.10.0-cp311-cp311-manylinux_2_28_x86_64.whl.metadata (31 kB)
#10 16.53 Collecting httpx>=0.25.0 (from -r requirements.txt (line 41))
#10 16.57   Downloading httpx-0.28.1-py3-none-any.whl.metadata (7.1 kB)
#10 19.81 Collecting aiohttp>=3.9.0 (from -r requirements.txt (line 42))
#10 19.85   Downloading aiohttp-3.13.3-cp311-cp311-manylinux2014_x86_64.manylinux_2_17_x86_64.manylinux_2_28_x86_64.whl.metadata (8.1 kB)
#10 19.98 Collecting python-dotenv>=1.0.0 (from -r requirements.txt (line 43))
#10 20.03   Downloading python_dotenv-1.2.2-py3-none-any.whl.metadata (27 kB)
#10 20.52 Collecting websockets>=12.0 (from -r requirements.txt (line 44))
#10 20.57   Downloading websockets-16.0-cp311-cp311-manylinux1_x86_64.manylinux_2_28_x86_64.manylinux_2_5_x86_64.whl.metadata (6.8 kB)
#10 20.93 Collecting redis>=5.0.0 (from -r requirements.txt (line 47))
#10 21.00   Downloading redis-7.2.1-py3-none-any.whl.metadata (12 kB)
#10 21.39 Collecting celery>=5.3.0 (from -r requirements.txt (line 48))
#10 21.43   Downloading celery-5.6.2-py3-none-any.whl.metadata (23 kB)
#10 22.27 Collecting matplotlib>=3.8.0 (from -r requirements.txt (line 54))
#10 22.31   Downloading matplotlib-3.10.8-cp311-cp311-manylinux2014_x86_64.manylinux_2_17_x86_64.whl.metadata (52 kB)
#10 22.33      ÔöüÔöüÔöüÔöüÔöüÔöüÔöüÔöüÔöüÔöüÔöüÔöüÔöüÔöüÔöüÔöüÔöüÔöüÔöüÔöüÔöüÔöüÔöüÔöüÔöüÔöüÔöüÔöüÔöüÔöüÔöüÔöüÔöüÔöüÔöüÔöüÔöüÔöüÔöüÔöü 52.8/52.8 kB 6.2 MB/s eta 0:00:00
#10 22.65 Collecting pytest>=7.4.0 (from -r requirements.txt (line 57))
#10 22.73   Downloading pytest-9.0.2-py3-none-any.whl.metadata (7.6 kB)
#10 22.97 Collecting pytest-asyncio>=0.21.0 (from -r requirements.txt (line 58))
#10 23.01   Downloading pytest_asyncio-1.3.0-py3-none-any.whl.metadata (4.1 kB)
#10 23.16 Collecting pytest-cov>=4.1.0 (from -r requirements.txt (line 59))
#10 23.20   Downloading pytest_cov-7.0.0-py3-none-any.whl.metadata (31 kB)
#10 23.67 Collecting black>=23.0.0 (from -r requirements.txt (line 60))
#10 23.71   Downloading black-26.1.0-cp311-cp311-manylinux2014_x86_64.manylinux_2_17_x86_64.manylinux_2_28_x86_64.whl.metadata (88 kB)
#10 23.76      ÔöüÔöüÔöüÔöüÔöüÔöüÔöüÔöüÔöüÔöüÔöüÔöüÔöüÔöüÔöüÔöüÔöüÔöüÔöüÔöüÔöüÔöüÔöüÔöüÔöüÔöüÔöüÔöüÔöüÔöüÔöüÔöüÔöüÔöüÔöüÔöüÔöüÔöüÔöüÔöü 88.9/88.9 kB 2.3 MB/s eta 0:00:00
#10 26.36 Collecting ruff>=0.1.0 (from -r requirements.txt (line 61))
#10 26.41   Downloading ruff-0.15.4-py3-none-manylinux_2_17_x86_64.manylinux2014_x86_64.whl.metadata (26 kB)
#10 26.86 Collecting mypy>=1.7.0 (from -r requirements.txt (line 62))
#10 26.91   Downloading mypy-1.19.1-cp311-cp311-manylinux2014_x86_64.manylinux_2_17_x86_64.manylinux_2_28_x86_64.whl.metadata (2.2 kB)
#10 27.29 Collecting starlette>=0.46.0 (from fastapi>=0.104.0->-r requirements.txt (line 2))
#10 27.33   Downloading starlette-0.52.1-py3-none-any.whl.metadata (6.3 kB)
#10 27.54 Collecting typing-extensions>=4.8.0 (from fastapi>=0.104.0->-r requirements.txt (line 2))
#10 27.58   Downloading typing_extensions-4.15.0-py3-none-any.whl.metadata (3.3 kB)
#10 27.66 Collecting typing-inspection>=0.4.2 (from fastapi>=0.104.0->-r requirements.txt (line 2))
#10 27.70   Downloading typing_inspection-0.4.2-py3-none-any.whl.metadata (2.6 kB)
#10 27.80 Collecting annotated-doc>=0.0.2 (from fastapi>=0.104.0->-r requirements.txt (line 2))
#10 27.84   Downloading annotated_doc-0.0.4-py3-none-any.whl.metadata (6.6 kB)
#10 28.02 Collecting click>=7.0 (from uvicorn>=0.24.0->uvicorn[standard]>=0.24.0->-r requirements.txt (line 3))
#10 28.06   Downloading click-8.3.1-py3-none-any.whl.metadata (2.6 kB)
#10 28.14 Collecting h11>=0.8 (from uvicorn>=0.24.0->uvicorn[standard]>=0.24.0->-r requirements.txt (line 3))
#10 28.17   Downloading h11-0.16.0-py3-none-any.whl.metadata (8.3 kB)
#10 28.36 Collecting annotated-types>=0.6.0 (from pydantic>=2.5.0->-r requirements.txt (line 7))
#10 28.40   Downloading annotated_types-0.7.0-py3-none-any.whl.metadata (15 kB)
#10 31.49 Collecting pydantic-core==2.41.5 (from pydantic>=2.5.0->-r requirements.txt (line 7))
#10 31.53   Downloading pydantic_core-2.41.5-cp311-cp311-manylinux_2_17_x86_64.manylinux2014_x86_64.whl.metadata (7.3 kB)
#10 32.43 Collecting greenlet>=1 (from sqlalchemy>=2.0.23->-r requirements.txt (line 11))
#10 32.47   Downloading greenlet-3.3.2-cp311-cp311-manylinux_2_24_x86_64.manylinux_2_28_x86_64.whl.metadata (3.7 kB)
#10 32.77 Collecting Mako (from alembic>=1.12.0->-r requirements.txt (line 14))
#10 32.82   Downloading mako-1.3.10-py3-none-any.whl.metadata (2.9 kB)
#10 33.22 Collecting audioread>=2.1.9 (from librosa>=0.10.0->-r requirements.txt (line 19))
#10 33.27   Downloading audioread-3.1.0-py3-none-any.whl.metadata (9.0 kB)
#10 33.75 Collecting numba>=0.51.0 (from librosa>=0.10.0->-r requirements.txt (line 19))
#10 33.80   Downloading numba-0.64.0-cp311-cp311-manylinux2014_x86_64.manylinux_2_17_x86_64.whl.metadata (2.9 kB)
#10 34.35 Collecting scikit-learn>=1.1.0 (from librosa>=0.10.0->-r requirements.txt (line 19))
#10 34.40   Downloading scikit_learn-1.8.0-cp311-cp311-manylinux_2_27_x86_64.manylinux_2_28_x86_64.whl.metadata (11 kB)
#10 34.56 Collecting joblib>=1.0 (from librosa>=0.10.0->-r requirements.txt (line 19))
#10 34.60   Downloading joblib-1.5.3-py3-none-any.whl.metadata (5.5 kB)
#10 34.71 Collecting decorator>=4.3.0 (from librosa>=0.10.0->-r requirements.txt (line 19))
#10 34.75   Downloading decorator-5.2.1-py3-none-any.whl.metadata (3.9 kB)
#10 34.90 Collecting pooch>=1.1 (from librosa>=0.10.0->-r requirements.txt (line 19))
#10 34.94   Downloading pooch-1.9.0-py3-none-any.whl.metadata (10 kB)
#10 35.32 Collecting soxr>=0.3.2 (from librosa>=0.10.0->-r requirements.txt (line 19))
#10 35.36   Downloading soxr-1.0.0-cp311-cp311-manylinux_2_27_x86_64.manylinux_2_28_x86_64.whl.metadata (5.6 kB)
#10 35.46 Collecting lazy_loader>=0.1 (from librosa>=0.10.0->-r requirements.txt (line 19))
#10 35.50   Downloading lazy_loader-0.4-py3-none-any.whl.metadata (7.6 kB)
#10 35.84 Collecting msgpack>=1.0 (from librosa>=0.10.0->-r requirements.txt (line 19))
#10 35.88   Downloading msgpack-1.1.2-cp311-cp311-manylinux2014_x86_64.manylinux_2_17_x86_64.manylinux_2_28_x86_64.whl.metadata (8.1 kB)
#10 36.52 Collecting cffi>=1.0 (from soundfile>=0.12.0->-r requirements.txt (line 20))
#10 36.56   Downloading cffi-2.0.0-cp311-cp311-manylinux2014_x86_64.manylinux_2_17_x86_64.whl.metadata (2.6 kB)
#10 36.98 Collecting tqdm (from noisereduce>=3.0.0->-r requirements.txt (line 22))
#10 37.02   Downloading tqdm-4.67.3-py3-none-any.whl.metadata (57 kB)
#10 37.04      ÔöüÔöüÔöüÔöüÔöüÔöüÔöüÔöüÔöüÔöüÔöüÔöüÔöüÔöüÔöüÔöüÔöüÔöüÔöüÔöüÔöüÔöüÔöüÔöüÔöüÔöüÔöüÔöüÔöüÔöüÔöüÔöüÔöüÔöüÔöüÔöüÔöüÔöüÔöüÔöü 57.7/57.7 kB 4.0 MB/s eta 0:00:00
#10 37.17 Collecting flatbuffers (from onnxruntime>=1.16.0->-r requirements.txt (line 25))
#10 37.21   Downloading flatbuffers-25.12.19-py2.py3-none-any.whl.metadata (1.0 kB)
#10 37.41 Collecting packaging (from onnxruntime>=1.16.0->-r requirements.txt (line 25))
#10 37.46   Downloading packaging-26.0-py3-none-any.whl.metadata (3.3 kB)
#10 38.38 Collecting protobuf (from onnxruntime>=1.16.0->-r requirements.txt (line 25))
#10 38.42   Downloading protobuf-7.34.0-cp310-abi3-manylinux2014_x86_64.whl.metadata (595 bytes)
#10 38.61 Collecting sympy (from onnxruntime>=1.16.0->-r requirements.txt (line 25))
#10 38.64   Downloading sympy-1.14.0-py3-none-any.whl.metadata (12 kB)
#10 39.68 Collecting ordered-set>=4.1.0 (from birdnet>=0.2.0->-r requirements.txt (line 29))
#10 39.72   Downloading ordered_set-4.1.0-py3-none-any.whl.metadata (5.3 kB)
#10 40.51 Collecting pandas>=1.4.0 (from birdnet>=0.2.0->-r requirements.txt (line 29))
#10 40.55   Downloading pandas-3.0.1-cp311-cp311-manylinux_2_24_x86_64.manylinux_2_28_x86_64.whl.metadata (79 kB)
#10 40.57      ÔöüÔöüÔöüÔöüÔöüÔöüÔöüÔöüÔöüÔöüÔöüÔöüÔöüÔöüÔöüÔöüÔöüÔöüÔöüÔöüÔöüÔöüÔöüÔöüÔöüÔöüÔöüÔöüÔöüÔöüÔöüÔöüÔöüÔöüÔöüÔöüÔöüÔöüÔöüÔöü 79.5/79.5 kB 5.0 MB/s eta 0:00:00
#10 41.07 Collecting psutil>=5.9.0 (from birdnet>=0.2.0->-r requirements.txt (line 29))
#10 41.12   Downloading psutil-7.2.2-cp36-abi3-manylinux2010_x86_64.manylinux_2_12_x86_64.manylinux_2_28_x86_64.whl.metadata (22 kB)
#10 41.54 Collecting pyarrow>=7.0.0 (from birdnet>=0.2.0->-r requirements.txt (line 29))
#10 41.59   Downloading pyarrow-23.0.1-cp311-cp311-manylinux_2_28_x86_64.whl.metadata (3.1 kB)
#10 41.72 Collecting kagglehub>=0.3.13 (from birdnet>=0.2.0->-r requirements.txt (line 29))
#10 41.76   Downloading kagglehub-1.0.0-py3-none-any.whl.metadata (40 kB)
#10 41.77      ÔöüÔöüÔöüÔöüÔöüÔöüÔöüÔöüÔöüÔöüÔöüÔöüÔöüÔöüÔöüÔöüÔöüÔöüÔöüÔöüÔöüÔöüÔöüÔöüÔöüÔöüÔöüÔöüÔöüÔöüÔöüÔöüÔöüÔöüÔöüÔöüÔöüÔöüÔöüÔöü 40.1/40.1 kB 9.3 MB/s eta 0:00:00
#10 41.96 Collecting ai-edge-litert>=2.0.2 (from birdnet>=0.2.0->-r requirements.txt (line 29))
#10 42.08   Downloading ai_edge_litert-2.1.2-cp311-cp311-manylinux_2_27_x86_64.whl.metadata (2.1 kB)
#10 42.31 Collecting absl-py>=1.0.0 (from tensorflow>=2.13.0->-r requirements.txt (line 32))
#10 42.36   Downloading absl_py-2.4.0-py3-none-any.whl.metadata (3.3 kB)
#10 42.45 Collecting astunparse>=1.6.0 (from tensorflow>=2.13.0->-r requirements.txt (line 32))
#10 42.49   Downloading astunparse-1.6.3-py2.py3-none-any.whl.metadata (4.4 kB)
#10 42.63 Collecting gast!=0.5.0,!=0.5.1,!=0.5.2,>=0.2.1 (from tensorflow>=2.13.0->-r requirements.txt (line 32))
#10 42.67   Downloading gast-0.7.0-py3-none-any.whl.metadata (1.5 kB)
#10 42.79 Collecting google_pasta>=0.1.1 (from tensorflow>=2.13.0->-r requirements.txt (line 32))
#10 42.84   Downloading google_pasta-0.2.0-py3-none-any.whl.metadata (814 bytes)
#10 42.95 Collecting libclang>=13.0.0 (from tensorflow>=2.13.0->-r requirements.txt (line 32))
#10 43.00   Downloading libclang-18.1.1-py2.py3-none-manylinux2010_x86_64.whl.metadata (5.2 kB)
#10 43.10 Collecting opt_einsum>=2.3.2 (from tensorflow>=2.13.0->-r requirements.txt (line 32))
#10 43.14   Downloading opt_einsum-3.4.0-py3-none-any.whl.metadata (6.3 kB)
#10 43.33 Collecting requests<3,>=2.21.0 (from tensorflow>=2.13.0->-r requirements.txt (line 32))
#10 43.36   Downloading requests-2.32.5-py3-none-any.whl.metadata (4.9 kB)
#10 43.38 Requirement already satisfied: setuptools in /usr/local/lib/python3.11/site-packages (from tensorflow>=2.13.0->-r requirements.txt (line 32)) (79.0.1)
#10 43.48 Collecting six>=1.12.0 (from tensorflow>=2.13.0->-r requirements.txt (line 32))
#10 43.52   Downloading six-1.17.0-py2.py3-none-any.whl.metadata (1.7 kB)
#10 43.61 Collecting termcolor>=1.1.0 (from tensorflow>=2.13.0->-r requirements.txt (line 32))
#10 43.65   Downloading termcolor-3.3.0-py3-none-any.whl.metadata (6.5 kB)
#10 44.43 Collecting wrapt>=1.11.0 (from tensorflow>=2.13.0->-r requirements.txt (line 32))
#10 44.47   Downloading wrapt-2.1.1-cp311-cp311-manylinux1_x86_64.manylinux_2_28_x86_64.manylinux_2_5_x86_64.whl.metadata (7.4 kB)
#10 48.08 Collecting grpcio<2.0,>=1.24.3 (from tensorflow>=2.13.0->-r requirements.txt (line 32))
#10 48.12   Downloading grpcio-1.78.0-cp311-cp311-manylinux2014_x86_64.manylinux_2_17_x86_64.whl.metadata (3.8 kB)
#10 48.26 Collecting tensorboard~=2.20.0 (from tensorflow>=2.13.0->-r requirements.txt (line 32))
#10 48.29   Downloading tensorboard-2.20.0-py3-none-any.whl.metadata (1.8 kB)
#10 48.53 Collecting keras>=3.10.0 (from tensorflow>=2.13.0->-r requirements.txt (line 32))
#10 48.58   Downloading keras-3.13.2-py3-none-any.whl.metadata (6.3 kB)
#10 48.82 Collecting h5py>=3.11.0 (from tensorflow>=2.13.0->-r requirements.txt (line 32))
#10 48.86   Downloading h5py-3.15.1-cp311-cp311-manylinux_2_27_x86_64.manylinux_2_28_x86_64.whl.metadata (3.0 kB)
#10 49.05 Collecting ml_dtypes<1.0.0,>=0.5.1 (from tensorflow>=2.13.0->-r requirements.txt (line 32))
#10 49.09   Downloading ml_dtypes-0.5.4-cp311-cp311-manylinux_2_27_x86_64.manylinux_2_28_x86_64.whl.metadata (8.9 kB)
#10 49.37 Collecting tf-keras>=2.14.1 (from tensorflow-hub>=0.14.0->-r requirements.txt (line 33))
#10 49.41   Downloading tf_keras-2.20.1-py3-none-any.whl.metadata (1.8 kB)
#10 50.52 Collecting huggingface-hub<2.0,>=1.3.0 (from transformers>=4.35.0->-r requirements.txt (line 36))
#10 50.56   Downloading huggingface_hub-1.5.0-py3-none-any.whl.metadata (13 kB)
#10 50.93 Collecting pyyaml>=5.1 (from transformers>=4.35.0->-r requirements.txt (line 36))
#10 50.97   Downloading pyyaml-6.0.3-cp311-cp311-manylinux2014_x86_64.manylinux_2_17_x86_64.manylinux_2_28_x86_64.whl.metadata (2.4 kB)
#10 52.83 Collecting regex!=2019.12.17 (from transformers>=4.35.0->-r requirements.txt (line 36))
#10 52.88   Downloading regex-2026.2.28-cp311-cp311-manylinux2014_x86_64.manylinux_2_17_x86_64.manylinux_2_28_x86_64.whl.metadata (40 kB)
#10 52.89      ÔöüÔöüÔöüÔöüÔöüÔöüÔöüÔöüÔöüÔöüÔöüÔöüÔöüÔöüÔöüÔöüÔöüÔöüÔöüÔöüÔöüÔöüÔöüÔöüÔöüÔöüÔöüÔöüÔöüÔöüÔöüÔöüÔöüÔöüÔöüÔöüÔöüÔöüÔöüÔöü 40.4/40.4 kB 43.4 MB/s eta 0:00:00
#10 53.83 Collecting tokenizers<=0.23.0,>=0.22.0 (from transformers>=4.35.0->-r requirements.txt (line 36))
#10 53.87   Downloading tokenizers-0.22.2-cp39-abi3-manylinux_2_17_x86_64.manylinux2014_x86_64.whl.metadata (7.3 kB)
#10 53.99 Collecting typer-slim (from transformers>=4.35.0->-r requirements.txt (line 36))
#10 54.04   Downloading typer_slim-0.24.0-py3-none-any.whl.metadata (4.2 kB)
#10 54.69 Collecting safetensors>=0.4.3 (from transformers>=4.35.0->-r requirements.txt (line 36))
#10 54.73   Downloading safetensors-0.7.0-cp38-abi3-manylinux_2_17_x86_64.manylinux2014_x86_64.whl.metadata (4.1 kB)
#10 55.11 Collecting filelock (from torch>=2.0.0->-r requirements.txt (line 37))
#10 55.15   Downloading filelock-3.25.0-py3-none-any.whl.metadata (2.0 kB)
#10 55.33 Collecting networkx>=2.5.1 (from torch>=2.0.0->-r requirements.txt (line 37))
#10 55.37   Downloading networkx-3.6.1-py3-none-any.whl.metadata (6.8 kB)
#10 55.47 Collecting jinja2 (from torch>=2.0.0->-r requirements.txt (line 37))
#10 55.51   Downloading jinja2-3.1.6-py3-none-any.whl.metadata (2.9 kB)
#10 55.70 Collecting fsspec>=0.8.5 (from torch>=2.0.0->-r requirements.txt (line 37))
#10 55.75   Downloading fsspec-2026.2.0-py3-none-any.whl.metadata (10 kB)
#10 55.92 Collecting cuda-bindings==12.9.4 (from torch>=2.0.0->-r requirements.txt (line 37))
#10 55.95   Downloading cuda_bindings-12.9.4-cp311-cp311-manylinux_2_24_x86_64.manylinux_2_28_x86_64.whl.metadata (2.6 kB)
#10 56.05 Collecting nvidia-cuda-nvrtc-cu12==12.8.93 (from torch>=2.0.0->-r requirements.txt (line 37))
#10 56.09   Downloading nvidia_cuda_nvrtc_cu12-12.8.93-py3-none-manylinux2010_x86_64.manylinux_2_12_x86_64.whl.metadata (1.7 kB)
#10 56.19 Collecting nvidia-cuda-runtime-cu12==12.8.90 (from torch>=2.0.0->-r requirements.txt (line 37))
#10 56.23   Downloading nvidia_cuda_runtime_cu12-12.8.90-py3-none-manylinux2014_x86_64.manylinux_2_17_x86_64.whl.metadata (1.7 kB)
#10 56.33 Collecting nvidia-cuda-cupti-cu12==12.8.90 (from torch>=2.0.0->-r requirements.txt (line 37))
#10 56.38   Downloading nvidia_cuda_cupti_cu12-12.8.90-py3-none-manylinux2014_x86_64.manylinux_2_17_x86_64.whl.metadata (1.7 kB)
#10 56.52 Collecting nvidia-cudnn-cu12==9.10.2.21 (from torch>=2.0.0->-r requirements.txt (line 37))
#10 56.57   Downloading nvidia_cudnn_cu12-9.10.2.21-py3-none-manylinux_2_27_x86_64.whl.metadata (1.8 kB)
#10 56.67 Collecting nvidia-cublas-cu12==12.8.4.1 (from torch>=2.0.0->-r requirements.txt (line 37))
#10 56.70   Downloading nvidia_cublas_cu12-12.8.4.1-py3-none-manylinux_2_27_x86_64.whl.metadata (1.7 kB)
#10 56.81 Collecting nvidia-cufft-cu12==11.3.3.83 (from torch>=2.0.0->-r requirements.txt (line 37))
#10 56.86   Downloading nvidia_cufft_cu12-11.3.3.83-py3-none-manylinux2014_x86_64.manylinux_2_17_x86_64.whl.metadata (1.7 kB)
#10 56.96 Collecting nvidia-curand-cu12==10.3.9.90 (from torch>=2.0.0->-r requirements.txt (line 37))
#10 57.00   Downloading nvidia_curand_cu12-10.3.9.90-py3-none-manylinux_2_27_x86_64.whl.metadata (1.7 kB)
#10 57.12 Collecting nvidia-cusolver-cu12==11.7.3.90 (from torch>=2.0.0->-r requirements.txt (line 37))
#10 57.19   Downloading nvidia_cusolver_cu12-11.7.3.90-py3-none-manylinux_2_27_x86_64.whl.metadata (1.8 kB)
#10 57.29 Collecting nvidia-cusparse-cu12==12.5.8.93 (from torch>=2.0.0->-r requirements.txt (line 37))
#10 57.34   Downloading nvidia_cusparse_cu12-12.5.8.93-py3-none-manylinux2014_x86_64.manylinux_2_17_x86_64.whl.metadata (1.8 kB)
#10 57.45 Collecting nvidia-cusparselt-cu12==0.7.1 (from torch>=2.0.0->-r requirements.txt (line 37))
#10 57.49   Downloading nvidia_cusparselt_cu12-0.7.1-py3-none-manylinux2014_x86_64.whl.metadata (7.0 kB)
#10 57.61 Collecting nvidia-nccl-cu12==2.27.5 (from torch>=2.0.0->-r requirements.txt (line 37))
#10 57.64   Downloading nvidia_nccl_cu12-2.27.5-py3-none-manylinux2014_x86_64.manylinux_2_17_x86_64.whl.metadata (2.0 kB)
#10 57.72 Collecting nvidia-nvshmem-cu12==3.4.5 (from torch>=2.0.0->-r requirements.txt (line 37))
#10 57.76   Downloading nvidia_nvshmem_cu12-3.4.5-py3-none-manylinux2014_x86_64.manylinux_2_17_x86_64.whl.metadata (2.1 kB)
#10 57.86 Collecting nvidia-nvtx-cu12==12.8.90 (from torch>=2.0.0->-r requirements.txt (line 37))
#10 57.90   Downloading nvidia_nvtx_cu12-12.8.90-py3-none-manylinux2014_x86_64.manylinux_2_17_x86_64.whl.metadata (1.8 kB)
#10 58.00 Collecting nvidia-nvjitlink-cu12==12.8.93 (from torch>=2.0.0->-r requirements.txt (line 37))
#10 58.04   Downloading nvidia_nvjitlink_cu12-12.8.93-py3-none-manylinux2010_x86_64.manylinux_2_12_x86_64.whl.metadata (1.7 kB)
#10 58.13 Collecting nvidia-cufile-cu12==1.13.1.3 (from torch>=2.0.0->-r requirements.txt (line 37))
#10 58.17   Downloading nvidia_cufile_cu12-1.13.1.3-py3-none-manylinux2014_x86_64.manylinux_2_17_x86_64.whl.metadata (1.7 kB)
#10 58.29 Collecting triton==3.6.0 (from torch>=2.0.0->-r requirements.txt (line 37))
#10 58.32   Downloading triton-3.6.0-cp311-cp311-manylinux_2_27_x86_64.manylinux_2_28_x86_64.whl.metadata (1.7 kB)
#10 58.45 Collecting cuda-pathfinder~=1.1 (from cuda-bindings==12.9.4->torch>=2.0.0->-r requirements.txt (line 37))
#10 58.51   Downloading cuda_pathfinder-1.4.0-py3-none-any.whl.metadata (1.9 kB)
#10 59.07 Collecting anyio (from httpx>=0.25.0->-r requirements.txt (line 41))
#10 59.10   Downloading anyio-4.12.1-py3-none-any.whl.metadata (4.3 kB)
#10 59.21 Collecting certifi (from httpx>=0.25.0->-r requirements.txt (line 41))
#10 59.25   Downloading certifi-2026.2.25-py3-none-any.whl.metadata (2.5 kB)
#10 59.41 Collecting httpcore==1.* (from httpx>=0.25.0->-r requirements.txt (line 41))
#10 59.45   Downloading httpcore-1.0.9-py3-none-any.whl.metadata (21 kB)
#10 59.55 Collecting idna (from httpx>=0.25.0->-r requirements.txt (line 41))
#10 59.58   Downloading idna-3.11-py3-none-any.whl.metadata (8.4 kB)
#10 59.74 Collecting aiohappyeyeballs>=2.5.0 (from aiohttp>=3.9.0->-r requirements.txt (line 42))
#10 59.78   Downloading aiohappyeyeballs-2.6.1-py3-none-any.whl.metadata (5.9 kB)
#10 59.85 Collecting aiosignal>=1.4.0 (from aiohttp>=3.9.0->-r requirements.txt (line 42))
#10 59.88   Downloading aiosignal-1.4.0-py3-none-any.whl.metadata (3.7 kB)
#10 59.97 Collecting attrs>=17.3.0 (from aiohttp>=3.9.0->-r requirements.txt (line 42))
#10 60.00   Downloading attrs-25.4.0-py3-none-any.whl.metadata (10 kB)
#10 60.25 Collecting frozenlist>=1.1.1 (from aiohttp>=3.9.0->-r requirements.txt (line 42))
#10 60.29   Downloading frozenlist-1.8.0-cp311-cp311-manylinux1_x86_64.manylinux_2_28_x86_64.manylinux_2_5_x86_64.whl.metadata (20 kB)
#10 62.27 Collecting multidict<7.0,>=4.5 (from aiohttp>=3.9.0->-r requirements.txt (line 42))
#10 62.31   Downloading multidict-6.7.1-cp311-cp311-manylinux2014_x86_64.manylinux_2_17_x86_64.manylinux_2_28_x86_64.whl.metadata (5.3 kB)
#10 62.60 Collecting propcache>=0.2.0 (from aiohttp>=3.9.0->-r requirements.txt (line 42))
#10 62.64   Downloading propcache-0.4.1-cp311-cp311-manylinux2014_x86_64.manylinux_2_17_x86_64.manylinux_2_28_x86_64.whl.metadata (13 kB)
#10 63.88 Collecting yarl<2.0,>=1.17.0 (from aiohttp>=3.9.0->-r requirements.txt (line 42))
#10 63.92   Downloading yarl-1.23.0-cp311-cp311-manylinux2014_x86_64.manylinux_2_17_x86_64.manylinux_2_28_x86_64.whl.metadata (79 kB)
#10 63.93      ÔöüÔöüÔöüÔöüÔöüÔöüÔöüÔöüÔöüÔöüÔöüÔöüÔöüÔöüÔöüÔöüÔöüÔöüÔöüÔöüÔöüÔöüÔöüÔöüÔöüÔöüÔöüÔöüÔöüÔöüÔöüÔöüÔöüÔöüÔöüÔöüÔöüÔöüÔöüÔöü 79.6/79.6 kB 12.1 MB/s eta 0:00:00
#10 64.41 Collecting billiard<5.0,>=4.2.1 (from celery>=5.3.0->-r requirements.txt (line 48))
#10 64.46   Downloading billiard-4.2.4-py3-none-any.whl.metadata (4.8 kB)
#10 64.67 Collecting kombu>=5.6.0 (from celery>=5.3.0->-r requirements.txt (line 48))
#10 64.71   Downloading kombu-5.6.2-py3-none-any.whl.metadata (3.5 kB)
#10 64.81 Collecting vine<6.0,>=5.1.0 (from celery>=5.3.0->-r requirements.txt (line 48))
#10 64.85   Downloading vine-5.1.0-py3-none-any.whl.metadata (2.7 kB)
#10 64.97 Collecting click-didyoumean>=0.3.0 (from celery>=5.3.0->-r requirements.txt (line 48))
#10 65.02   Downloading click_didyoumean-0.3.1-py3-none-any.whl.metadata (3.9 kB)
#10 65.13 Collecting click-repl>=0.2.0 (from celery>=5.3.0->-r requirements.txt (line 48))
#10 65.16   Downloading click_repl-0.3.0-py3-none-any.whl.metadata (3.6 kB)
#10 65.26 Collecting click-plugins>=1.1.1 (from celery>=5.3.0->-r requirements.txt (line 48))
#10 65.32   Downloading click_plugins-1.1.1.2-py2.py3-none-any.whl.metadata (6.5 kB)
#10 65.43 Collecting python-dateutil>=2.8.2 (from celery>=5.3.0->-r requirements.txt (line 48))
#10 65.47   Downloading python_dateutil-2.9.0.post0-py2.py3-none-any.whl.metadata (8.4 kB)
#10 65.58 Collecting tzlocal (from celery>=5.3.0->-r requirements.txt (line 48))
#10 65.62   Downloading tzlocal-5.3.1-py3-none-any.whl.metadata (7.6 kB)
#10 66.05 Collecting contourpy>=1.0.1 (from matplotlib>=3.8.0->-r requirements.txt (line 54))
#10 66.09   Downloading contourpy-1.3.3-cp311-cp311-manylinux_2_27_x86_64.manylinux_2_28_x86_64.whl.metadata (5.5 kB)
#10 66.18 Collecting cycler>=0.10 (from matplotlib>=3.8.0->-r requirements.txt (line 54))
#10 66.22   Downloading cycler-0.12.1-py3-none-any.whl.metadata (3.8 kB)
#10 67.14 Collecting fonttools>=4.22.0 (from matplotlib>=3.8.0->-r requirements.txt (line 54))
#10 67.18   Downloading fonttools-4.61.1-cp311-cp311-manylinux2014_x86_64.manylinux_2_17_x86_64.whl.metadata (114 kB)
#10 67.21      ÔöüÔöüÔöüÔöüÔöüÔöüÔöüÔöüÔöüÔöüÔöüÔöüÔöüÔöüÔöüÔöüÔöüÔöüÔöüÔöüÔöüÔöüÔöüÔöüÔöüÔöüÔöüÔöüÔöüÔöüÔöüÔöüÔöüÔöüÔöüÔöüÔöüÔöüÔöü 114.2/114.2 kB 4.2 MB/s eta 0:00:00
#10 67.58 Collecting kiwisolver>=1.3.1 (from matplotlib>=3.8.0->-r requirements.txt (line 54))
#10 67.62   Downloading kiwisolver-1.4.9-cp311-cp311-manylinux2014_x86_64.manylinux_2_17_x86_64.whl.metadata (6.3 kB)
#10 68.66 Collecting pillow>=8 (from matplotlib>=3.8.0->-r requirements.txt (line 54))
#10 68.72   Downloading pillow-12.1.1-cp311-cp311-manylinux_2_27_x86_64.manylinux_2_28_x86_64.whl.metadata (8.8 kB)
#10 68.94 Collecting pyparsing>=3 (from matplotlib>=3.8.0->-r requirements.txt (line 54))
#10 68.98   Downloading pyparsing-3.3.2-py3-none-any.whl.metadata (5.8 kB)
#10 69.15 Collecting iniconfig>=1.0.1 (from pytest>=7.4.0->-r requirements.txt (line 57))
#10 69.20   Downloading iniconfig-2.3.0-py3-none-any.whl.metadata (2.5 kB)
#10 69.33 Collecting pluggy<2,>=1.5 (from pytest>=7.4.0->-r requirements.txt (line 57))
#10 69.39   Downloading pluggy-1.6.0-py3-none-any.whl.metadata (4.8 kB)
#10 69.57 Collecting pygments>=2.7.2 (from pytest>=7.4.0->-r requirements.txt (line 57))
#10 69.62   Downloading pygments-2.19.2-py3-none-any.whl.metadata (2.5 kB)
#10 72.85 Collecting coverage>=7.10.6 (from coverage[toml]>=7.10.6->pytest-cov>=4.1.0->-r requirements.txt (line 59))
#10 72.88   Downloading coverage-7.13.4-cp311-cp311-manylinux1_x86_64.manylinux_2_28_x86_64.manylinux_2_5_x86_64.whl.metadata (8.5 kB)
#10 73.12 Collecting mypy-extensions>=0.4.3 (from black>=23.0.0->-r requirements.txt (line 60))
#10 73.16   Downloading mypy_extensions-1.1.0-py3-none-any.whl.metadata (1.1 kB)
#10 73.23 Collecting pathspec>=1.0.0 (from black>=23.0.0->-r requirements.txt (line 60))
#10 73.26   Downloading pathspec-1.0.4-py3-none-any.whl.metadata (13 kB)
#10 73.43 Collecting platformdirs>=2 (from black>=23.0.0->-r requirements.txt (line 60))
#10 73.47   Downloading platformdirs-4.9.2-py3-none-any.whl.metadata (4.7 kB)
#10 73.57 Collecting pytokens>=0.3.0 (from black>=23.0.0->-r requirements.txt (line 60))
#10 73.60   Downloading pytokens-0.4.1-cp311-cp311-manylinux2014_x86_64.manylinux_2_17_x86_64.manylinux_2_28_x86_64.whl.metadata (3.8 kB)
#10 74.27 Collecting librt>=0.6.2 (from mypy>=1.7.0->-r requirements.txt (line 62))
#10 74.31   Downloading librt-0.8.1-cp311-cp311-manylinux2014_x86_64.manylinux_2_17_x86_64.manylinux_2_28_x86_64.whl.metadata (1.3 kB)
#10 74.59 Collecting httptools>=0.6.3 (from uvicorn[standard]>=0.24.0->-r requirements.txt (line 3))
#10 74.64   Downloading httptools-0.7.1-cp311-cp311-manylinux1_x86_64.manylinux_2_28_x86_64.manylinux_2_5_x86_64.whl.metadata (3.5 kB)
#10 74.83 Collecting uvloop>=0.15.1 (from uvicorn[standard]>=0.24.0->-r requirements.txt (line 3))
#10 74.87   Downloading uvloop-0.22.1-cp311-cp311-manylinux2014_x86_64.manylinux_2_17_x86_64.manylinux_2_28_x86_64.whl.metadata (4.9 kB)
#10 75.35 Collecting watchfiles>=0.20 (from uvicorn[standard]>=0.24.0->-r requirements.txt (line 3))
#10 75.40   Downloading watchfiles-1.1.1-cp311-cp311-manylinux_2_17_x86_64.manylinux2014_x86_64.whl.metadata (4.9 kB)
#10 75.62 Collecting backports.strenum (from ai-edge-litert>=2.0.2->birdnet>=0.2.0->-r requirements.txt (line 29))
#10 75.67   Downloading backports_strenum-1.2.8-py3-none-any.whl.metadata (3.6 kB)
#10 76.01 Requirement already satisfied: wheel<1.0,>=0.23.0 in /usr/local/lib/python3.11/site-packages (from astunparse>=1.6.0->tensorflow>=2.13.0->-r requirements.txt (line 32)) (0.45.1)
#10 76.26 Collecting pycparser (from cffi>=1.0->soundfile>=0.12.0->-r requirements.txt (line 20))
#10 76.30   Downloading pycparser-3.0-py3-none-any.whl.metadata (8.2 kB)
#10 76.75 Collecting prompt-toolkit>=3.0.36 (from click-repl>=0.2.0->celery>=5.3.0->-r requirements.txt (line 48))
#10 76.79   Downloading prompt_toolkit-3.0.52-py3-none-any.whl.metadata (6.4 kB)
#10 78.96 Collecting hf-xet<2.0.0,>=1.2.0 (from huggingface-hub<2.0,>=1.3.0->transformers>=4.35.0->-r requirements.txt (line 36))
#10 79.00   Downloading hf_xet-1.3.2-cp37-abi3-manylinux2014_x86_64.manylinux_2_17_x86_64.whl.metadata (4.9 kB)
#10 79.25 Collecting typer (from huggingface-hub<2.0,>=1.3.0->transformers>=4.35.0->-r requirements.txt (line 36))
#10 79.29   Downloading typer-0.24.1-py3-none-any.whl.metadata (16 kB)
#10 79.61 Collecting kagglesdk<1.0,>=0.1.14 (from kagglehub>=0.3.13->birdnet>=0.2.0->-r requirements.txt (line 29))
#10 79.66   Downloading kagglesdk-0.1.16-py3-none-any.whl.metadata (13 kB)
#10 80.12 Collecting rich (from keras>=3.10.0->tensorflow>=2.13.0->-r requirements.txt (line 32))
#10 80.17   Downloading rich-14.3.3-py3-none-any.whl.metadata (18 kB)
#10 80.30 Collecting namex (from keras>=3.10.0->tensorflow>=2.13.0->-r requirements.txt (line 32))
#10 80.34   Downloading namex-0.1.0-py3-none-any.whl.metadata (322 bytes)
#10 80.88 Collecting optree (from keras>=3.10.0->tensorflow>=2.13.0->-r requirements.txt (line 32))
#10 80.92   Downloading optree-0.19.0-cp311-cp311-manylinux_2_27_x86_64.manylinux_2_28_x86_64.whl.metadata (34 kB)
#10 81.29 Collecting amqp<6.0.0,>=5.1.1 (from kombu>=5.6.0->celery>=5.3.0->-r requirements.txt (line 48))
#10 81.33   Downloading amqp-5.3.1-py3-none-any.whl.metadata (8.9 kB)
#10 81.50 Collecting tzdata>=2025.2 (from kombu>=5.6.0->celery>=5.3.0->-r requirements.txt (line 48))
#10 81.56   Downloading tzdata-2025.3-py2.py3-none-any.whl.metadata (1.4 kB)
#10 82.94 Collecting llvmlite<0.47,>=0.46.0dev0 (from numba>=0.51.0->librosa>=0.10.0->-r requirements.txt (line 19))
#10 83.00   Downloading llvmlite-0.46.0-cp311-cp311-manylinux2014_x86_64.manylinux_2_17_x86_64.whl.metadata (5.0 kB)
#10 85.52 Collecting charset_normalizer<4,>=2 (from requests<3,>=2.21.0->tensorflow>=2.13.0->-r requirements.txt (line 32))
#10 85.57   Downloading charset_normalizer-3.4.4-cp311-cp311-manylinux2014_x86_64.manylinux_2_17_x86_64.manylinux_2_28_x86_64.whl.metadata (37 kB)
#10 85.83 Collecting urllib3<3,>=1.21.1 (from requests<3,>=2.21.0->tensorflow>=2.13.0->-r requirements.txt (line 32))
#10 85.88   Downloading urllib3-2.6.3-py3-none-any.whl.metadata (6.9 kB)
#10 86.72 Collecting threadpoolctl>=3.2.0 (from scikit-learn>=1.1.0->librosa>=0.10.0->-r requirements.txt (line 19))
#10 86.76   Downloading threadpoolctl-3.6.0-py3-none-any.whl.metadata (13 kB)
#10 87.38 Collecting mpmath<1.4,>=1.1.0 (from sympy->onnxruntime>=1.16.0->-r requirements.txt (line 25))
#10 87.42   Downloading mpmath-1.3.0-py3-none-any.whl.metadata (8.6 kB)
#10 87.89 Collecting markdown>=2.6.8 (from tensorboard~=2.20.0->tensorflow>=2.13.0->-r requirements.txt (line 32))
#10 87.93   Downloading markdown-3.10.2-py3-none-any.whl.metadata (5.1 kB)
#10 88.16 Collecting tensorboard-data-server<0.8.0,>=0.7.0 (from tensorboard~=2.20.0->tensorflow>=2.13.0->-r requirements.txt (line 32))
#10 88.20   Downloading tensorboard_data_server-0.7.2-py3-none-manylinux_2_31_x86_64.whl.metadata (1.1 kB)
#10 88.37 Collecting werkzeug>=1.0.1 (from tensorboard~=2.20.0->tensorflow>=2.13.0->-r requirements.txt (line 32))
#10 88.42   Downloading werkzeug-3.1.6-py3-none-any.whl.metadata (4.0 kB)
#10 90.23 Collecting MarkupSafe>=2.0 (from jinja2->torch>=2.0.0->-r requirements.txt (line 37))
#10 90.27   Downloading markupsafe-3.0.3-cp311-cp311-manylinux2014_x86_64.manylinux_2_17_x86_64.manylinux_2_28_x86_64.whl.metadata (2.7 kB)
#10 91.66 Collecting wcwidth (from prompt-toolkit>=3.0.36->click-repl>=0.2.0->celery>=5.3.0->-r requirements.txt (line 48))
#10 91.71   Downloading wcwidth-0.6.0-py3-none-any.whl.metadata (30 kB)
#10 92.23 Collecting shellingham>=1.3.0 (from typer->huggingface-hub<2.0,>=1.3.0->transformers>=4.35.0->-r requirements.txt (line 36))
#10 92.27   Downloading shellingham-1.5.4-py2.py3-none-any.whl.metadata (3.5 kB)
#10 92.57 Collecting markdown-it-py>=2.2.0 (from rich->keras>=3.10.0->tensorflow>=2.13.0->-r requirements.txt (line 32))
#10 92.61   Downloading markdown_it_py-4.0.0-py3-none-any.whl.metadata (7.3 kB)
#10 94.05 Collecting mdurl~=0.1 (from markdown-it-py>=2.2.0->rich->keras>=3.10.0->tensorflow>=2.13.0->-r requirements.txt (line 32))
#10 94.10   Downloading mdurl-0.1.2-py3-none-any.whl.metadata (1.6 kB)
#10 94.61 Downloading fastapi-0.135.1-py3-none-any.whl (116 kB)
#10 94.69    ÔöüÔöüÔöüÔöüÔöüÔöüÔöüÔöüÔöüÔöüÔöüÔöüÔöüÔöüÔöüÔöüÔöüÔöüÔöüÔöüÔöüÔöüÔöüÔöüÔöüÔöüÔöüÔöüÔöüÔöüÔöüÔöüÔöüÔöüÔöüÔöüÔöüÔöüÔöüÔöü 117.0/117.0 kB 1.6 MB/s eta 0:00:00
#10 94.74 Downloading uvicorn-0.41.0-py3-none-any.whl (68 kB)
#10 94.78    ÔöüÔöüÔöüÔöüÔöüÔöüÔöüÔöüÔöüÔöüÔöüÔöüÔöüÔöüÔöüÔöüÔöüÔöüÔöüÔöüÔöüÔöüÔöüÔöüÔöüÔöüÔöüÔöüÔöüÔöüÔöüÔöüÔöüÔöüÔöüÔöüÔöüÔöüÔöüÔöü 68.8/68.8 kB 2.8 MB/s eta 0:00:00
#10 94.82 Downloading python_multipart-0.0.22-py3-none-any.whl (24 kB)
#10 94.86 Downloading pydantic-2.12.5-py3-none-any.whl (463 kB)
#10 95.03    ÔöüÔöüÔöüÔöüÔöüÔöüÔöüÔöüÔöüÔöüÔöüÔöüÔöüÔöüÔöüÔöüÔöüÔöüÔöüÔöüÔöüÔöüÔöüÔöüÔöüÔöüÔöüÔöüÔöüÔöüÔöüÔöüÔöüÔöüÔöüÔöüÔöüÔöüÔöüÔöü 463.6/463.6 kB 2.9 MB/s eta 0:00:00
#10 95.08 Downloading pydantic_core-2.41.5-cp311-cp311-manylinux_2_17_x86_64.manylinux2014_x86_64.whl (2.1 MB)
#10 95.70    ÔöüÔöüÔöüÔöüÔöüÔöüÔöüÔöüÔöüÔöüÔöüÔöüÔöüÔöüÔöüÔöüÔöüÔöüÔöüÔöüÔöüÔöüÔöüÔöüÔöüÔöüÔöüÔöüÔöüÔöüÔöüÔöüÔöüÔöüÔöüÔöüÔöüÔöüÔöüÔöü 2.1/2.1 MB 3.4 MB/s eta 0:00:00
#10 95.74 Downloading pydantic_settings-2.13.1-py3-none-any.whl (58 kB)
#10 95.75    ÔöüÔöüÔöüÔöüÔöüÔöüÔöüÔöüÔöüÔöüÔöüÔöüÔöüÔöüÔöüÔöüÔöüÔöüÔöüÔöüÔöüÔöüÔöüÔöüÔöüÔöüÔöüÔöüÔöüÔöüÔöüÔöüÔöüÔöüÔöüÔöüÔöüÔöüÔöüÔöü 58.9/58.9 kB 10.2 MB/s eta 0:00:00
#10 95.79 Downloading sqlalchemy-2.0.48-cp311-cp311-manylinux2014_x86_64.manylinux_2_17_x86_64.manylinux_2_28_x86_64.whl (3.3 MB)
#10 96.40    ÔöüÔöüÔöüÔöüÔöüÔöüÔöüÔöüÔöüÔöüÔöüÔöüÔöüÔöüÔöüÔöüÔöüÔöüÔöüÔöüÔöüÔöüÔöüÔöüÔöüÔöüÔöüÔöüÔöüÔöüÔöüÔöüÔöüÔöüÔöüÔöüÔöüÔöüÔöüÔöü 3.3/3.3 MB 5.5 MB/s eta 0:00:00
#10 96.44 Downloading asyncpg-0.31.0-cp311-cp311-manylinux2014_x86_64.manylinux_2_17_x86_64.manylinux_2_28_x86_64.whl (3.0 MB)
#10 97.01    ÔöüÔöüÔöüÔöüÔöüÔöüÔöüÔöüÔöüÔöüÔöüÔöüÔöüÔöüÔöüÔöüÔöüÔöüÔöüÔöüÔöüÔöüÔöüÔöüÔöüÔöüÔöüÔöüÔöüÔöüÔöüÔöüÔöüÔöüÔöüÔöüÔöüÔöüÔöüÔöü 3.0/3.0 MB 5.3 MB/s eta 0:00:00
#10 97.06 Downloading aiosqlite-0.22.1-py3-none-any.whl (17 kB)
#10 97.11 Downloading alembic-1.18.4-py3-none-any.whl (263 kB)
#10 97.20    ÔöüÔöüÔöüÔöüÔöüÔöüÔöüÔöüÔöüÔöüÔöüÔöüÔöüÔöüÔöüÔöüÔöüÔöüÔöüÔöüÔöüÔöüÔöüÔöüÔöüÔöüÔöüÔöüÔöüÔöüÔöüÔöüÔöüÔöüÔöüÔöüÔöüÔöüÔöüÔöü 263.9/263.9 kB 4.0 MB/s eta 0:00:00
#10 97.25 Downloading numpy-2.4.2-cp311-cp311-manylinux_2_27_x86_64.manylinux_2_28_x86_64.whl (16.9 MB)
#10 101.1    ÔöüÔöüÔöüÔöüÔöüÔöüÔöüÔöüÔöüÔöüÔöüÔöüÔöüÔöüÔöüÔöüÔöüÔöüÔöüÔöüÔöüÔöüÔöüÔöüÔöüÔöüÔöüÔöüÔöüÔöüÔöüÔöüÔöüÔöüÔöüÔöüÔöüÔöüÔöüÔöü 16.9/16.9 MB 4.4 MB/s eta 0:00:00
#10 101.2 Downloading scipy-1.17.1-cp311-cp311-manylinux_2_27_x86_64.manylinux_2_28_x86_64.whl (35.3 MB)
#10 108.6    ÔöüÔöüÔöüÔöüÔöüÔöüÔöüÔöüÔöüÔöüÔöüÔöüÔöüÔöüÔöüÔöüÔöüÔöüÔöüÔöüÔöüÔöüÔöüÔöüÔöüÔöüÔöüÔöüÔöüÔöüÔöüÔöüÔöüÔöüÔöüÔöüÔöüÔöüÔöüÔöü 35.3/35.3 MB 5.2 MB/s eta 0:00:00
#10 108.6 Downloading librosa-0.11.0-py3-none-any.whl (260 kB)
#10 108.8    ÔöüÔöüÔöüÔöüÔöüÔöüÔöüÔöüÔöüÔöüÔöüÔöüÔöüÔöüÔöüÔöüÔöüÔöüÔöüÔöüÔöüÔöüÔöüÔöüÔöüÔöüÔöüÔöüÔöüÔöüÔöüÔöüÔöüÔöüÔöüÔöüÔöüÔöüÔöüÔöü 260.7/260.7 kB 1.7 MB/s eta 0:00:00
#10 108.9 Downloading soundfile-0.13.1-py2.py3-none-manylinux_2_28_x86_64.whl (1.3 MB)
#10 109.2    ÔöüÔöüÔöüÔöüÔöüÔöüÔöüÔöüÔöüÔöüÔöüÔöüÔöüÔöüÔöüÔöüÔöüÔöüÔöüÔöüÔöüÔöüÔöüÔöüÔöüÔöüÔöüÔöüÔöüÔöüÔöüÔöüÔöüÔöüÔöüÔöüÔöüÔöüÔöüÔöü 1.3/1.3 MB 3.7 MB/s eta 0:00:00
#10 109.3 Downloading pydub-0.25.1-py2.py3-none-any.whl (32 kB)
#10 109.3 Downloading noisereduce-3.0.3-py3-none-any.whl (22 kB)
#10 109.4 Downloading onnxruntime-1.24.2-cp311-cp311-manylinux_2_27_x86_64.manylinux_2_28_x86_64.whl (17.1 MB)
#10 113.7    ÔöüÔöüÔöüÔöüÔöüÔöüÔöüÔöüÔöüÔöüÔöüÔöüÔöüÔöüÔöüÔöüÔöüÔöüÔöüÔöüÔöüÔöüÔöüÔöüÔöüÔöüÔöüÔöüÔöüÔöüÔöüÔöüÔöüÔöüÔöüÔöüÔöüÔöüÔöüÔöü 17.1/17.1 MB 3.6 MB/s eta 0:00:00
#10 113.8 Downloading birdnet-0.2.12-py3-none-any.whl (120 kB)
#10 113.9    ÔöüÔöüÔöüÔöüÔöüÔöüÔöüÔöüÔöüÔöüÔöüÔöüÔöüÔöüÔöüÔöüÔöüÔöüÔöüÔöüÔöüÔöüÔöüÔöüÔöüÔöüÔöüÔöüÔöüÔöüÔöüÔöüÔöüÔöüÔöüÔöüÔöüÔöüÔöüÔöü 120.0/120.0 kB 2.5 MB/s eta 0:00:00
#10 113.9 Downloading tensorflow-2.20.0-cp311-cp311-manylinux_2_17_x86_64.manylinux2014_x86_64.whl (620.6 MB)
#10 254.6    ÔöüÔöüÔöüÔöüÔöüÔöüÔöüÔöüÔöüÔöüÔöüÔöüÔöüÔöüÔöüÔöüÔöüÔöüÔöüÔöüÔöüÔöüÔöüÔöüÔöüÔöüÔöüÔöüÔöüÔöüÔöüÔöüÔöüÔöüÔöüÔöüÔöüÔöüÔöüÔöü 620.6/620.6 MB 5.8 MB/s eta 0:00:00
#10 254.6 Downloading tensorflow_hub-0.16.1-py2.py3-none-any.whl (30 kB)
#10 254.7 Downloading transformers-5.2.0-py3-none-any.whl (10.4 MB)
#10 257.2    ÔöüÔöüÔöüÔöüÔöüÔöüÔöüÔöüÔöüÔöüÔöüÔöüÔöüÔöüÔöüÔöüÔöüÔöüÔöüÔöüÔöüÔöüÔöüÔöüÔöüÔöüÔöüÔöüÔöüÔöüÔöüÔöüÔöüÔöüÔöüÔöüÔöüÔöüÔöüÔöü 10.4/10.4 MB 4.1 MB/s eta 0:00:00
#10 257.2 Downloading torch-2.10.0-cp311-cp311-manylinux_2_28_x86_64.whl (915.6 MB)
#10 465.0    ÔöüÔöüÔöüÔöüÔöüÔöüÔöüÔöüÔöüÔöüÔöüÔöüÔöüÔöüÔöüÔöüÔöüÔöüÔöüÔöüÔöüÔöüÔöüÔöüÔöüÔöüÔöüÔöüÔöüÔöüÔöüÔöüÔöüÔöüÔöüÔöüÔöüÔöüÔöüÔöü 915.6/915.6 MB 3.4 MB/s eta 0:00:00
#10 465.1 Downloading cuda_bindings-12.9.4-cp311-cp311-manylinux_2_24_x86_64.manylinux_2_28_x86_64.whl (12.2 MB)
#10 467.4    ÔöüÔöüÔöüÔöüÔöüÔöüÔöüÔöüÔöüÔöüÔöüÔöüÔöüÔöüÔöüÔöüÔöüÔöüÔöüÔöüÔöüÔöüÔöüÔöüÔöüÔöüÔöüÔöüÔöüÔöüÔöüÔöüÔöüÔöüÔöüÔöüÔöüÔöüÔöüÔöü 12.2/12.2 MB 6.0 MB/s eta 0:00:00
#10 467.4 Downloading nvidia_cublas_cu12-12.8.4.1-py3-none-manylinux_2_27_x86_64.whl (594.3 MB)
#10 605.1    ÔöüÔöüÔöüÔöüÔöüÔöüÔöüÔöüÔöüÔöüÔöüÔöüÔöüÔöüÔöüÔöüÔöüÔöüÔöüÔöüÔöüÔöüÔöüÔöüÔöüÔöüÔöüÔöüÔöüÔöüÔöüÔöüÔöüÔöüÔöüÔöüÔöüÔöüÔöüÔöü 594.3/594.3 MB 4.7 MB/s eta 0:00:00
#10 605.2 Downloading nvidia_cuda_cupti_cu12-12.8.90-py3-none-manylinux2014_x86_64.manylinux_2_17_x86_64.whl (10.2 MB)
#10 607.4    ÔöüÔöüÔöüÔöüÔöüÔöüÔöüÔöüÔöüÔöüÔöüÔöüÔöüÔöüÔöüÔöüÔöüÔöüÔöüÔöüÔöüÔöüÔöüÔöüÔöüÔöüÔöüÔöüÔöüÔöüÔöüÔöüÔöüÔöüÔöüÔöüÔöüÔöüÔöüÔöü 10.2/10.2 MB 4.5 MB/s eta 0:00:00
#10 607.5 Downloading nvidia_cuda_nvrtc_cu12-12.8.93-py3-none-manylinux2010_x86_64.manylinux_2_12_x86_64.whl (88.0 MB)
#10 627.9    ÔöüÔöüÔöüÔöüÔöüÔöüÔöüÔöüÔöüÔöüÔöüÔöüÔöüÔöüÔöüÔöüÔöüÔöüÔöüÔöüÔöüÔöüÔöüÔöüÔöüÔöüÔöüÔöüÔöüÔöüÔöüÔöüÔöüÔöüÔöüÔöüÔöüÔöüÔöüÔöü 88.0/88.0 MB 5.2 MB/s eta 0:00:00
#10 628.0 Downloading nvidia_cuda_runtime_cu12-12.8.90-py3-none-manylinux2014_x86_64.manylinux_2_17_x86_64.whl (954 kB)
#10 628.3    ÔöüÔöüÔöüÔöüÔöüÔöüÔöüÔöüÔöüÔöüÔöüÔöüÔöüÔöüÔöüÔöüÔöüÔöüÔöüÔöüÔöüÔöüÔöüÔöüÔöüÔöüÔöüÔöüÔöüÔöüÔöüÔöüÔöüÔöüÔöüÔöüÔöüÔöüÔöüÔöü 954.8/954.8 kB 3.2 MB/s eta 0:00:00
#10 628.3 Downloading nvidia_cudnn_cu12-9.10.2.21-py3-none-manylinux_2_27_x86_64.whl (706.8 MB)
#10 777.0    ÔöüÔöüÔöüÔöüÔöüÔöüÔöüÔöüÔöüÔöüÔöüÔöüÔöüÔöüÔöüÔöüÔöüÔöüÔöüÔöüÔöüÔöüÔöüÔöüÔöüÔöüÔöüÔöüÔöüÔöüÔöüÔöüÔöüÔöüÔöüÔöüÔöüÔöüÔöüÔöü 706.8/706.8 MB 5.0 MB/s eta 0:00:00
#10 777.1 Downloading nvidia_cufft_cu12-11.3.3.83-py3-none-manylinux2014_x86_64.manylinux_2_17_x86_64.whl (193.1 MB)
#10 817.8    ÔöüÔöüÔöüÔöüÔöüÔöüÔöüÔöüÔöüÔöüÔöüÔöüÔöüÔöüÔöüÔöüÔöüÔöüÔöüÔöüÔöüÔöüÔöüÔöüÔöüÔöüÔöüÔöüÔöüÔöüÔöüÔöüÔöüÔöüÔöüÔöüÔöüÔöüÔöüÔöü 193.1/193.1 MB 3.6 MB/s eta 0:00:00
#10 817.9 Downloading nvidia_cufile_cu12-1.13.1.3-py3-none-manylinux2014_x86_64.manylinux_2_17_x86_64.whl (1.2 MB)
#10 818.7    ÔöüÔöüÔöüÔöüÔöüÔöüÔöüÔöüÔöüÔöüÔöüÔöüÔöüÔöüÔöüÔöüÔöüÔöüÔöüÔöüÔöüÔöüÔöüÔöüÔöüÔöüÔöüÔöüÔöüÔöüÔöüÔöüÔöüÔöüÔöüÔöüÔöüÔöüÔöüÔöü 1.2/1.2 MB 1.4 MB/s eta 0:00:00
#10 818.8 Downloading nvidia_curand_cu12-10.3.9.90-py3-none-manylinux_2_27_x86_64.whl (63.6 MB)
#10 834.6    ÔöüÔöüÔöüÔöüÔöüÔöüÔöüÔöüÔöüÔöüÔöüÔöüÔöüÔöüÔöüÔöüÔöüÔöüÔöüÔöüÔöüÔöüÔöüÔöüÔöüÔöüÔöüÔöüÔöüÔöüÔöüÔöüÔöüÔöüÔöüÔöüÔöüÔöüÔöüÔöü 63.6/63.6 MB 4.2 MB/s eta 0:00:00
#10 834.7 Downloading nvidia_cusolver_cu12-11.7.3.90-py3-none-manylinux_2_27_x86_64.whl (267.5 MB)
#10 897.0    ÔöüÔöüÔöüÔöüÔöüÔöüÔöüÔöüÔöüÔöüÔöüÔöüÔöüÔöüÔöüÔöüÔöüÔöüÔöüÔöüÔöüÔöüÔöüÔöüÔöüÔöüÔöüÔöüÔöüÔöüÔöüÔöüÔöüÔöüÔöüÔöüÔöüÔöüÔöüÔöü 267.5/267.5 MB 5.5 MB/s eta 0:00:00
#10 897.0 Downloading nvidia_cusparse_cu12-12.5.8.93-py3-none-manylinux2014_x86_64.manylinux_2_17_x86_64.whl (288.2 MB)
#10 953.5    ÔöüÔöüÔöüÔöüÔöüÔöüÔöüÔöüÔöüÔöüÔöüÔöüÔöüÔöüÔöüÔöüÔöüÔöüÔöüÔöüÔöüÔöüÔöüÔöüÔöüÔöüÔöüÔöüÔöüÔöüÔöüÔöüÔöüÔöüÔöüÔöüÔöüÔöüÔöüÔöü 288.2/288.2 MB 6.9 MB/s eta 0:00:00
#10 953.6 Downloading nvidia_cusparselt_cu12-0.7.1-py3-none-manylinux2014_x86_64.whl (287.2 MB)
#10 1011.2    ÔöüÔöüÔöüÔöüÔöüÔöüÔöüÔöüÔöüÔöüÔöüÔöüÔöüÔöüÔöüÔöüÔöüÔöüÔöüÔöüÔöüÔöüÔöüÔöüÔöüÔöüÔöüÔöüÔöüÔöüÔöüÔöüÔöüÔöüÔöüÔöüÔöüÔöüÔöüÔöü 287.2/287.2 MB 5.1 MB/s eta 0:00:00
#10 1011.2 Downloading nvidia_nccl_cu12-2.27.5-py3-none-manylinux2014_x86_64.manylinux_2_17_x86_64.whl (322.3 MB)
#10 1073.4    ÔöüÔöüÔöüÔöüÔöüÔöüÔöüÔöüÔöüÔöüÔöüÔöüÔöüÔöüÔöüÔöüÔöüÔöüÔöüÔöüÔöüÔöüÔöüÔöüÔöüÔöüÔöüÔöüÔöüÔöüÔöüÔöüÔöüÔöüÔöüÔöüÔöüÔöüÔöüÔöü 322.3/322.3 MB 5.9 MB/s eta 0:00:00
#10 1073.5 Downloading nvidia_nvjitlink_cu12-12.8.93-py3-none-manylinux2010_x86_64.manylinux_2_12_x86_64.whl (39.3 MB)
#10 1080.9    ÔöüÔöüÔöüÔöüÔöüÔöüÔöüÔöüÔöüÔöüÔöüÔöüÔöüÔöüÔöüÔöüÔöüÔöüÔöüÔöüÔöüÔöüÔöüÔöüÔöüÔöüÔöüÔöüÔöüÔöüÔöüÔöüÔöüÔöüÔöüÔöüÔöüÔöüÔöüÔöü 39.3/39.3 MB 5.1 MB/s eta 0:00:00
#10 1081.0 Downloading nvidia_nvshmem_cu12-3.4.5-py3-none-manylinux2014_x86_64.manylinux_2_17_x86_64.whl (139.1 MB)
#10 1108.2    ÔöüÔöüÔöüÔöüÔöüÔöüÔöüÔöüÔöüÔöüÔöüÔöüÔöüÔöüÔöüÔöüÔöüÔöüÔöüÔöüÔöüÔöüÔöüÔöüÔöüÔöüÔöüÔöüÔöüÔöüÔöüÔöüÔöüÔöüÔöüÔöüÔöüÔöüÔöüÔöü 139.1/139.1 MB 4.9 MB/s eta 0:00:00
#10 1108.2 Downloading nvidia_nvtx_cu12-12.8.90-py3-none-manylinux2014_x86_64.manylinux_2_17_x86_64.whl (89 kB)
#10 1108.2    ÔöüÔöüÔöüÔöüÔöüÔöüÔöüÔöüÔöüÔöüÔöüÔöüÔöüÔöüÔöüÔöüÔöüÔöüÔöüÔöüÔöüÔöüÔöüÔöüÔöüÔöüÔöüÔöüÔöüÔöüÔöüÔöüÔöüÔöüÔöüÔöüÔöüÔöüÔöüÔöü 90.0/90.0 kB 4.3 MB/s eta 0:00:00
#10 1108.3 Downloading triton-3.6.0-cp311-cp311-manylinux_2_27_x86_64.manylinux_2_28_x86_64.whl (188.2 MB)
#10 1146.8    ÔöüÔöüÔöüÔöüÔöüÔöüÔöüÔöüÔöüÔöüÔöüÔöüÔöüÔöüÔöüÔöüÔöüÔöüÔöüÔöüÔöüÔöüÔöüÔöüÔöüÔöüÔöüÔöüÔöüÔöüÔöüÔöüÔöüÔöüÔöüÔöüÔöüÔöüÔöüÔöü 188.2/188.2 MB 4.6 MB/s eta 0:00:00
#10 1146.8 Downloading httpx-0.28.1-py3-none-any.whl (73 kB)
#10 1146.8    ÔöüÔöüÔöüÔöüÔöüÔöüÔöüÔöüÔöüÔöüÔöüÔöüÔöüÔöüÔöüÔöüÔöüÔöüÔöüÔöüÔöüÔöüÔöüÔöüÔöüÔöüÔöüÔöüÔöüÔöüÔöüÔöüÔöüÔöüÔöüÔöüÔöüÔöüÔöüÔöü 73.5/73.5 kB 5.8 MB/s eta 0:00:00
#10 1146.8 Downloading httpcore-1.0.9-py3-none-any.whl (78 kB)
#10 1146.9    ÔöüÔöüÔöüÔöüÔöüÔöüÔöüÔöüÔöüÔöüÔöüÔöüÔöüÔöüÔöüÔöüÔöüÔöüÔöüÔöüÔöüÔöüÔöüÔöüÔöüÔöüÔöüÔöüÔöüÔöüÔöüÔöüÔöüÔöüÔöüÔöüÔöüÔöüÔöüÔöü 78.8/78.8 kB 10.0 MB/s eta 0:00:00
#10 1146.9 Downloading aiohttp-3.13.3-cp311-cp311-manylinux2014_x86_64.manylinux_2_17_x86_64.manylinux_2_28_x86_64.whl (1.7 MB)
#10 1147.4    ÔöüÔöüÔöüÔöüÔöüÔöüÔöüÔöüÔöüÔöüÔöüÔöüÔöüÔöüÔöüÔöüÔöüÔöüÔöüÔöüÔöüÔöüÔöüÔöüÔöüÔöüÔöüÔöüÔöüÔöüÔöüÔöüÔöüÔöüÔöüÔöüÔöüÔöüÔöüÔöü 1.7/1.7 MB 4.0 MB/s eta 0:00:00
#10 1147.4 Downloading python_dotenv-1.2.2-py3-none-any.whl (22 kB)
#10 1147.4 Downloading websockets-16.0-cp311-cp311-manylinux1_x86_64.manylinux_2_28_x86_64.manylinux_2_5_x86_64.whl (184 kB)
#10 1147.5    ÔöüÔöüÔöüÔöüÔöüÔöüÔöüÔöüÔöüÔöüÔöüÔöüÔöüÔöüÔöüÔöüÔöüÔöüÔöüÔöüÔöüÔöüÔöüÔöüÔöüÔöüÔöüÔöüÔöüÔöüÔöüÔöüÔöüÔöüÔöüÔöüÔöüÔöüÔöüÔöü 184.6/184.6 kB 7.0 MB/s eta 0:00:00
#10 1147.5 Downloading redis-7.2.1-py3-none-any.whl (396 kB)
#10 1147.6    ÔöüÔöüÔöüÔöüÔöüÔöüÔöüÔöüÔöüÔöüÔöüÔöüÔöüÔöüÔöüÔöüÔöüÔöüÔöüÔöüÔöüÔöüÔöüÔöüÔöüÔöüÔöüÔöüÔöüÔöüÔöüÔöüÔöüÔöüÔöüÔöüÔöüÔöüÔöüÔöü 396.1/396.1 kB 6.4 MB/s eta 0:00:00
#10 1147.6 Downloading celery-5.6.2-py3-none-any.whl (445 kB)
#10 1147.7    ÔöüÔöüÔöüÔöüÔöüÔöüÔöüÔöüÔöüÔöüÔöüÔöüÔöüÔöüÔöüÔöüÔöüÔöüÔöüÔöüÔöüÔöüÔöüÔöüÔöüÔöüÔöüÔöüÔöüÔöüÔöüÔöüÔöüÔöüÔöüÔöüÔöüÔöüÔöüÔöü 445.5/445.5 kB 5.4 MB/s eta 0:00:00
#10 1147.8 Downloading matplotlib-3.10.8-cp311-cp311-manylinux2014_x86_64.manylinux_2_17_x86_64.whl (8.7 MB)
#10 1149.5    ÔöüÔöüÔöüÔöüÔöüÔöüÔöüÔöüÔöüÔöüÔöüÔöüÔöüÔöüÔöüÔöüÔöüÔöüÔöüÔöüÔöüÔöüÔöüÔöüÔöüÔöüÔöüÔöüÔöüÔöüÔöüÔöüÔöüÔöüÔöüÔöüÔöüÔöüÔöüÔöü 8.7/8.7 MB 4.9 MB/s eta 0:00:00
#10 1149.6 Downloading pytest-9.0.2-py3-none-any.whl (374 kB)
#10 1149.7    ÔöüÔöüÔöüÔöüÔöüÔöüÔöüÔöüÔöüÔöüÔöüÔöüÔöüÔöüÔöüÔöüÔöüÔöüÔöüÔöüÔöüÔöüÔöüÔöüÔöüÔöüÔöüÔöüÔöüÔöüÔöüÔöüÔöüÔöüÔöüÔöüÔöüÔöüÔöüÔöü 374.8/374.8 kB 2.9 MB/s eta 0:00:00
#10 1149.8 Downloading pytest_asyncio-1.3.0-py3-none-any.whl (15 kB)
#10 1149.8 Downloading pytest_cov-7.0.0-py3-none-any.whl (22 kB)
#10 1149.9 Downloading black-26.1.0-cp311-cp311-manylinux2014_x86_64.manylinux_2_17_x86_64.manylinux_2_28_x86_64.whl (1.7 MB)
#10 1150.3    ÔöüÔöüÔöüÔöüÔöüÔöüÔöüÔöüÔöüÔöüÔöüÔöüÔöüÔöüÔöüÔöüÔöüÔöüÔöüÔöüÔöüÔöüÔöüÔöüÔöüÔöüÔöüÔöüÔöüÔöüÔöüÔöüÔöüÔöüÔöüÔöüÔöüÔöüÔöüÔöü 1.7/1.7 MB 3.9 MB/s eta 0:00:00
#10 1150.4 Downloading ruff-0.15.4-py3-none-manylinux_2_17_x86_64.manylinux2014_x86_64.whl (11.2 MB)
#10 1152.4    ÔöüÔöüÔöüÔöüÔöüÔöüÔöüÔöüÔöüÔöüÔöüÔöüÔöüÔöüÔöüÔöüÔöüÔöüÔöüÔöüÔöüÔöüÔöüÔöüÔöüÔöüÔöüÔöüÔöüÔöüÔöüÔöüÔöüÔöüÔöüÔöüÔöüÔöüÔöüÔöü 11.2/11.2 MB 5.8 MB/s eta 0:00:00
#10 1152.5 Downloading mypy-1.19.1-cp311-cp311-manylinux2014_x86_64.manylinux_2_17_x86_64.manylinux_2_28_x86_64.whl (13.4 MB)
#10 1155.0    ÔöüÔöüÔöüÔöüÔöüÔöüÔöüÔöüÔöüÔöüÔöüÔöüÔöüÔöüÔöüÔöüÔöüÔöüÔöüÔöüÔöüÔöüÔöüÔöüÔöüÔöüÔöüÔöüÔöüÔöüÔöüÔöüÔöüÔöüÔöüÔöüÔöüÔöüÔöüÔöü 13.4/13.4 MB 5.3 MB/s eta 0:00:00
#10 1155.0 Downloading absl_py-2.4.0-py3-none-any.whl (135 kB)
#10 1155.1    ÔöüÔöüÔöüÔöüÔöüÔöüÔöüÔöüÔöüÔöüÔöüÔöüÔöüÔöüÔöüÔöüÔöüÔöüÔöüÔöüÔöüÔöüÔöüÔöüÔöüÔöüÔöüÔöüÔöüÔöüÔöüÔöüÔöüÔöüÔöüÔöüÔöüÔöüÔöüÔöü 135.8/135.8 kB 7.2 MB/s eta 0:00:00
#10 1155.1 Downloading ai_edge_litert-2.1.2-cp311-cp311-manylinux_2_27_x86_64.whl (16.3 MB)
#10 1158.4    ÔöüÔöüÔöüÔöüÔöüÔöüÔöüÔöüÔöüÔöüÔöüÔöüÔöüÔöüÔöüÔöüÔöüÔöüÔöüÔöüÔöüÔöüÔöüÔöüÔöüÔöüÔöüÔöüÔöüÔöüÔöüÔöüÔöüÔöüÔöüÔöüÔöüÔöüÔöüÔöü 16.3/16.3 MB 5.7 MB/s eta 0:00:00
#10 1158.5 Downloading aiohappyeyeballs-2.6.1-py3-none-any.whl (15 kB)
#10 1158.5 Downloading aiosignal-1.4.0-py3-none-any.whl (7.5 kB)
#10 1158.5 Downloading annotated_doc-0.0.4-py3-none-any.whl (5.3 kB)
#10 1158.6 Downloading annotated_types-0.7.0-py3-none-any.whl (13 kB)
#10 1158.6 Downloading astunparse-1.6.3-py2.py3-none-any.whl (12 kB)
#10 1158.6 Downloading attrs-25.4.0-py3-none-any.whl (67 kB)
#10 1158.7    ÔöüÔöüÔöüÔöüÔöüÔöüÔöüÔöüÔöüÔöüÔöüÔöüÔöüÔöüÔöüÔöüÔöüÔöüÔöüÔöüÔöüÔöüÔöüÔöüÔöüÔöüÔöüÔöüÔöüÔöüÔöüÔöüÔöüÔöüÔöüÔöüÔöüÔöüÔöüÔöü 67.6/67.6 kB 5.5 MB/s eta 0:00:00
#10 1158.7 Downloading audioread-3.1.0-py3-none-any.whl (23 kB)
#10 1158.7 Downloading billiard-4.2.4-py3-none-any.whl (87 kB)
#10 1158.8    ÔöüÔöüÔöüÔöüÔöüÔöüÔöüÔöüÔöüÔöüÔöüÔöüÔöüÔöüÔöüÔöüÔöüÔöüÔöüÔöüÔöüÔöüÔöüÔöüÔöüÔöüÔöüÔöüÔöüÔöüÔöüÔöüÔöüÔöüÔöüÔöüÔöüÔöüÔöüÔöü 87.1/87.1 kB 6.5 MB/s eta 0:00:00
#10 1158.8 Downloading cffi-2.0.0-cp311-cp311-manylinux2014_x86_64.manylinux_2_17_x86_64.whl (215 kB)
#10 1158.8    ÔöüÔöüÔöüÔöüÔöüÔöüÔöüÔöüÔöüÔöüÔöüÔöüÔöüÔöüÔöüÔöüÔöüÔöüÔöüÔöüÔöüÔöüÔöüÔöüÔöüÔöüÔöüÔöüÔöüÔöüÔöüÔöüÔöüÔöüÔöüÔöüÔöüÔöüÔöüÔöü 215.6/215.6 kB 6.2 MB/s eta 0:00:00
#10 1158.9 Downloading click-8.3.1-py3-none-any.whl (108 kB)
#10 1158.9    ÔöüÔöüÔöüÔöüÔöüÔöüÔöüÔöüÔöüÔöüÔöüÔöüÔöüÔöüÔöüÔöüÔöüÔöüÔöüÔöüÔöüÔöüÔöüÔöüÔöüÔöüÔöüÔöüÔöüÔöüÔöüÔöüÔöüÔöüÔöüÔöüÔöüÔöüÔöüÔöü 108.3/108.3 kB 8.4 MB/s eta 0:00:00
#10 1158.9 Downloading click_didyoumean-0.3.1-py3-none-any.whl (3.6 kB)
#10 1159.0 Downloading click_plugins-1.1.1.2-py2.py3-none-any.whl (11 kB)
#10 1159.0 Downloading click_repl-0.3.0-py3-none-any.whl (10 kB)
#10 1159.0 Downloading contourpy-1.3.3-cp311-cp311-manylinux_2_27_x86_64.manylinux_2_28_x86_64.whl (355 kB)
#10 1159.1    ÔöüÔöüÔöüÔöüÔöüÔöüÔöüÔöüÔöüÔöüÔöüÔöüÔöüÔöüÔöüÔöüÔöüÔöüÔöüÔöüÔöüÔöüÔöüÔöüÔöüÔöüÔöüÔöüÔöüÔöüÔöüÔöüÔöüÔöüÔöüÔöüÔöüÔöüÔöüÔöü 355.2/355.2 kB 4.8 MB/s eta 0:00:00
#10 1159.2 Downloading coverage-7.13.4-cp311-cp311-manylinux1_x86_64.manylinux_2_28_x86_64.manylinux_2_5_x86_64.whl (252 kB)
#10 1159.2    ÔöüÔöüÔöüÔöüÔöüÔöüÔöüÔöüÔöüÔöüÔöüÔöüÔöüÔöüÔöüÔöüÔöüÔöüÔöüÔöüÔöüÔöüÔöüÔöüÔöüÔöüÔöüÔöüÔöüÔöüÔöüÔöüÔöüÔöüÔöüÔöüÔöüÔöüÔöüÔöü 252.1/252.1 kB 3.7 MB/s eta 0:00:00
#10 1159.3 Downloading cycler-0.12.1-py3-none-any.whl (8.3 kB)
#10 1159.3 Downloading decorator-5.2.1-py3-none-any.whl (9.2 kB)
#10 1159.4 Downloading flatbuffers-25.12.19-py2.py3-none-any.whl (26 kB)
#10 1159.4 Downloading fonttools-4.61.1-cp311-cp311-manylinux2014_x86_64.manylinux_2_17_x86_64.whl (5.0 MB)
#10 1160.4    ÔöüÔöüÔöüÔöüÔöüÔöüÔöüÔöüÔöüÔöüÔöüÔöüÔöüÔöüÔöüÔöüÔöüÔöüÔöüÔöüÔöüÔöüÔöüÔöüÔöüÔöüÔöüÔöüÔöüÔöüÔöüÔöüÔöüÔöüÔöüÔöüÔöüÔöüÔöüÔöü 5.0/5.0 MB 5.3 MB/s eta 0:00:00
#10 1160.4 Downloading frozenlist-1.8.0-cp311-cp311-manylinux1_x86_64.manylinux_2_28_x86_64.manylinux_2_5_x86_64.whl (231 kB)
#10 1160.5    ÔöüÔöüÔöüÔöüÔöüÔöüÔöüÔöüÔöüÔöüÔöüÔöüÔöüÔöüÔöüÔöüÔöüÔöüÔöüÔöüÔöüÔöüÔöüÔöüÔöüÔöüÔöüÔöüÔöüÔöüÔöüÔöüÔöüÔöüÔöüÔöüÔöüÔöüÔöüÔöü 231.1/231.1 kB 3.4 MB/s eta 0:00:00
#10 1160.5 Downloading fsspec-2026.2.0-py3-none-any.whl (202 kB)
#10 1160.6    ÔöüÔöüÔöüÔöüÔöüÔöüÔöüÔöüÔöüÔöüÔöüÔöüÔöüÔöüÔöüÔöüÔöüÔöüÔöüÔöüÔöüÔöüÔöüÔöüÔöüÔöüÔöüÔöüÔöüÔöüÔöüÔöüÔöüÔöüÔöüÔöüÔöüÔöüÔöüÔöü 202.5/202.5 kB 5.3 MB/s eta 0:00:00
#10 1160.6 Downloading gast-0.7.0-py3-none-any.whl (22 kB)
#10 1160.7 Downloading google_pasta-0.2.0-py3-none-any.whl (57 kB)
#10 1160.7    ÔöüÔöüÔöüÔöüÔöüÔöüÔöüÔöüÔöüÔöüÔöüÔöüÔöüÔöüÔöüÔöüÔöüÔöüÔöüÔöüÔöüÔöüÔöüÔöüÔöüÔöüÔöüÔöüÔöüÔöüÔöüÔöüÔöüÔöüÔöüÔöüÔöüÔöüÔöüÔöü 57.5/57.5 kB 4.5 MB/s eta 0:00:00
#10 1160.7 Downloading greenlet-3.3.2-cp311-cp311-manylinux_2_24_x86_64.manylinux_2_28_x86_64.whl (594 kB)
#10 1160.8    ÔöüÔöüÔöüÔöüÔöüÔöüÔöüÔöüÔöüÔöüÔöüÔöüÔöüÔöüÔöüÔöüÔöüÔöüÔöüÔöüÔöüÔöüÔöüÔöüÔöüÔöüÔöüÔöüÔöüÔöüÔöüÔöüÔöüÔöüÔöüÔöüÔöüÔöüÔöüÔöü 594.2/594.2 kB 5.6 MB/s eta 0:00:00
#10 1160.9 Downloading grpcio-1.78.0-cp311-cp311-manylinux2014_x86_64.manylinux_2_17_x86_64.whl (6.7 MB)
#10 1162.7    ÔöüÔöüÔöüÔöüÔöüÔöüÔöüÔöüÔöüÔöüÔöüÔöüÔöüÔöüÔöüÔöüÔöüÔöüÔöüÔöüÔöüÔöüÔöüÔöüÔöüÔöüÔöüÔöüÔöüÔöüÔöüÔöüÔöüÔöüÔöüÔöüÔöüÔöüÔöüÔöü 6.7/6.7 MB 3.8 MB/s eta 0:00:00
#10 1162.7 Downloading h11-0.16.0-py3-none-any.whl (37 kB)
#10 1162.7 Downloading h5py-3.15.1-cp311-cp311-manylinux_2_27_x86_64.manylinux_2_28_x86_64.whl (4.7 MB)
#10 1163.8    ÔöüÔöüÔöüÔöüÔöüÔöüÔöüÔöüÔöüÔöüÔöüÔöüÔöüÔöüÔöüÔöüÔöüÔöüÔöüÔöüÔöüÔöüÔöüÔöüÔöüÔöüÔöüÔöüÔöüÔöüÔöüÔöüÔöüÔöüÔöüÔöüÔöüÔöüÔöüÔöü 4.7/4.7 MB 4.5 MB/s eta 0:00:00
#10 1163.8 Downloading httptools-0.7.1-cp311-cp311-manylinux1_x86_64.manylinux_2_28_x86_64.manylinux_2_5_x86_64.whl (456 kB)
#10 1163.9    ÔöüÔöüÔöüÔöüÔöüÔöüÔöüÔöüÔöüÔöüÔöüÔöüÔöüÔöüÔöüÔöüÔöüÔöüÔöüÔöüÔöüÔöüÔöüÔöüÔöüÔöüÔöüÔöüÔöüÔöüÔöüÔöüÔöüÔöüÔöüÔöüÔöüÔöüÔöüÔöü 456.6/456.6 kB 4.5 MB/s eta 0:00:00
#10 1164.0 Downloading huggingface_hub-1.5.0-py3-none-any.whl (596 kB)
#10 1164.1    ÔöüÔöüÔöüÔöüÔöüÔöüÔöüÔöüÔöüÔöüÔöüÔöüÔöüÔöüÔöüÔöüÔöüÔöüÔöüÔöüÔöüÔöüÔöüÔöüÔöüÔöüÔöüÔöüÔöüÔöüÔöüÔöüÔöüÔöüÔöüÔöüÔöüÔöüÔöüÔöü 596.3/596.3 kB 5.2 MB/s eta 0:00:00
#10 1164.1 Downloading filelock-3.25.0-py3-none-any.whl (26 kB)
#10 1164.2 Downloading iniconfig-2.3.0-py3-none-any.whl (7.5 kB)
#10 1164.2 Downloading joblib-1.5.3-py3-none-any.whl (309 kB)
#10 1164.3    ÔöüÔöüÔöüÔöüÔöüÔöüÔöüÔöüÔöüÔöüÔöüÔöüÔöüÔöüÔöüÔöüÔöüÔöüÔöüÔöüÔöüÔöüÔöüÔöüÔöüÔöüÔöüÔöüÔöüÔöüÔöüÔöüÔöüÔöüÔöüÔöüÔöüÔöüÔöüÔöü 309.1/309.1 kB 4.6 MB/s eta 0:00:00
#10 1164.3 Downloading kagglehub-1.0.0-py3-none-any.whl (70 kB)
#10 1164.3    ÔöüÔöüÔöüÔöüÔöüÔöüÔöüÔöüÔöüÔöüÔöüÔöüÔöüÔöüÔöüÔöüÔöüÔöüÔöüÔöüÔöüÔöüÔöüÔöüÔöüÔöüÔöüÔöüÔöüÔöüÔöüÔöüÔöüÔöüÔöüÔöüÔöüÔöüÔöüÔöü 70.6/70.6 kB 5.9 MB/s eta 0:00:00
#10 1164.4 Downloading keras-3.13.2-py3-none-any.whl (1.5 MB)
#10 1164.8    ÔöüÔöüÔöüÔöüÔöüÔöüÔöüÔöüÔöüÔöüÔöüÔöüÔöüÔöüÔöüÔöüÔöüÔöüÔöüÔöüÔöüÔöüÔöüÔöüÔöüÔöüÔöüÔöüÔöüÔöüÔöüÔöüÔöüÔöüÔöüÔöüÔöüÔöüÔöüÔöü 1.5/1.5 MB 3.5 MB/s eta 0:00:00
#10 1164.9 Downloading kiwisolver-1.4.9-cp311-cp311-manylinux2014_x86_64.manylinux_2_17_x86_64.whl (1.4 MB)
#10 1165.1    ÔöüÔöüÔöüÔöüÔöüÔöüÔöüÔöüÔöüÔöüÔöüÔöüÔöüÔöüÔöüÔöüÔöüÔöüÔöüÔöüÔöüÔöüÔöüÔöüÔöüÔöüÔöüÔöüÔöüÔöüÔöüÔöüÔöüÔöüÔöüÔöüÔöüÔöüÔöüÔöü 1.4/1.4 MB 5.2 MB/s eta 0:00:00
#10 1165.2 Downloading kombu-5.6.2-py3-none-any.whl (214 kB)
#10 1165.2    ÔöüÔöüÔöüÔöüÔöüÔöüÔöüÔöüÔöüÔöüÔöüÔöüÔöüÔöüÔöüÔöüÔöüÔöüÔöüÔöüÔöüÔöüÔöüÔöüÔöüÔöüÔöüÔöüÔöüÔöüÔöüÔöüÔöüÔöüÔöüÔöüÔöüÔöüÔöüÔöü 214.2/214.2 kB 5.3 MB/s eta 0:00:00
#10 1165.3 Downloading vine-5.1.0-py3-none-any.whl (9.6 kB)
#10 1165.3 Downloading lazy_loader-0.4-py3-none-any.whl (12 kB)
#10 1165.4 Downloading libclang-18.1.1-py2.py3-none-manylinux2010_x86_64.whl (24.5 MB)
#10 1171.6    ÔöüÔöüÔöüÔöüÔöüÔöüÔöüÔöüÔöüÔöüÔöüÔöüÔöüÔöüÔöüÔöüÔöüÔöüÔöüÔöüÔöüÔöüÔöüÔöüÔöüÔöüÔöüÔöüÔöüÔöüÔöüÔöüÔöüÔöüÔöüÔöüÔöüÔöüÔöüÔöü 24.5/24.5 MB 4.2 MB/s eta 0:00:00
#10 1171.6 Downloading librt-0.8.1-cp311-cp311-manylinux2014_x86_64.manylinux_2_17_x86_64.manylinux_2_28_x86_64.whl (218 kB)
#10 1171.7    ÔöüÔöüÔöüÔöüÔöüÔöüÔöüÔöüÔöüÔöüÔöüÔöüÔöüÔöüÔöüÔöüÔöüÔöüÔöüÔöüÔöüÔöüÔöüÔöüÔöüÔöüÔöüÔöüÔöüÔöüÔöüÔöüÔöüÔöüÔöüÔöüÔöüÔöüÔöüÔöü 218.3/218.3 kB 4.4 MB/s eta 0:00:00
#10 1171.7 Downloading ml_dtypes-0.5.4-cp311-cp311-manylinux_2_27_x86_64.manylinux_2_28_x86_64.whl (5.0 MB)
#10 1173.1    ÔöüÔöüÔöüÔöüÔöüÔöüÔöüÔöüÔöüÔöüÔöüÔöüÔöüÔöüÔöüÔöüÔöüÔöüÔöüÔöüÔöüÔöüÔöüÔöüÔöüÔöüÔöüÔöüÔöüÔöüÔöüÔöüÔöüÔöüÔöüÔöüÔöüÔöüÔöüÔöü 5.0/5.0 MB 3.7 MB/s eta 0:00:00
#10 1173.1 Downloading msgpack-1.1.2-cp311-cp311-manylinux2014_x86_64.manylinux_2_17_x86_64.manylinux_2_28_x86_64.whl (426 kB)
#10 1173.2    ÔöüÔöüÔöüÔöüÔöüÔöüÔöüÔöüÔöüÔöüÔöüÔöüÔöüÔöüÔöüÔöüÔöüÔöüÔöüÔöüÔöüÔöüÔöüÔöüÔöüÔöüÔöüÔöüÔöüÔöüÔöüÔöüÔöüÔöüÔöüÔöüÔöüÔöüÔöüÔöü 426.2/426.2 kB 4.0 MB/s eta 0:00:00
#10 1173.3 Downloading multidict-6.7.1-cp311-cp311-manylinux2014_x86_64.manylinux_2_17_x86_64.manylinux_2_28_x86_64.whl (246 kB)
#10 1173.4    ÔöüÔöüÔöüÔöüÔöüÔöüÔöüÔöüÔöüÔöüÔöüÔöüÔöüÔöüÔöüÔöüÔöüÔöüÔöüÔöüÔöüÔöüÔöüÔöüÔöüÔöüÔöüÔöüÔöüÔöüÔöüÔöüÔöüÔöüÔöüÔöüÔöüÔöüÔöüÔöü 246.3/246.3 kB 3.4 MB/s eta 0:00:00
#10 1173.4 Downloading mypy_extensions-1.1.0-py3-none-any.whl (5.0 kB)
#10 1173.4 Downloading networkx-3.6.1-py3-none-any.whl (2.1 MB)
#10 1174.0    ÔöüÔöüÔöüÔöüÔöüÔöüÔöüÔöüÔöüÔöüÔöüÔöüÔöüÔöüÔöüÔöüÔöüÔöüÔöüÔöüÔöüÔöüÔöüÔöüÔöüÔöüÔöüÔöüÔöüÔöüÔöüÔöüÔöüÔöüÔöüÔöüÔöüÔöüÔöüÔöü 2.1/2.1 MB 3.5 MB/s eta 0:00:00
#10 1174.1 Downloading numba-0.64.0-cp311-cp311-manylinux2014_x86_64.manylinux_2_17_x86_64.whl (3.7 MB)
#10 1175.3    ÔöüÔöüÔöüÔöüÔöüÔöüÔöüÔöüÔöüÔöüÔöüÔöüÔöüÔöüÔöüÔöüÔöüÔöüÔöüÔöüÔöüÔöüÔöüÔöüÔöüÔöüÔöüÔöüÔöüÔöüÔöüÔöüÔöüÔöüÔöüÔöüÔöüÔöüÔöüÔöü 3.7/3.7 MB 3.1 MB/s eta 0:00:00
#10 1175.3 Downloading opt_einsum-3.4.0-py3-none-any.whl (71 kB)
#10 1175.4    ÔöüÔöüÔöüÔöüÔöüÔöüÔöüÔöüÔöüÔöüÔöüÔöüÔöüÔöüÔöüÔöüÔöüÔöüÔöüÔöüÔöüÔöüÔöüÔöüÔöüÔöüÔöüÔöüÔöüÔöüÔöüÔöüÔöüÔöüÔöüÔöüÔöüÔöüÔöüÔöü 71.9/71.9 kB 4.7 MB/s eta 0:00:00
#10 1175.4 Downloading ordered_set-4.1.0-py3-none-any.whl (7.6 kB)
#10 1175.4 Downloading packaging-26.0-py3-none-any.whl (74 kB)
#10 1175.5    ÔöüÔöüÔöüÔöüÔöüÔöüÔöüÔöüÔöüÔöüÔöüÔöüÔöüÔöüÔöüÔöüÔöüÔöüÔöüÔöüÔöüÔöüÔöüÔöüÔöüÔöüÔöüÔöüÔöüÔöüÔöüÔöüÔöüÔöüÔöüÔöüÔöüÔöüÔöüÔöü 74.4/74.4 kB 4.7 MB/s eta 0:00:00
#10 1175.5 Downloading pandas-3.0.1-cp311-cp311-manylinux_2_24_x86_64.manylinux_2_28_x86_64.whl (11.3 MB)
#10 1177.6    ÔöüÔöüÔöüÔöüÔöüÔöüÔöüÔöüÔöüÔöüÔöüÔöüÔöüÔöüÔöüÔöüÔöüÔöüÔöüÔöüÔöüÔöüÔöüÔöüÔöüÔöüÔöüÔöüÔöüÔöüÔöüÔöüÔöüÔöüÔöüÔöüÔöüÔöüÔöüÔöü 11.3/11.3 MB 5.4 MB/s eta 0:00:00
#10 1177.7 Downloading pathspec-1.0.4-py3-none-any.whl (55 kB)
#10 1177.7    ÔöüÔöüÔöüÔöüÔöüÔöüÔöüÔöüÔöüÔöüÔöüÔöüÔöüÔöüÔöüÔöüÔöüÔöüÔöüÔöüÔöüÔöüÔöüÔöüÔöüÔöüÔöüÔöüÔöüÔöüÔöüÔöüÔöüÔöüÔöüÔöüÔöüÔöüÔöüÔöü 55.2/55.2 kB 4.9 MB/s eta 0:00:00
#10 1177.7 Downloading pillow-12.1.1-cp311-cp311-manylinux_2_27_x86_64.manylinux_2_28_x86_64.whl (7.0 MB)
#10 1179.1    ÔöüÔöüÔöüÔöüÔöüÔöüÔöüÔöüÔöüÔöüÔöüÔöüÔöüÔöüÔöüÔöüÔöüÔöüÔöüÔöüÔöüÔöüÔöüÔöüÔöüÔöüÔöüÔöüÔöüÔöüÔöüÔöüÔöüÔöüÔöüÔöüÔöüÔöüÔöüÔöü 7.0/7.0 MB 5.3 MB/s eta 0:00:00
#10 1179.1 Downloading platformdirs-4.9.2-py3-none-any.whl (21 kB)
#10 1179.2 Downloading pluggy-1.6.0-py3-none-any.whl (20 kB)
#10 1179.2 Downloading pooch-1.9.0-py3-none-any.whl (67 kB)
#10 1179.2    ÔöüÔöüÔöüÔöüÔöüÔöüÔöüÔöüÔöüÔöüÔöüÔöüÔöüÔöüÔöüÔöüÔöüÔöüÔöüÔöüÔöüÔöüÔöüÔöüÔöüÔöüÔöüÔöüÔöüÔöüÔöüÔöüÔöüÔöüÔöüÔöüÔöüÔöüÔöüÔöü 67.2/67.2 kB 3.3 MB/s eta 0:00:00
#10 1179.3 Downloading propcache-0.4.1-cp311-cp311-manylinux2014_x86_64.manylinux_2_17_x86_64.manylinux_2_28_x86_64.whl (210 kB)
#10 1179.3    ÔöüÔöüÔöüÔöüÔöüÔöüÔöüÔöüÔöüÔöüÔöüÔöüÔöüÔöüÔöüÔöüÔöüÔöüÔöüÔöüÔöüÔöüÔöüÔöüÔöüÔöüÔöüÔöüÔöüÔöüÔöüÔöüÔöüÔöüÔöüÔöüÔöüÔöüÔöüÔöü 210.0/210.0 kB 4.2 MB/s eta 0:00:00
#10 1179.4 Downloading protobuf-7.34.0-cp310-abi3-manylinux2014_x86_64.whl (324 kB)
#10 1179.5    ÔöüÔöüÔöüÔöüÔöüÔöüÔöüÔöüÔöüÔöüÔöüÔöüÔöüÔöüÔöüÔöüÔöüÔöüÔöüÔöüÔöüÔöüÔöüÔöüÔöüÔöüÔöüÔöüÔöüÔöüÔöüÔöüÔöüÔöüÔöüÔöüÔöüÔöüÔöüÔöü 324.3/324.3 kB 2.6 MB/s eta 0:00:00
#10 1179.6 Downloading psutil-7.2.2-cp36-abi3-manylinux2010_x86_64.manylinux_2_12_x86_64.manylinux_2_28_x86_64.whl (155 kB)
#10 1179.6    ÔöüÔöüÔöüÔöüÔöüÔöüÔöüÔöüÔöüÔöüÔöüÔöüÔöüÔöüÔöüÔöüÔöüÔöüÔöüÔöüÔöüÔöüÔöüÔöüÔöüÔöüÔöüÔöüÔöüÔöüÔöüÔöüÔöüÔöüÔöüÔöüÔöüÔöüÔöüÔöü 155.6/155.6 kB 3.4 MB/s eta 0:00:00
#10 1179.7 Downloading pyarrow-23.0.1-cp311-cp311-manylinux_2_28_x86_64.whl (47.6 MB)
#10 1189.2    ÔöüÔöüÔöüÔöüÔöüÔöüÔöüÔöüÔöüÔöüÔöüÔöüÔöüÔöüÔöüÔöüÔöüÔöüÔöüÔöüÔöüÔöüÔöüÔöüÔöüÔöüÔöüÔöüÔöüÔöüÔöüÔöüÔöüÔöüÔöüÔöüÔöüÔöüÔöüÔöü 47.6/47.6 MB 6.1 MB/s eta 0:00:00
#10 1189.2 Downloading pygments-2.19.2-py3-none-any.whl (1.2 MB)
#10 1189.5    ÔöüÔöüÔöüÔöüÔöüÔöüÔöüÔöüÔöüÔöüÔöüÔöüÔöüÔöüÔöüÔöüÔöüÔöüÔöüÔöüÔöüÔöüÔöüÔöüÔöüÔöüÔöüÔöüÔöüÔöüÔöüÔöüÔöüÔöüÔöüÔöüÔöüÔöüÔöüÔöü 1.2/1.2 MB 5.5 MB/s eta 0:00:00
#10 1189.5 Downloading pyparsing-3.3.2-py3-none-any.whl (122 kB)
#10 1189.5    ÔöüÔöüÔöüÔöüÔöüÔöüÔöüÔöüÔöüÔöüÔöüÔöüÔöüÔöüÔöüÔöüÔöüÔöüÔöüÔöüÔöüÔöüÔöüÔöüÔöüÔöüÔöüÔöüÔöüÔöüÔöüÔöüÔöüÔöüÔöüÔöüÔöüÔöüÔöüÔöü 122.8/122.8 kB 5.4 MB/s eta 0:00:00
#10 1189.6 Downloading python_dateutil-2.9.0.post0-py2.py3-none-any.whl (229 kB)
#10 1189.6    ÔöüÔöüÔöüÔöüÔöüÔöüÔöüÔöüÔöüÔöüÔöüÔöüÔöüÔöüÔöüÔöüÔöüÔöüÔöüÔöüÔöüÔöüÔöüÔöüÔöüÔöüÔöüÔöüÔöüÔöüÔöüÔöüÔöüÔöüÔöüÔöüÔöüÔöüÔöüÔöü 229.9/229.9 kB 3.5 MB/s eta 0:00:00
#10 1189.7 Downloading pytokens-0.4.1-cp311-cp311-manylinux2014_x86_64.manylinux_2_17_x86_64.manylinux_2_28_x86_64.whl (260 kB)
#10 1189.7    ÔöüÔöüÔöüÔöüÔöüÔöüÔöüÔöüÔöüÔöüÔöüÔöüÔöüÔöüÔöüÔöüÔöüÔöüÔöüÔöüÔöüÔöüÔöüÔöüÔöüÔöüÔöüÔöüÔöüÔöüÔöüÔöüÔöüÔöüÔöüÔöüÔöüÔöüÔöüÔöü 260.8/260.8 kB 3.3 MB/s eta 0:00:00
#10 1189.8 Downloading pyyaml-6.0.3-cp311-cp311-manylinux2014_x86_64.manylinux_2_17_x86_64.manylinux_2_28_x86_64.whl (806 kB)
#10 1190.0    ÔöüÔöüÔöüÔöüÔöüÔöüÔöüÔöüÔöüÔöüÔöüÔöüÔöüÔöüÔöüÔöüÔöüÔöüÔöüÔöüÔöüÔöüÔöüÔöüÔöüÔöüÔöüÔöüÔöüÔöüÔöüÔöüÔöüÔöüÔöüÔöüÔöüÔöüÔöüÔöü 806.6/806.6 kB 4.7 MB/s eta 0:00:00
#10 1190.0 Downloading regex-2026.2.28-cp311-cp311-manylinux2014_x86_64.manylinux_2_17_x86_64.manylinux_2_28_x86_64.whl (800 kB)
#10 1190.1    ÔöüÔöüÔöüÔöüÔöüÔöüÔöüÔöüÔöüÔöüÔöüÔöüÔöüÔöüÔöüÔöüÔöüÔöüÔöüÔöüÔöüÔöüÔöüÔöüÔöüÔöüÔöüÔöüÔöüÔöüÔöüÔöüÔöüÔöüÔöüÔöüÔöüÔöüÔöüÔöü 800.2/800.2 kB 6.1 MB/s eta 0:00:00
#10 1190.2 Downloading requests-2.32.5-py3-none-any.whl (64 kB)
#10 1190.2    ÔöüÔöüÔöüÔöüÔöüÔöüÔöüÔöüÔöüÔöüÔöüÔöüÔöüÔöüÔöüÔöüÔöüÔöüÔöüÔöüÔöüÔöüÔöüÔöüÔöüÔöüÔöüÔöüÔöüÔöüÔöüÔöüÔöüÔöüÔöüÔöüÔöüÔöüÔöüÔöü 64.7/64.7 kB 9.5 MB/s eta 0:00:00
#10 1190.2 Downloading certifi-2026.2.25-py3-none-any.whl (153 kB)
#10 1190.3    ÔöüÔöüÔöüÔöüÔöüÔöüÔöüÔöüÔöüÔöüÔöüÔöüÔöüÔöüÔöüÔöüÔöüÔöüÔöüÔöüÔöüÔöüÔöüÔöüÔöüÔöüÔöüÔöüÔöüÔöüÔöüÔöüÔöüÔöüÔöüÔöüÔöüÔöüÔöüÔöü 153.7/153.7 kB 5.3 MB/s eta 0:00:00
#10 1190.3 Downloading idna-3.11-py3-none-any.whl (71 kB)
#10 1190.3    ÔöüÔöüÔöüÔöüÔöüÔöüÔöüÔöüÔöüÔöüÔöüÔöüÔöüÔöüÔöüÔöüÔöüÔöüÔöüÔöüÔöüÔöüÔöüÔöüÔöüÔöüÔöüÔöüÔöüÔöüÔöüÔöüÔöüÔöüÔöüÔöüÔöüÔöüÔöüÔöü 71.0/71.0 kB 6.0 MB/s eta 0:00:00
#10 1190.4 Downloading safetensors-0.7.0-cp38-abi3-manylinux_2_17_x86_64.manylinux2014_x86_64.whl (507 kB)
#10 1190.4    ÔöüÔöüÔöüÔöüÔöüÔöüÔöüÔöüÔöüÔöüÔöüÔöüÔöüÔöüÔöüÔöüÔöüÔöüÔöüÔöüÔöüÔöüÔöüÔöüÔöüÔöüÔöüÔöüÔöüÔöüÔöüÔöüÔöüÔöüÔöüÔöüÔöüÔöüÔöüÔöü 507.2/507.2 kB 5.5 MB/s eta 0:00:00
#10 1190.5 Downloading scikit_learn-1.8.0-cp311-cp311-manylinux_2_27_x86_64.manylinux_2_28_x86_64.whl (9.1 MB)
#10 1192.5    ÔöüÔöüÔöüÔöüÔöüÔöüÔöüÔöüÔöüÔöüÔöüÔöüÔöüÔöüÔöüÔöüÔöüÔöüÔöüÔöüÔöüÔöüÔöüÔöüÔöüÔöüÔöüÔöüÔöüÔöüÔöüÔöüÔöüÔöüÔöüÔöüÔöüÔöüÔöüÔöü 9.1/9.1 MB 4.5 MB/s eta 0:00:00
#10 1192.6 Downloading six-1.17.0-py2.py3-none-any.whl (11 kB)
#10 1192.6 Downloading soxr-1.0.0-cp311-cp311-manylinux_2_27_x86_64.manylinux_2_28_x86_64.whl (242 kB)
#10 1192.7    ÔöüÔöüÔöüÔöüÔöüÔöüÔöüÔöüÔöüÔöüÔöüÔöüÔöüÔöüÔöüÔöüÔöüÔöüÔöüÔöüÔöüÔöüÔöüÔöüÔöüÔöüÔöüÔöüÔöüÔöüÔöüÔöüÔöüÔöüÔöüÔöüÔöüÔöüÔöüÔöü 242.6/242.6 kB 4.4 MB/s eta 0:00:00
#10 1192.7 Downloading starlette-0.52.1-py3-none-any.whl (74 kB)
#10 1192.7    ÔöüÔöüÔöüÔöüÔöüÔöüÔöüÔöüÔöüÔöüÔöüÔöüÔöüÔöüÔöüÔöüÔöüÔöüÔöüÔöüÔöüÔöüÔöüÔöüÔöüÔöüÔöüÔöüÔöüÔöüÔöüÔöüÔöüÔöüÔöüÔöüÔöüÔöüÔöüÔöü 74.3/74.3 kB 3.9 MB/s eta 0:00:00
#10 1192.8 Downloading anyio-4.12.1-py3-none-any.whl (113 kB)
#10 1192.8    ÔöüÔöüÔöüÔöüÔöüÔöüÔöüÔöüÔöüÔöüÔöüÔöüÔöüÔöüÔöüÔöüÔöüÔöüÔöüÔöüÔöüÔöüÔöüÔöüÔöüÔöüÔöüÔöüÔöüÔöüÔöüÔöüÔöüÔöüÔöüÔöüÔöüÔöüÔöüÔöü 113.6/113.6 kB 3.4 MB/s eta 0:00:00
#10 1192.8 Downloading sympy-1.14.0-py3-none-any.whl (6.3 MB)
#10 1194.2    ÔöüÔöüÔöüÔöüÔöüÔöüÔöüÔöüÔöüÔöüÔöüÔöüÔöüÔöüÔöüÔöüÔöüÔöüÔöüÔöüÔöüÔöüÔöüÔöüÔöüÔöüÔöüÔöüÔöüÔöüÔöüÔöüÔöüÔöüÔöüÔöüÔöüÔöüÔöüÔöü 6.3/6.3 MB 4.6 MB/s eta 0:00:00
#10 1194.3 Downloading tensorboard-2.20.0-py3-none-any.whl (5.5 MB)
#10 1195.9    ÔöüÔöüÔöüÔöüÔöüÔöüÔöüÔöüÔöüÔöüÔöüÔöüÔöüÔöüÔöüÔöüÔöüÔöüÔöüÔöüÔöüÔöüÔöüÔöüÔöüÔöüÔöüÔöüÔöüÔöüÔöüÔöüÔöüÔöüÔöüÔöüÔöüÔöüÔöüÔöü 5.5/5.5 MB 3.4 MB/s eta 0:00:00
#10 1195.9 Downloading termcolor-3.3.0-py3-none-any.whl (7.7 kB)
#10 1196.0 Downloading tf_keras-2.20.1-py3-none-any.whl (1.7 MB)
#10 1196.2    ÔöüÔöüÔöüÔöüÔöüÔöüÔöüÔöüÔöüÔöüÔöüÔöüÔöüÔöüÔöüÔöüÔöüÔöüÔöüÔöüÔöüÔöüÔöüÔöüÔöüÔöüÔöüÔöüÔöüÔöüÔöüÔöüÔöüÔöüÔöüÔöüÔöüÔöüÔöüÔöü 1.7/1.7 MB 6.1 MB/s eta 0:00:00
#10 1196.3 Downloading tokenizers-0.22.2-cp39-abi3-manylinux_2_17_x86_64.manylinux2014_x86_64.whl (3.3 MB)
#10 1196.9    ÔöüÔöüÔöüÔöüÔöüÔöüÔöüÔöüÔöüÔöüÔöüÔöüÔöüÔöüÔöüÔöüÔöüÔöüÔöüÔöüÔöüÔöüÔöüÔöüÔöüÔöüÔöüÔöüÔöüÔöüÔöüÔöüÔöüÔöüÔöüÔöüÔöüÔöüÔöüÔöü 3.3/3.3 MB 5.6 MB/s eta 0:00:00
#10 1196.9 Downloading tqdm-4.67.3-py3-none-any.whl (78 kB)
#10 1196.9    ÔöüÔöüÔöüÔöüÔöüÔöüÔöüÔöüÔöüÔöüÔöüÔöüÔöüÔöüÔöüÔöüÔöüÔöüÔöüÔöüÔöüÔöüÔöüÔöüÔöüÔöüÔöüÔöüÔöüÔöüÔöüÔöüÔöüÔöüÔöüÔöüÔöüÔöüÔöüÔöü 78.4/78.4 kB 8.4 MB/s eta 0:00:00
#10 1197.0 Downloading typing_extensions-4.15.0-py3-none-any.whl (44 kB)
#10 1197.0    ÔöüÔöüÔöüÔöüÔöüÔöüÔöüÔöüÔöüÔöüÔöüÔöüÔöüÔöüÔöüÔöüÔöüÔöüÔöüÔöüÔöüÔöüÔöüÔöüÔöüÔöüÔöüÔöüÔöüÔöüÔöüÔöüÔöüÔöüÔöüÔöüÔöüÔöüÔöüÔöü 44.6/44.6 kB 5.8 MB/s eta 0:00:00
#10 1197.0 Downloading typing_inspection-0.4.2-py3-none-any.whl (14 kB)
#10 1197.1 Downloading uvloop-0.22.1-cp311-cp311-manylinux2014_x86_64.manylinux_2_17_x86_64.manylinux_2_28_x86_64.whl (3.8 MB)
#10 1197.7    ÔöüÔöüÔöüÔöüÔöüÔöüÔöüÔöüÔöüÔöüÔöüÔöüÔöüÔöüÔöüÔöüÔöüÔöüÔöüÔöüÔöüÔöüÔöüÔöüÔöüÔöüÔöüÔöüÔöüÔöüÔöüÔöüÔöüÔöüÔöüÔöüÔöüÔöüÔöüÔöü 3.8/3.8 MB 5.6 MB/s eta 0:00:00
#10 1197.8 Downloading watchfiles-1.1.1-cp311-cp311-manylinux_2_17_x86_64.manylinux2014_x86_64.whl (456 kB)
#10 1197.9    ÔöüÔöüÔöüÔöüÔöüÔöüÔöüÔöüÔöüÔöüÔöüÔöüÔöüÔöüÔöüÔöüÔöüÔöüÔöüÔöüÔöüÔöüÔöüÔöüÔöüÔöüÔöüÔöüÔöüÔöüÔöüÔöüÔöüÔöüÔöüÔöüÔöüÔöüÔöüÔöü 456.1/456.1 kB 3.4 MB/s eta 0:00:00
#10 1198.0 Downloading wrapt-2.1.1-cp311-cp311-manylinux1_x86_64.manylinux_2_28_x86_64.manylinux_2_5_x86_64.whl (113 kB)
#10 1198.0    ÔöüÔöüÔöüÔöüÔöüÔöüÔöüÔöüÔöüÔöüÔöüÔöüÔöüÔöüÔöüÔöüÔöüÔöüÔöüÔöüÔöüÔöüÔöüÔöüÔöüÔöüÔöüÔöüÔöüÔöüÔöüÔöüÔöüÔöüÔöüÔöüÔöüÔöüÔöüÔöü 113.9/113.9 kB 3.1 MB/s eta 0:00:00
#10 1198.1 Downloading yarl-1.23.0-cp311-cp311-manylinux2014_x86_64.manylinux_2_17_x86_64.manylinux_2_28_x86_64.whl (102 kB)
#10 1198.1    ÔöüÔöüÔöüÔöüÔöüÔöüÔöüÔöüÔöüÔöüÔöüÔöüÔöüÔöüÔöüÔöüÔöüÔöüÔöüÔöüÔöüÔöüÔöüÔöüÔöüÔöüÔöüÔöüÔöüÔöüÔöüÔöüÔöüÔöüÔöüÔöüÔöüÔöüÔöüÔöü 102.7/102.7 kB 3.3 MB/s eta 0:00:00
#10 1198.2 Downloading jinja2-3.1.6-py3-none-any.whl (134 kB)
#10 1198.2    ÔöüÔöüÔöüÔöüÔöüÔöüÔöüÔöüÔöüÔöüÔöüÔöüÔöüÔöüÔöüÔöüÔöüÔöüÔöüÔöüÔöüÔöüÔöüÔöüÔöüÔöüÔöüÔöüÔöüÔöüÔöüÔöüÔöüÔöüÔöüÔöüÔöüÔöüÔöüÔöü 134.9/134.9 kB 3.5 MB/s eta 0:00:00
#10 1198.3 Downloading mako-1.3.10-py3-none-any.whl (78 kB)
#10 1198.3    ÔöüÔöüÔöüÔöüÔöüÔöüÔöüÔöüÔöüÔöüÔöüÔöüÔöüÔöüÔöüÔöüÔöüÔöüÔöüÔöüÔöüÔöüÔöüÔöüÔöüÔöüÔöüÔöüÔöüÔöüÔöüÔöüÔöüÔöüÔöüÔöüÔöüÔöüÔöüÔöü 78.5/78.5 kB 5.7 MB/s eta 0:00:00
#10 1198.3 Downloading typer_slim-0.24.0-py3-none-any.whl (3.4 kB)
#10 1198.4 Downloading tzlocal-5.3.1-py3-none-any.whl (18 kB)
#10 1198.4 Downloading amqp-5.3.1-py3-none-any.whl (50 kB)
#10 1198.4    ÔöüÔöüÔöüÔöüÔöüÔöüÔöüÔöüÔöüÔöüÔöüÔöüÔöüÔöüÔöüÔöüÔöüÔöüÔöüÔöüÔöüÔöüÔöüÔöüÔöüÔöüÔöüÔöüÔöüÔöüÔöüÔöüÔöüÔöüÔöüÔöüÔöüÔöüÔöüÔöü 50.9/50.9 kB 5.3 MB/s eta 0:00:00
#10 1198.5 Downloading charset_normalizer-3.4.4-cp311-cp311-manylinux2014_x86_64.manylinux_2_17_x86_64.manylinux_2_28_x86_64.whl (151 kB)
#10 1198.6    ÔöüÔöüÔöüÔöüÔöüÔöüÔöüÔöüÔöüÔöüÔöüÔöüÔöüÔöüÔöüÔöüÔöüÔöüÔöüÔöüÔöüÔöüÔöüÔöüÔöüÔöüÔöüÔöüÔöüÔöüÔöüÔöüÔöüÔöüÔöüÔöüÔöüÔöüÔöüÔöü 151.6/151.6 kB 4.8 MB/s eta 0:00:00
#10 1198.6 Downloading cuda_pathfinder-1.4.0-py3-none-any.whl (38 kB)
#10 1198.6 Downloading hf_xet-1.3.2-cp37-abi3-manylinux2014_x86_64.manylinux_2_17_x86_64.whl (4.2 MB)
#10 1199.3    ÔöüÔöüÔöüÔöüÔöüÔöüÔöüÔöüÔöüÔöüÔöüÔöüÔöüÔöüÔöüÔöüÔöüÔöüÔöüÔöüÔöüÔöüÔöüÔöüÔöüÔöüÔöüÔöüÔöüÔöüÔöüÔöüÔöüÔöüÔöüÔöüÔöüÔöüÔöüÔöü 4.2/4.2 MB 6.0 MB/s eta 0:00:00
#10 1199.4 Downloading kagglesdk-0.1.16-py3-none-any.whl (160 kB)
#10 1199.4    ÔöüÔöüÔöüÔöüÔöüÔöüÔöüÔöüÔöüÔöüÔöüÔöüÔöüÔöüÔöüÔöüÔöüÔöüÔöüÔöüÔöüÔöüÔöüÔöüÔöüÔöüÔöüÔöüÔöüÔöüÔöüÔöüÔöüÔöüÔöüÔöüÔöüÔöüÔöüÔöü 160.5/160.5 kB 6.1 MB/s eta 0:00:00
#10 1199.4 Downloading llvmlite-0.46.0-cp311-cp311-manylinux2014_x86_64.manylinux_2_17_x86_64.whl (56.3 MB)
#10 1210.2    ÔöüÔöüÔöüÔöüÔöüÔöüÔöüÔöüÔöüÔöüÔöüÔöüÔöüÔöüÔöüÔöüÔöüÔöüÔöüÔöüÔöüÔöüÔöüÔöüÔöüÔöüÔöüÔöüÔöüÔöüÔöüÔöüÔöüÔöüÔöüÔöüÔöüÔöüÔöüÔöü 56.3/56.3 MB 5.8 MB/s eta 0:00:00
#10 1210.2 Downloading markdown-3.10.2-py3-none-any.whl (108 kB)
#10 1210.3    ÔöüÔöüÔöüÔöüÔöüÔöüÔöüÔöüÔöüÔöüÔöüÔöüÔöüÔöüÔöüÔöüÔöüÔöüÔöüÔöüÔöüÔöüÔöüÔöüÔöüÔöüÔöüÔöüÔöüÔöüÔöüÔöüÔöüÔöüÔöüÔöüÔöüÔöüÔöüÔöü 108.2/108.2 kB 3.4 MB/s eta 0:00:00
#10 1210.3 Downloading markupsafe-3.0.3-cp311-cp311-manylinux2014_x86_64.manylinux_2_17_x86_64.manylinux_2_28_x86_64.whl (22 kB)
#10 1210.3 Downloading mpmath-1.3.0-py3-none-any.whl (536 kB)
#10 1210.5    ÔöüÔöüÔöüÔöüÔöüÔöüÔöüÔöüÔöüÔöüÔöüÔöüÔöüÔöüÔöüÔöüÔöüÔöüÔöüÔöüÔöüÔöüÔöüÔöüÔöüÔöüÔöüÔöüÔöüÔöüÔöüÔöüÔöüÔöüÔöüÔöüÔöüÔöüÔöüÔöü 536.2/536.2 kB 3.3 MB/s eta 0:00:00
#10 1210.6 Downloading prompt_toolkit-3.0.52-py3-none-any.whl (391 kB)
#10 1210.7    ÔöüÔöüÔöüÔöüÔöüÔöüÔöüÔöüÔöüÔöüÔöüÔöüÔöüÔöüÔöüÔöüÔöüÔöüÔöüÔöüÔöüÔöüÔöüÔöüÔöüÔöüÔöüÔöüÔöüÔöüÔöüÔöüÔöüÔöüÔöüÔöüÔöüÔöüÔöüÔöü 391.4/391.4 kB 4.2 MB/s eta 0:00:00
#10 1210.7 Downloading tensorboard_data_server-0.7.2-py3-none-manylinux_2_31_x86_64.whl (6.6 MB)
#10 1212.4    ÔöüÔöüÔöüÔöüÔöüÔöüÔöüÔöüÔöüÔöüÔöüÔöüÔöüÔöüÔöüÔöüÔöüÔöüÔöüÔöüÔöüÔöüÔöüÔöüÔöüÔöüÔöüÔöüÔöüÔöüÔöüÔöüÔöüÔöüÔöüÔöüÔöüÔöüÔöüÔöü 6.6/6.6 MB 4.0 MB/s eta 0:00:00
#10 1212.4 Downloading threadpoolctl-3.6.0-py3-none-any.whl (18 kB)
#10 1212.5 Downloading typer-0.24.1-py3-none-any.whl (56 kB)
#10 1212.5    ÔöüÔöüÔöüÔöüÔöüÔöüÔöüÔöüÔöüÔöüÔöüÔöüÔöüÔöüÔöüÔöüÔöüÔöüÔöüÔöüÔöüÔöüÔöüÔöüÔöüÔöüÔöüÔöüÔöüÔöüÔöüÔöüÔöüÔöüÔöüÔöüÔöüÔöüÔöüÔöü 56.1/56.1 kB 6.6 MB/s eta 0:00:00
#10 1212.5 Downloading rich-14.3.3-py3-none-any.whl (310 kB)
#10 1212.6    ÔöüÔöüÔöüÔöüÔöüÔöüÔöüÔöüÔöüÔöüÔöüÔöüÔöüÔöüÔöüÔöüÔöüÔöüÔöüÔöüÔöüÔöüÔöüÔöüÔöüÔöüÔöüÔöüÔöüÔöüÔöüÔöüÔöüÔöüÔöüÔöüÔöüÔöüÔöüÔöü 310.5/310.5 kB 5.3 MB/s eta 0:00:00
#10 1212.6 Downloading tzdata-2025.3-py2.py3-none-any.whl (348 kB)
#10 1212.7    ÔöüÔöüÔöüÔöüÔöüÔöüÔöüÔöüÔöüÔöüÔöüÔöüÔöüÔöüÔöüÔöüÔöüÔöüÔöüÔöüÔöüÔöüÔöüÔöüÔöüÔöüÔöüÔöüÔöüÔöüÔöüÔöüÔöüÔöüÔöüÔöüÔöüÔöüÔöüÔöü 348.5/348.5 kB 3.9 MB/s eta 0:00:00
#10 1212.8 Downloading urllib3-2.6.3-py3-none-any.whl (131 kB)
#10 1212.8    ÔöüÔöüÔöüÔöüÔöüÔöüÔöüÔöüÔöüÔöüÔöüÔöüÔöüÔöüÔöüÔöüÔöüÔöüÔöüÔöüÔöüÔöüÔöüÔöüÔöüÔöüÔöüÔöüÔöüÔöüÔöüÔöüÔöüÔöüÔöüÔöüÔöüÔöüÔöüÔöü 131.6/131.6 kB 5.6 MB/s eta 0:00:00
#10 1212.9 Downloading werkzeug-3.1.6-py3-none-any.whl (225 kB)
#10 1212.9    ÔöüÔöüÔöüÔöüÔöüÔöüÔöüÔöüÔöüÔöüÔöüÔöüÔöüÔöüÔöüÔöüÔöüÔöüÔöüÔöüÔöüÔöüÔöüÔöüÔöüÔöüÔöüÔöüÔöüÔöüÔöüÔöüÔöüÔöüÔöüÔöüÔöüÔöüÔöüÔöü 225.2/225.2 kB 4.5 MB/s eta 0:00:00
#10 1212.9 Downloading backports_strenum-1.2.8-py3-none-any.whl (7.9 kB)
#10 1213.0 Downloading namex-0.1.0-py3-none-any.whl (5.9 kB)
#10 1213.0 Downloading optree-0.19.0-cp311-cp311-manylinux_2_27_x86_64.manylinux_2_28_x86_64.whl (441 kB)
#10 1213.1    ÔöüÔöüÔöüÔöüÔöüÔöüÔöüÔöüÔöüÔöüÔöüÔöüÔöüÔöüÔöüÔöüÔöüÔöüÔöüÔöüÔöüÔöüÔöüÔöüÔöüÔöüÔöüÔöüÔöüÔöüÔöüÔöüÔöüÔöüÔöüÔöüÔöüÔöüÔöüÔöü 441.1/441.1 kB 4.0 MB/s eta 0:00:00
#10 1213.2 Downloading pycparser-3.0-py3-none-any.whl (48 kB)
#10 1213.2    ÔöüÔöüÔöüÔöüÔöüÔöüÔöüÔöüÔöüÔöüÔöüÔöüÔöüÔöüÔöüÔöüÔöüÔöüÔöüÔöüÔöüÔöüÔöüÔöüÔöüÔöüÔöüÔöüÔöüÔöüÔöüÔöüÔöüÔöüÔöüÔöüÔöüÔöüÔöüÔöü 48.2/48.2 kB 10.1 MB/s eta 0:00:00
#10 1213.2 Downloading markdown_it_py-4.0.0-py3-none-any.whl (87 kB)
#10 1213.3    ÔöüÔöüÔöüÔöüÔöüÔöüÔöüÔöüÔöüÔöüÔöüÔöüÔöüÔöüÔöüÔöüÔöüÔöüÔöüÔöüÔöüÔöüÔöüÔöüÔöüÔöüÔöüÔöüÔöüÔöüÔöüÔöüÔöüÔöüÔöüÔöüÔöüÔöüÔöüÔöü 87.3/87.3 kB 3.6 MB/s eta 0:00:00
#10 1213.3 Downloading shellingham-1.5.4-py2.py3-none-any.whl (9.8 kB)
#10 1213.3 Downloading wcwidth-0.6.0-py3-none-any.whl (94 kB)
#10 1213.4    ÔöüÔöüÔöüÔöüÔöüÔöüÔöüÔöüÔöüÔöüÔöüÔöüÔöüÔöüÔöüÔöüÔöüÔöüÔöüÔöüÔöüÔöüÔöüÔöüÔöüÔöüÔöüÔöüÔöüÔöüÔöüÔöüÔöüÔöüÔöüÔöüÔöüÔöüÔöüÔöü 94.2/94.2 kB 8.1 MB/s eta 0:00:00
#10 1213.4 Downloading mdurl-0.1.2-py3-none-any.whl (10.0 kB)
#10 1283.3 Installing collected packages: pydub, nvidia-cusparselt-cu12, namex, mpmath, libclang, flatbuffers, wrapt, websockets, wcwidth, vine, uvloop, urllib3, tzlocal, tzdata, typing-extensions, triton, tqdm, threadpoolctl, termcolor, tensorboard-data-server, sympy, six, shellingham, safetensors, ruff, regex, redis, pyyaml, pytokens, python-multipart, python-dotenv, pyparsing, pygments, pycparser, pyarrow, psutil, protobuf, propcache, pluggy, platformdirs, pillow, pathspec, packaging, ordered-set, opt_einsum, nvidia-nvtx-cu12, nvidia-nvshmem-cu12, nvidia-nvjitlink-cu12, nvidia-nccl-cu12, nvidia-curand-cu12, nvidia-cufile-cu12, nvidia-cuda-runtime-cu12, nvidia-cuda-nvrtc-cu12, nvidia-cuda-cupti-cu12, nvidia-cublas-cu12, numpy, networkx, mypy-extensions, multidict, msgpack, mdurl, MarkupSafe, markdown, llvmlite, librt, kiwisolver, joblib, iniconfig, idna, httptools, hf-xet, h11, greenlet, gast, fsspec, frozenlist, fonttools, filelock, decorator, cycler, cuda-pathfinder, coverage, click, charset_normalizer, certifi, billiard, backports.strenum, audioread, attrs, asyncpg, annotated-types, annotated-doc, aiosqlite, aiohappyeyeballs, absl-py, yarl, werkzeug, uvicorn, typing-inspection, sqlalchemy, soxr, scipy, requests, python-dateutil, pytest, pydantic-core, prompt-toolkit, optree, onnxruntime, nvidia-cusparse-cu12, nvidia-cufft-cu12, nvidia-cudnn-cu12, numba, mypy, ml_dtypes, markdown-it-py, Mako, lazy_loader, jinja2, httpcore, h5py, grpcio, google_pasta, cuda-bindings, contourpy, click-plugins, click-didyoumean, cffi, black, astunparse, anyio, amqp, aiosignal, ai-edge-litert, watchfiles, tensorboard, starlette, soundfile, scikit-learn, rich, pytest-cov, pytest-asyncio, pydantic, pooch, pandas, nvidia-cusolver-cu12, matplotlib, kombu, kagglesdk, httpx, click-repl, alembic, aiohttp, typer, torch, pydantic-settings, noisereduce, librosa, keras, kagglehub, fastapi, celery, typer-slim, tensorflow, huggingface-hub, tokenizers, tf-keras, birdnet, transformers, tensorflow-hub
#10 2397.2 Successfully installed Mako-1.3.10 MarkupSafe-3.0.3 absl-py-2.4.0 ai-edge-litert-2.1.2 aiohappyeyeballs-2.6.1 aiohttp-3.13.3 aiosignal-1.4.0 aiosqlite-0.22.1 alembic-1.18.4 amqp-5.3.1 annotated-doc-0.0.4 annotated-types-0.7.0 anyio-4.12.1 astunparse-1.6.3 asyncpg-0.31.0 attrs-25.4.0 audioread-3.1.0 backports.strenum-1.2.8 billiard-4.2.4 birdnet-0.2.12 black-26.1.0 celery-5.6.2 certifi-2026.2.25 cffi-2.0.0 charset_normalizer-3.4.4 click-8.3.1 click-didyoumean-0.3.1 click-plugins-1.1.1.2 click-repl-0.3.0 contourpy-1.3.3 coverage-7.13.4 cuda-bindings-12.9.4 cuda-pathfinder-1.4.0 cycler-0.12.1 decorator-5.2.1 fastapi-0.135.1 filelock-3.25.0 flatbuffers-25.12.19 fonttools-4.61.1 frozenlist-1.8.0 fsspec-2026.2.0 gast-0.7.0 google_pasta-0.2.0 greenlet-3.3.2 grpcio-1.78.0 h11-0.16.0 h5py-3.15.1 hf-xet-1.3.2 httpcore-1.0.9 httptools-0.7.1 httpx-0.28.1 huggingface-hub-1.5.0 idna-3.11 iniconfig-2.3.0 jinja2-3.1.6 joblib-1.5.3 kagglehub-1.0.0 kagglesdk-0.1.16 keras-3.13.2 kiwisolver-1.4.9 kombu-5.6.2 lazy_loader-0.4 libclang-18.1.1 librosa-0.11.0 librt-0.8.1 llvmlite-0.46.0 markdown-3.10.2 markdown-it-py-4.0.0 matplotlib-3.10.8 mdurl-0.1.2 ml_dtypes-0.5.4 mpmath-1.3.0 msgpack-1.1.2 multidict-6.7.1 mypy-1.19.1 mypy-extensions-1.1.0 namex-0.1.0 networkx-3.6.1 noisereduce-3.0.3 numba-0.64.0 numpy-2.4.2 nvidia-cublas-cu12-12.8.4.1 nvidia-cuda-cupti-cu12-12.8.90 nvidia-cuda-nvrtc-cu12-12.8.93 nvidia-cuda-runtime-cu12-12.8.90 nvidia-cudnn-cu12-9.10.2.21 nvidia-cufft-cu12-11.3.3.83 nvidia-cufile-cu12-1.13.1.3 nvidia-curand-cu12-10.3.9.90 nvidia-cusolver-cu12-11.7.3.90 nvidia-cusparse-cu12-12.5.8.93 nvidia-cusparselt-cu12-0.7.1 nvidia-nccl-cu12-2.27.5 nvidia-nvjitlink-cu12-12.8.93 nvidia-nvshmem-cu12-3.4.5 nvidia-nvtx-cu12-12.8.90 onnxruntime-1.24.2 opt_einsum-3.4.0 optree-0.19.0 ordered-set-4.1.0 packaging-26.0 pandas-3.0.1 pathspec-1.0.4 pillow-12.1.1 platformdirs-4.9.2 pluggy-1.6.0 pooch-1.9.0 prompt-toolkit-3.0.52 propcache-0.4.1 protobuf-7.34.0 psutil-7.2.2 pyarrow-23.0.1 pycparser-3.0 pydantic-2.12.5 pydantic-core-2.41.5 pydantic-settings-2.13.1 pydub-0.25.1 pygments-2.19.2 pyparsing-3.3.2 pytest-9.0.2 pytest-asyncio-1.3.0 pytest-cov-7.0.0 python-dateutil-2.9.0.post0 python-dotenv-1.2.2 python-multipart-0.0.22 pytokens-0.4.1 pyyaml-6.0.3 redis-7.2.1 regex-2026.2.28 requests-2.32.5 rich-14.3.3 ruff-0.15.4 safetensors-0.7.0 scikit-learn-1.8.0 scipy-1.17.1 shellingham-1.5.4 six-1.17.0 soundfile-0.13.1 soxr-1.0.0 sqlalchemy-2.0.48 starlette-0.52.1 sympy-1.14.0 tensorboard-2.20.0 tensorboard-data-server-0.7.2 tensorflow-2.20.0 tensorflow-hub-0.16.1 termcolor-3.3.0 tf-keras-2.20.1 threadpoolctl-3.6.0 tokenizers-0.22.2 torch-2.10.0 tqdm-4.67.3 transformers-5.2.0 triton-3.6.0 typer-0.24.1 typer-slim-0.24.0 typing-extensions-4.15.0 typing-inspection-0.4.2 tzdata-2025.3 tzlocal-5.3.1 urllib3-2.6.3 uvicorn-0.41.0 uvloop-0.22.1 vine-5.1.0 watchfiles-1.1.1 wcwidth-0.6.0 websockets-16.0 werkzeug-3.1.6 wrapt-2.1.1 yarl-1.23.0
#10 2397.3 WARNING: Running pip as the 'root' user can result in broken permissions and conflicting behaviour with the system package manager. It is recommended to use a virtual environment instead: https://pip.pypa.io/warnings/venv
#10 2398.7 
#10 2398.7 [notice] A new release of pip is available: 24.0 -> 26.0.1
#10 2398.7 [notice] To update, run: pip install --upgrade pip
#10 DONE 2425.2s

#11 [6/7] COPY . .
#11 DONE 263.6s

#12 [7/7] RUN mkdir -p models/birdnet
#12 DONE 5.3s

#13 exporting to image
#13 exporting layers
#13 exporting layers 1791.0s done
#13 exporting manifest sha256:20035fbe7772a7a8d90f524bdc75226c254269a4e26807f95897c6d52b35e803 0.1s done
#13 exporting config sha256:d86639e0c4e8d90728dfe656093a668ada2e9ad11f217fd51e294483d213fa1b 0.1s done
#13 exporting attestation manifest sha256:d94dfd3e6e61492d0c86b6052b90daac02e559e9b24ef05e7f2bbc7c7019c42f
#13 exporting attestation manifest sha256:d94dfd3e6e61492d0c86b6052b90daac02e559e9b24ef05e7f2bbc7c7019c42f 0.1s done
#13 exporting manifest list sha256:b42b8ee341e49877b7bbd532e790134fc41fb57104c0ed268b0457e0ebd0d802
#13 exporting manifest list sha256:b42b8ee341e49877b7bbd532e790134fc41fb57104c0ed268b0457e0ebd0d802 0.1s done
#13 naming to docker.io/library/birds-api:latest 0.1s done
#13 unpacking to docker.io/library/birds-api:latest
#13 unpacking to docker.io/library/birds-api:latest 453.2s done
#13 DONE 2244.8s

#14 resolving provenance for metadata file
#14 DONE 0.1s
 Image birds-api Built 
